Archive member included to satisfy reference by file (symbol)

C:/ST/STM32CubeIDE_1.16.1/STM32CubeIDE/plugins/com.st.stm32cube.ide.mcu.externaltools.gnu-tools-for-stm32.12.3.rel1.win32_1.1.0.202410251130/tools/bin/../lib/gcc/arm-none-eabi/12.3.1/../../../../arm-none-eabi/lib/thumb/v7e-m+fp/hard\libc_nano.a(libc_a-exit.o)
                              C:/ST/STM32CubeIDE_1.16.1/STM32CubeIDE/plugins/com.st.stm32cube.ide.mcu.externaltools.gnu-tools-for-stm32.12.3.rel1.win32_1.1.0.202410251130/tools/bin/../lib/gcc/arm-none-eabi/12.3.1/../../../../arm-none-eabi/lib/thumb/v7e-m+fp/hard/crt0.o (exit)
C:/ST/STM32CubeIDE_1.16.1/STM32CubeIDE/plugins/com.st.stm32cube.ide.mcu.externaltools.gnu-tools-for-stm32.12.3.rel1.win32_1.1.0.202410251130/tools/bin/../lib/gcc/arm-none-eabi/12.3.1/../../../../arm-none-eabi/lib/thumb/v7e-m+fp/hard\libc_nano.a(libc_a-strtol.o)
                              ./Core/Src/main.o (strtol)
C:/ST/STM32CubeIDE_1.16.1/STM32CubeIDE/plugins/com.st.stm32cube.ide.mcu.externaltools.gnu-tools-for-stm32.12.3.rel1.win32_1.1.0.202410251130/tools/bin/../lib/gcc/arm-none-eabi/12.3.1/../../../../arm-none-eabi/lib/thumb/v7e-m+fp/hard\libc_nano.a(libc_a-ctype_.o)
                              C:/ST/STM32CubeIDE_1.16.1/STM32CubeIDE/plugins/com.st.stm32cube.ide.mcu.externaltools.gnu-tools-for-stm32.12.3.rel1.win32_1.1.0.202410251130/tools/bin/../lib/gcc/arm-none-eabi/12.3.1/../../../../arm-none-eabi/lib/thumb/v7e-m+fp/hard\libc_nano.a(libc_a-strtol.o) (_ctype_)
C:/ST/STM32CubeIDE_1.16.1/STM32CubeIDE/plugins/com.st.stm32cube.ide.mcu.externaltools.gnu-tools-for-stm32.12.3.rel1.win32_1.1.0.202410251130/tools/bin/../lib/gcc/arm-none-eabi/12.3.1/../../../../arm-none-eabi/lib/thumb/v7e-m+fp/hard\libc_nano.a(libc_a-findfp.o)
                              C:/ST/STM32CubeIDE_1.16.1/STM32CubeIDE/plugins/com.st.stm32cube.ide.mcu.externaltools.gnu-tools-for-stm32.12.3.rel1.win32_1.1.0.202410251130/tools/bin/../lib/gcc/arm-none-eabi/12.3.1/../../../../arm-none-eabi/lib/thumb/v7e-m+fp/hard\libc_nano.a(libc_a-exit.o) (__stdio_exit_handler)
C:/ST/STM32CubeIDE_1.16.1/STM32CubeIDE/plugins/com.st.stm32cube.ide.mcu.externaltools.gnu-tools-for-stm32.12.3.rel1.win32_1.1.0.202410251130/tools/bin/../lib/gcc/arm-none-eabi/12.3.1/../../../../arm-none-eabi/lib/thumb/v7e-m+fp/hard\libc_nano.a(libc_a-fwalk.o)
                              C:/ST/STM32CubeIDE_1.16.1/STM32CubeIDE/plugins/com.st.stm32cube.ide.mcu.externaltools.gnu-tools-for-stm32.12.3.rel1.win32_1.1.0.202410251130/tools/bin/../lib/gcc/arm-none-eabi/12.3.1/../../../../arm-none-eabi/lib/thumb/v7e-m+fp/hard\libc_nano.a(libc_a-findfp.o) (_fwalk_sglue)
C:/ST/STM32CubeIDE_1.16.1/STM32CubeIDE/plugins/com.st.stm32cube.ide.mcu.externaltools.gnu-tools-for-stm32.12.3.rel1.win32_1.1.0.202410251130/tools/bin/../lib/gcc/arm-none-eabi/12.3.1/../../../../arm-none-eabi/lib/thumb/v7e-m+fp/hard\libc_nano.a(libc_a-sprintf.o)
                              ./Components/Src/lcd.o (sprintf)
C:/ST/STM32CubeIDE_1.16.1/STM32CubeIDE/plugins/com.st.stm32cube.ide.mcu.externaltools.gnu-tools-for-stm32.12.3.rel1.win32_1.1.0.202410251130/tools/bin/../lib/gcc/arm-none-eabi/12.3.1/../../../../arm-none-eabi/lib/thumb/v7e-m+fp/hard\libc_nano.a(libc_a-stdio.o)
                              C:/ST/STM32CubeIDE_1.16.1/STM32CubeIDE/plugins/com.st.stm32cube.ide.mcu.externaltools.gnu-tools-for-stm32.12.3.rel1.win32_1.1.0.202410251130/tools/bin/../lib/gcc/arm-none-eabi/12.3.1/../../../../arm-none-eabi/lib/thumb/v7e-m+fp/hard\libc_nano.a(libc_a-findfp.o) (__sread)
C:/ST/STM32CubeIDE_1.16.1/STM32CubeIDE/plugins/com.st.stm32cube.ide.mcu.externaltools.gnu-tools-for-stm32.12.3.rel1.win32_1.1.0.202410251130/tools/bin/../lib/gcc/arm-none-eabi/12.3.1/../../../../arm-none-eabi/lib/thumb/v7e-m+fp/hard\libc_nano.a(libc_a-vsprintf.o)
                              ./Components/Src/lcd.o (vsprintf)
C:/ST/STM32CubeIDE_1.16.1/STM32CubeIDE/plugins/com.st.stm32cube.ide.mcu.externaltools.gnu-tools-for-stm32.12.3.rel1.win32_1.1.0.202410251130/tools/bin/../lib/gcc/arm-none-eabi/12.3.1/../../../../arm-none-eabi/lib/thumb/v7e-m+fp/hard\libc_nano.a(libc_a-memset.o)
                              C:/ST/STM32CubeIDE_1.16.1/STM32CubeIDE/plugins/com.st.stm32cube.ide.mcu.externaltools.gnu-tools-for-stm32.12.3.rel1.win32_1.1.0.202410251130/tools/bin/../lib/gcc/arm-none-eabi/12.3.1/../../../../arm-none-eabi/lib/thumb/v7e-m+fp/hard/crt0.o (memset)
C:/ST/STM32CubeIDE_1.16.1/STM32CubeIDE/plugins/com.st.stm32cube.ide.mcu.externaltools.gnu-tools-for-stm32.12.3.rel1.win32_1.1.0.202410251130/tools/bin/../lib/gcc/arm-none-eabi/12.3.1/../../../../arm-none-eabi/lib/thumb/v7e-m+fp/hard\libc_nano.a(libc_a-closer.o)
                              C:/ST/STM32CubeIDE_1.16.1/STM32CubeIDE/plugins/com.st.stm32cube.ide.mcu.externaltools.gnu-tools-for-stm32.12.3.rel1.win32_1.1.0.202410251130/tools/bin/../lib/gcc/arm-none-eabi/12.3.1/../../../../arm-none-eabi/lib/thumb/v7e-m+fp/hard\libc_nano.a(libc_a-stdio.o) (_close_r)
[...]
Memory Configuration

Name             Origin             Length             Attributes
RAM              0x20000000         0x00050000         xrw
FLASH            0x08000000         0x00100000         xr
*default*        0x00000000         0xffffffff

Linker script and memory map

LOAD C:/ST/STM32CubeIDE_1.16.1/STM32CubeIDE/plugins/com.st.stm32cube.ide.mcu.externaltools.gnu-tools-for-stm32.12.3.rel1.win32_1.1.0.202410251130/tools/bin/../lib/gcc/arm-none-eabi/12.3.1/thumb/v7e-m+fp/hard/crti.o
LOAD C:/ST/STM32CubeIDE_1.16.1/STM32CubeIDE/plugins/com.st.stm32cube.ide.mcu.externaltools.gnu-tools-for-stm32.12.3.rel1.win32_1.1.0.202410251130/tools/bin/../lib/gcc/arm-none-eabi/12.3.1/thumb/v7e-m+fp/hard/crtbegin.o
LOAD C:/ST/STM32CubeIDE_1.16.1/STM32CubeIDE/plugins/com.st.stm32cube.ide.mcu.externaltools.gnu-tools-for-stm32.12.3.rel1.win32_1.1.0.202410251130/tools/bin/../lib/gcc/arm-none-eabi/12.3.1/../../../../arm-none-eabi/lib/thumb/v7e-m+fp/hard/crt0.o
LOAD ./Components/Src/__template.o
LOAD ./Components/Src/bh1750.o
LOAD ./Components/Src/bh1750_config.o
LOAD ./Components/Src/btn.o
LOAD ./Components/Src/btn_config.o
LOAD ./Components/Src/dio.o
LOAD ./Components/Src/disp.o
LOAD ./Components/Src/disp_config.o
LOAD ./Components/Src/lcd.o
LOAD ./Components/Src/lcd_config.o
LOAD ./Components/Src/led.o
LOAD ./Components/Src/led_config.o
LOAD ./Components/Src/menu.o
LOAD ./Components/Src/menu_config.o
LOAD ./Components/Src/pwm.o
LOAD ./Core/Src/adc.o
LOAD ./Core/Src/dma.o
LOAD ./Core/Src/gpio.o
LOAD ./Core/Src/i2c.o
LOAD ./Core/Src/main.o
LOAD ./Core/Src/stm32f7xx_hal_msp.o
LOAD ./Core/Src/stm32f7xx_it.o
LOAD ./Core/Src/syscalls.o
LOAD ./Core/Src/sysmem.o
LOAD ./Core/Src/system_stm32f7xx.o
LOAD ./Core/Src/tim.o
LOAD ./Core/Src/usart.o
LOAD ./Core/Startup/startup_stm32f746zgtx.o
LOAD ./Drivers/STM32F7xx_HAL_Driver/Src/stm32f7xx_hal.o
LOAD ./Drivers/STM32F7xx_HAL_Driver/Src/stm32f7xx_hal_adc.o
LOAD ./Drivers/STM32F7xx_HAL_Driver/Src/stm32f7xx_hal_adc_ex.o
LOAD ./Drivers/STM32F7xx_HAL_Driver/Src/stm32f7xx_hal_cortex.o
LOAD ./Drivers/STM32F7xx_HAL_Driver/Src/stm32f7xx_hal_dma.o
LOAD ./Drivers/STM32F7xx_HAL_Driver/Src/stm32f7xx_hal_dma_ex.o
LOAD ./Drivers/STM32F7xx_HAL_Driver/Src/stm32f7xx_hal_exti.o
LOAD ./Drivers/STM32F7xx_HAL_Driver/Src/stm32f7xx_hal_flash.o
LOAD ./Drivers/STM32F7xx_HAL_Driver/Src/stm32f7xx_hal_flash_ex.o
LOAD ./Drivers/STM32F7xx_HAL_Driver/Src/stm32f7xx_hal_gpio.o
LOAD ./Drivers/STM32F7xx_HAL_Driver/Src/stm32f7xx_hal_i2c.o
LOAD ./Drivers/STM32F7xx_HAL_Driver/Src/stm32f7xx_hal_i2c_ex.o
LOAD ./Drivers/STM32F7xx_HAL_Driver/Src/stm32f7xx_hal_pwr.o
LOAD ./Drivers/STM32F7xx_HAL_Driver/Src/stm32f7xx_hal_pwr_ex.o
LOAD ./Drivers/STM32F7xx_HAL_Driver/Src/stm32f7xx_hal_rcc.o
LOAD ./Drivers/STM32F7xx_HAL_Driver/Src/stm32f7xx_hal_rcc_ex.o
LOAD ./Drivers/STM32F7xx_HAL_Driver/Src/stm32f7xx_hal_tim.o
LOAD ./Drivers/STM32F7xx_HAL_Driver/Src/stm32f7xx_hal_tim_ex.o
LOAD ./Drivers/STM32F7xx_HAL_Driver/Src/stm32f7xx_hal_uart.o
LOAD ./Drivers/STM32F7xx_HAL_Driver/Src/stm32f7xx_hal_uart_ex.o
LOAD C:/Users/oladi/STM32Cube/Repository/Packs/ARM/CMSIS/5.7.0/CMSIS/DSP/Lib/GCC\libarm_cortexM7lfsp_math.a
START GROUP
LOAD C:/ST/STM32CubeIDE_1.16.1/STM32CubeIDE/plugins/com.st.stm32cube.ide.mcu.externaltools.gnu-tools-for-stm32.12.3.rel1.win32_1.1.0.202410251130/tools/bin/../lib/gcc/arm-none-eabi/12.3.1/../../../../arm-none-eabi/lib/thumb/v7e-m+fp/hard\libc_nano.a
LOAD C:/ST/STM32CubeIDE_1.16.1/STM32CubeIDE/plugins/com.st.stm32cube.ide.mcu.externaltools.gnu-tools-for-stm32.12.3.rel1.win32_1.1.0.202410251130/tools/bin/../lib/gcc/arm-none-eabi/12.3.1/../../../../arm-none-eabi/lib/thumb/v7e-m+fp/hard\libm.a
END GROUP
START GROUP
LOAD C:/ST/STM32CubeIDE_1.16.1/STM32CubeIDE/plugins/com.st.stm32cube.ide.mcu.externaltools.gnu-tools-for-stm32.12.3.rel1.win32_1.1.0.202410251130/tools/bin/../lib/gcc/arm-none-eabi/12.3.1/thumb/v7e-m+fp/hard\libgcc.a
LOAD C:/ST/STM32CubeIDE_1.16.1/STM32CubeIDE/plugins/com.st.stm32cube.ide.mcu.externaltools.gnu-tools-for-stm32.12.3.rel1.win32_1.1.0.202410251130/tools/bin/../lib/gcc/arm-none-eabi/12.3.1/../../../../arm-none-eabi/lib/thumb/v7e-m+fp/hard\libc_nano.a
END GROUP
START GROUP
LOAD C:/ST/STM32CubeIDE_1.16.1/STM32CubeIDE/plugins/com.st.stm32cube.ide.mcu.externaltools.gnu-tools-for-stm32.12.3.rel1.win32_1.1.0.202410251130/tools/bin/../lib/gcc/arm-none-eabi/12.3.1/thumb/v7e-m+fp/hard\libgcc.a
LOAD C:/ST/STM32CubeIDE_1.16.1/STM32CubeIDE/plugins/com.st.stm32cube.ide.mcu.externaltools.gnu-tools-for-stm32.12.3.rel1.win32_1.1.0.202410251130/tools/bin/../lib/gcc/arm-none-eabi/12.3.1/../../../../arm-none-eabi/lib/thumb/v7e-m+fp/hard\libc_nano.a
LOAD C:/ST/STM32CubeIDE_1.16.1/STM32CubeIDE/plugins/com.st.stm32cube.ide.mcu.externaltools.gnu-tools-for-stm32.12.3.rel1.win32_1.1.0.202410251130/tools/bin/../lib/gcc/arm-none-eabi/12.3.1/../../../../arm-none-eabi/lib/thumb/v7e-m+fp/hard\libnosys.a
END GROUP
START GROUP
LOAD C:/ST/STM32CubeIDE_1.16.1/STM32CubeIDE/plugins/com.st.stm32cube.ide.mcu.externaltools.gnu-tools-for-stm32.12.3.rel1.win32_1.1.0.202410251130/tools/bin/../lib/gcc/arm-none-eabi/12.3.1/thumb/v7e-m+fp/hard\libgcc.a
LOAD C:/ST/STM32CubeIDE_1.16.1/STM32CubeIDE/plugins/com.st.stm32cube.ide.mcu.externaltools.gnu-tools-for-stm32.12.3.rel1.win32_1.1.0.202410251130/tools/bin/../lib/gcc/arm-none-eabi/12.3.1/../../../../arm-none-eabi/lib/thumb/v7e-m+fp/hard\libc_nano.a
LOAD C:/ST/STM32CubeIDE_1.16.1/STM32CubeIDE/plugins/com.st.stm32cube.ide.mcu.externaltools.gnu-tools-for-stm32.12.3.rel1.win32_1.1.0.202410251130/tools/bin/../lib/gcc/arm-none-eabi/12.3.1/../../../../arm-none-eabi/lib/thumb/v7e-m+fp/hard\libnosys.a
END GROUP
LOAD C:/ST/STM32CubeIDE_1.16.1/STM32CubeIDE/plugins/com.st.stm32cube.ide.mcu.externaltools.gnu-tools-for-stm32.12.3.rel1.win32_1.1.0.202410251130/tools/bin/../lib/gcc/arm-none-eabi/12.3.1/thumb/v7e-m+fp/hard/crtend.o
LOAD C:/ST/STM32CubeIDE_1.16.1/STM32CubeIDE/plugins/com.st.stm32cube.ide.mcu.externaltools.gnu-tools-for-stm32.12.3.rel1.win32_1.1.0.202410251130/tools/bin/../lib/gcc/arm-none-eabi/12.3.1/thumb/v7e-m+fp/hard/crtn.o
                0x20050000                        _estack = (ORIGIN (RAM) + LENGTH (RAM))
                0x00000200                        _Min_Heap_Size = 0x200
                0x00000400                        _Min_Stack_Size = 0x400

.isr_vector     0x08000000      0x1c8
                0x08000000                        . = ALIGN (0x4)
 *(.isr_vector)
 .isr_vector    0x08000000      0x1c8 ./Core/Startup/startup_stm32f746zgtx.o
                0x08000000                g_pfnVectors
                0x080001c8                        . = ALIGN (0x4)

.text           0x080001d0     0x91b8
                0x080001d0                        . = ALIGN (0x4)
 *(.text)
 .text          0x080001d0       0x40 C:/ST/STM32CubeIDE_1.16.1/STM32CubeIDE/plugins/com.st.stm32cube.ide.mcu.externaltools.gnu-tools-for-stm32.12.3.rel1.win32_1.1.0.202410251130/tools/bin/../lib/gcc/arm-none-eabi/12.3.1/thumb/v7e-m+fp/hard/crtbegin.o
 .text          0x08000210       0x10 C:/ST/STM32CubeIDE_1.16.1/STM32CubeIDE/plugins/com.st.stm32cube.ide.mcu.externaltools.gnu-tools-for-stm32.12.3.rel1.win32_1.1.0.202410251130/tools/bin/../lib/gcc/arm-none-eabi/12.3.1/../../../../arm-none-eabi/lib/thumb/v7e-m+fp/hard\libc_nano.a(libc_a-strlen.o)
                0x08000210                strlen
 .text          0x08000220       0xa0 C:/ST/STM32CubeIDE_1.16.1/STM32CubeIDE/plugins/com.st.stm32cube.ide.mcu.externaltools.gnu-tools-for-stm32.12.3.rel1.win32_1.1.0.202410251130/tools/bin/../lib/gcc/arm-none-eabi/12.3.1/../../../../arm-none-eabi/lib/thumb/v7e-m+fp/hard\libc_nano.a(libc_a-memchr.o)
                0x08000220                memchr
 .text          0x080002c0      0x254 C:/ST/STM32CubeIDE_1.16.1/STM32CubeIDE/plugins/com.st.stm32cube.ide.mcu.externaltools.gnu-tools-for-stm32.12.3.rel1.win32_1.1.0.202410251130/tools/bin/../lib/gcc/arm-none-eabi/12.3.1/thumb/v7e-m+fp/hard\libgcc.a(_arm_muldf3.o)
                0x080002c0                __muldf3
                0x080002c0                __aeabi_dmul
 .text          0x08000514      0x378 C:/ST/STM32CubeIDE_1.16.1/STM32CubeIDE/plugins/com.st.stm32cube.ide.mcu.externaltools.gnu-tools-for-stm32.12.3.rel1.win32_1.1.0.202410251130/tools/bin/../lib/gcc/arm-none-eabi/12.3.1/thumb/v7e-m+fp/hard\libgcc.a(_arm_addsubdf3.o)
                0x08000514                __aeabi_drsub
                0x0800051c                __aeabi_dsub
                0x0800051c                __subdf3
                0x08000520                __aeabi_dadd
                0x08000520                __adddf3
                0x08000798                __floatunsidf
                0x08000798                __aeabi_ui2d
                0x080007b8                __floatsidf
                0x080007b8                __aeabi_i2d
                0x080007dc                __aeabi_f2d
                0x080007dc                __extendsfdf2
                0x08000820                __floatundidf
                0x08000820                __aeabi_ul2d
                0x08000830                __floatdidf
                0x08000830                __aeabi_l2d
 .text          0x0800088c       0xa0 C:/ST/STM32CubeIDE_1.16.1/STM32CubeIDE/plugins/com.st.stm32cube.ide.mcu.externaltools.gnu-tools-for-stm32.12.3.rel1.win32_1.1.0.202410251130/tools/bin/../lib/gcc/arm-none-eabi/12.3.1/thumb/v7e-m+fp/hard\libgcc.a(_arm_truncdfsf2.o)
                0x0800088c                __truncdfsf2
                0x0800088c                __aeabi_d2f
 .text          0x0800092c       0x30 C:/ST/STM32CubeIDE_1.16.1/STM32CubeIDE/plugins/com.st.stm32cube.ide.mcu.externaltools.gnu-tools-for-stm32.12.3.rel1.win32_1.1.0.202410251130/tools/bin/../lib/gcc/arm-none-eabi/12.3.1/thumb/v7e-m+fp/hard\libgcc.a(_aeabi_uldivmod.o)
                0x0800092c                __aeabi_uldivmod
 .text          0x0800095c      0x2bc C:/ST/STM32CubeIDE_1.16.1/STM32CubeIDE/plugins/com.st.stm32cube.ide.mcu.externaltools.gnu-tools-for-stm32.12.3.rel1.win32_1.1.0.202410251130/tools/bin/../lib/gcc/arm-none-eabi/12.3.1/thumb/v7e-m+fp/hard\libgcc.a(_udivmoddi4.o)
                0x0800095c                __udivmoddi4
 .text          0x08000c18        0x4 C:/ST/STM32CubeIDE_1.16.1/STM32CubeIDE/plugins/com.st.stm32cube.ide.mcu.externaltools.gnu-tools-for-stm32.12.3.rel1.win32_1.1.0.202410251130/tools/bin/../lib/gcc/arm-none-eabi/12.3.1/thumb/v7e-m+fp/hard\libgcc.a(_dvmd_tls.o)
                0x08000c18                __aeabi_idiv0
                0x08000c18                __aeabi_ldiv0
 *(.text*)
 .text.BH1750_Init
                0x08000c1c       0x4c ./Components/Src/bh1750.o
                0x08000c1c                BH1750_Init
 .text.BH1750_ReadIlluminance_lux
                0x08000c68       0x58 ./Components/Src/bh1750.o
                0x08000c68                BH1750_ReadIlluminance_lux
 .text.BTN_DIO_Read
                0x08000cc0       0x30 ./Components/Src/btn.o
                0x08000cc0                BTN_DIO_Read
 .text.BTN_DIO_EdgeDetected
                0x08000cf0       0x4c ./Components/Src/btn.o
                0x08000cf0                BTN_DIO_EdgeDetected
 .text.DIO_WriteLow
                0x08000d3c       0x20 ./Components/Src/dio.o
                0x08000d3c                DIO_WriteLow
 .text.DIO_WriteHigh
                0x08000d5c       0x20 ./Components/Src/dio.o
                0x08000d5c                DIO_WriteHigh
 .text.DIO_Write
                0x08000d7c       0x24 ./Components/Src/dio.o
                0x08000d7c                DIO_Write
 .text.DIO_Read
                0x08000da0       0x2c ./Components/Src/dio.o
                0x08000da0                DIO_Read
 .text.__tm1637_delay_us
                0x08000dcc       0x38 ./Components/Src/disp.o
                0x08000dcc                __tm1637_delay_us
 .text.__tm1637_start
                0x08000e04       0x30 ./Components/Src/disp.o
                0x08000e04                __tm1637_start
 .text.__tm1637_stop
                0x08000e34       0x46 ./Components/Src/disp.o
                0x08000e34                __tm1637_stop
 .text.__tm1637_read_result
                0x08000e7a       0x3a ./Components/Src/disp.o
                0x08000e7a                __tm1637_read_result
 .text.__tm1637_write_byte
                0x08000eb4       0x6a ./Components/Src/disp.o
                0x08000eb4                __tm1637_write_byte
 *fill*         0x08000f1e        0x2 
 .text.DISP_TM1637_printDecUInt
                0x08000f20       0xd8 ./Components/Src/disp.o
                0x08000f20                DISP_TM1637_printDecUInt
 .text.DISP_TM1637_SetBrightness
                0x08000ff8       0x34 ./Components/Src/disp.o
                0x08000ff8                DISP_TM1637_SetBrightness
 .text.__lcd_dio_delay_us
                0x0800102c       0x40 ./Components/Src/lcd.o
                0x0800102c                __lcd_dio_delay_us
 .text.__lcd_dio_write
                0x0800106c       0x6e ./Components/Src/lcd.o
                0x0800106c                __lcd_dio_write
 .text.__lcd_dio_write_command
                0x080010da       0x60 ./Components/Src/lcd.o
                0x080010da                __lcd_dio_write_command
 .text.__lcd_dio_write_data
                0x0800113a       0x58 ./Components/Src/lcd.o
                0x0800113a                __lcd_dio_write_data
 .text.LCD_DIO_Init
                0x08001192       0xcc ./Components/Src/lcd.o
                0x08001192                LCD_DIO_Init
 *fill*         0x0800125e        0x2 
 .text.LCD_DIO_printDecInt
                0x08001260       0x30 ./Components/Src/lcd.o
                0x08001260                LCD_DIO_printDecInt
 .text.LCD_DIO_printStr
                0x08001290       0x3e ./Components/Src/lcd.o
                0x08001290                LCD_DIO_printStr
 *fill*         0x080012ce        0x2 
 .text.LCD_DIO_SetCursor
                0x080012d0       0x34 ./Components/Src/lcd.o
                0x080012d0                LCD_DIO_SetCursor
 .text.LCD_DIO_printf
                0x08001304       0x38 ./Components/Src/lcd.o
                0x08001304                LCD_DIO_printf
 .text.LED_DIO_Write
                0x0800133c       0x40 ./Components/Src/led.o
                0x0800133c                LED_DIO_Write
 .text.LED_PWM_Init
                0x0800137c       0x40 ./Components/Src/led.o
                0x0800137c                LED_PWM_Init
 .text.LED_PWM_WriteDuty
                0x080013bc       0x4c ./Components/Src/led.o
                0x080013bc                LED_PWM_WriteDuty
 .text.MENU_ITEM_WriteDisplayBuffer
                0x08001408       0x34 ./Components/Src/menu.o
                0x08001408                MENU_ITEM_WriteDisplayBuffer
 .text.__menu_ref_lux_routine
                0x0800143c       0x30 ./Components/Src/menu_config.o
                0x0800143c                __menu_ref_lux_routine
 .text.__menu_illuminance_routine
                0x0800146c       0x30 ./Components/Src/menu_config.o
                0x0800146c                __menu_illuminance_routine
 .text.__menu_cntrl_sig_routine
                0x0800149c       0x30 ./Components/Src/menu_config.o
                0x0800149c                __menu_cntrl_sig_routine
 .text.menu_float_io_routine
                0x080014cc       0x58 ./Components/Src/menu_config.o
                0x080014cc                menu_float_io_routine
 .text.MENU_Init
                0x08001524       0xbc ./Components/Src/menu_config.o
                0x08001524                MENU_Init
 .text.PWM_Init
                0x080015e0       0x30 ./Components/Src/pwm.o
                0x080015e0                PWM_Init
 .text.PWM_WriteDuty
                0x08001610       0xec ./Components/Src/pwm.o
                0x08001610                PWM_WriteDuty
 .text.MX_ADC1_Init
                0x080016fc       0xa4 ./Core/Src/adc.o
                0x080016fc                MX_ADC1_Init
 .text.HAL_ADC_MspInit
                0x080017a0       0xf8 ./Core/Src/adc.o
                0x080017a0                HAL_ADC_MspInit
 .text.MX_DMA_Init
                0x08001898       0x64 ./Core/Src/dma.o
                0x08001898                MX_DMA_Init
 .text.MX_GPIO_Init
                0x080018fc      0x3f0 ./Core/Src/gpio.o
                0x080018fc                MX_GPIO_Init
 .text.MX_I2C1_Init
                0x08001cec       0x80 ./Core/Src/i2c.o
                0x08001cec                MX_I2C1_Init
 .text.HAL_I2C_MspInit
                0x08001d6c       0xc0 ./Core/Src/i2c.o
                0x08001d6c                HAL_I2C_MspInit
 .text.HAL_TIM_PeriodElapsedCallback
                0x08001e2c       0x2c ./Core/Src/main.o
                0x08001e2c                HAL_TIM_PeriodElapsedCallback
 .text.HAL_UART_RxCpltCallback
                0x08001e58       0x4c ./Core/Src/main.o
                0x08001e58                HAL_UART_RxCpltCallback
 .text.displayDigitalOnSerialPort
                0x08001ea4       0x9c ./Core/Src/main.o
                0x08001ea4                displayDigitalOnSerialPort
 .text.displayModeSelection
                0x08001f40       0x34 ./Core/Src/main.o
                0x08001f40                displayModeSelection
 .text.displayOnLCD
                0x08001f74       0x7c ./Core/Src/main.o
                0x08001f74                displayOnLCD
 .text.main     0x08001ff0      0x344 ./Core/Src/main.o
                0x08001ff0                main
 .text.SystemClock_Config
                0x08002334       0xdc ./Core/Src/main.o
                0x08002334                SystemClock_Config
 .text.Error_Handler
                0x08002410       0x20 ./Core/Src/main.o
                0x08002410                Error_Handler
 .text.HAL_MspInit
                0x08002430       0x48 ./Core/Src/stm32f7xx_hal_msp.o
                0x08002430                HAL_MspInit
 .text.NMI_Handler
                0x08002478        0x8 ./Core/Src/stm32f7xx_it.o
                0x08002478                NMI_Handler
 .text.HardFault_Handler
                0x08002480        0x8 ./Core/Src/stm32f7xx_it.o
                0x08002480                HardFault_Handler
 .text.MemManage_Handler
                0x08002488        0x8 ./Core/Src/stm32f7xx_it.o
                0x08002488                MemManage_Handler
 .text.BusFault_Handler
                0x08002490        0x8 ./Core/Src/stm32f7xx_it.o
                0x08002490                BusFault_Handler
 .text.UsageFault_Handler
                0x08002498        0x8 ./Core/Src/stm32f7xx_it.o
                0x08002498                UsageFault_Handler
 .text.SVC_Handler
                0x080024a0        0xe ./Core/Src/stm32f7xx_it.o
                0x080024a0                SVC_Handler
 .text.DebugMon_Handler
                0x080024ae        0xe ./Core/Src/stm32f7xx_it.o
                0x080024ae                DebugMon_Handler
 .text.PendSV_Handler
                0x080024bc        0xe ./Core/Src/stm32f7xx_it.o
                0x080024bc                PendSV_Handler
 .text.SysTick_Handler
                0x080024ca        0xc ./Core/Src/stm32f7xx_it.o
                0x080024ca                SysTick_Handler
 *fill*         0x080024d6        0x2 
 .text.DMA1_Stream1_IRQHandler
                0x080024d8       0x14 ./Core/Src/stm32f7xx_it.o
                0x080024d8                DMA1_Stream1_IRQHandler
 .text.ADC_IRQHandler
                0x080024ec       0x14 ./Core/Src/stm32f7xx_it.o
                0x080024ec                ADC_IRQHandler
 .text.USART3_IRQHandler
                0x08002500       0x14 ./Core/Src/stm32f7xx_it.o
                0x08002500                USART3_IRQHandler
 .text.TIM7_IRQHandler
                0x08002514       0x14 ./Core/Src/stm32f7xx_it.o
                0x08002514                TIM7_IRQHandler
 .text.DMA2_Stream0_IRQHandler
                0x08002528       0x14 ./Core/Src/stm32f7xx_it.o
                0x08002528                DMA2_Stream0_IRQHandler
 .text._sbrk    0x0800253c       0x6c ./Core/Src/sysmem.o
                0x0800253c                _sbrk
 .text.SystemInit
                0x080025a8       0x24 ./Core/Src/system_stm32f7xx.o
                0x080025a8                SystemInit
 .text.MX_TIM5_Init
                0x080025cc       0x9c ./Core/Src/tim.o
                0x080025cc                MX_TIM5_Init
 .text.MX_TIM7_Init
                0x08002668       0x70 ./Core/Src/tim.o
                0x08002668                MX_TIM7_Init
 .text.MX_TIM9_Init
                0x080026d8       0xc4 ./Core/Src/tim.o
                0x080026d8                MX_TIM9_Init
 .text.HAL_TIM_Base_MspInit
                0x0800279c       0xe8 ./Core/Src/tim.o
                0x0800279c                HAL_TIM_Base_MspInit
 .text.HAL_TIM_MspPostInit
                0x08002884       0x70 ./Core/Src/tim.o
                0x08002884                HAL_TIM_MspPostInit
 .text.MX_USART3_UART_Init
                0x080028f4       0x60 ./Core/Src/usart.o
                0x080028f4                MX_USART3_UART_Init
 .text.HAL_UART_MspInit
                0x08002954      0x134 ./Core/Src/usart.o
                0x08002954                HAL_UART_MspInit
 .text.Reset_Handler
                0x08002a88       0x50 ./Core/Startup/startup_stm32f746zgtx.o
                0x08002a88                Reset_Handler
 .text.Default_Handler
                0x08002ad8        0x2 ./Core/Startup/startup_stm32f746zgtx.o
                0x08002ad8                RTC_Alarm_IRQHandler
                0x08002ad8                EXTI2_IRQHandler
                0x08002ad8                TIM8_CC_IRQHandler
                0x08002ad8                UART8_IRQHandler
                0x08002ad8                SPI4_IRQHandler
                0x08002ad8                TIM1_CC_IRQHandler
                0x08002ad8                DMA2_Stream5_IRQHandler
                0x08002ad8                DMA1_Stream5_IRQHandler
                0x08002ad8                PVD_IRQHandler
                0x08002ad8                TAMP_STAMP_IRQHandler
                0x08002ad8                CAN2_RX1_IRQHandler
                0x08002ad8                EXTI3_IRQHandler
                0x08002ad8                TIM8_TRG_COM_TIM14_IRQHandler
                0x08002ad8                TIM1_UP_TIM10_IRQHandler
                0x08002ad8                TIM8_UP_TIM13_IRQHandler
                0x08002ad8                I2C3_ER_IRQHandler
                0x08002ad8                EXTI0_IRQHandler
                0x08002ad8                I2C2_EV_IRQHandler
                0x08002ad8                DMA1_Stream2_IRQHandler
                0x08002ad8                CAN1_RX0_IRQHandler
                0x08002ad8                FPU_IRQHandler
                0x08002ad8                OTG_HS_WKUP_IRQHandler
                0x08002ad8                LTDC_ER_IRQHandler
                0x08002ad8                CAN2_SCE_IRQHandler
                0x08002ad8                DMA2_Stream2_IRQHandler
                0x08002ad8                SPI1_IRQHandler
                0x08002ad8                TIM6_DAC_IRQHandler
                0x08002ad8                TIM1_BRK_TIM9_IRQHandler
                0x08002ad8                DCMI_IRQHandler
                0x08002ad8                CAN2_RX0_IRQHandler
                0x08002ad8                DMA2_Stream3_IRQHandler
                0x08002ad8                SAI2_IRQHandler
                0x08002ad8                USART6_IRQHandler
                0x08002ad8                CAN1_RX1_IRQHandler
                0x08002ad8                UART5_IRQHandler
                0x08002ad8                TIM4_IRQHandler
                0x08002ad8                QUADSPI_IRQHandler
                0x08002ad8                I2C1_EV_IRQHandler
                0x08002ad8                DMA1_Stream6_IRQHandler
                0x08002ad8                UART4_IRQHandler
                0x08002ad8                TIM3_IRQHandler
                0x08002ad8                RCC_IRQHandler
                0x08002ad8                TIM8_BRK_TIM12_IRQHandler
                0x08002ad8                Default_Handler
                0x08002ad8                CEC_IRQHandler
                0x08002ad8                EXTI15_10_IRQHandler
                0x08002ad8                DMA1_Stream7_IRQHandler
                0x08002ad8                SPI5_IRQHandler
                0x08002ad8                SDMMC1_IRQHandler
                0x08002ad8                CAN2_TX_IRQHandler
                0x08002ad8                TIM5_IRQHandler
                0x08002ad8                DMA2_Stream7_IRQHandler
                0x08002ad8                I2C3_EV_IRQHandler
                0x08002ad8                EXTI9_5_IRQHandler
                0x08002ad8                RTC_WKUP_IRQHandler
                0x08002ad8                LTDC_IRQHandler
                0x08002ad8                ETH_WKUP_IRQHandler
                0x08002ad8                SPDIF_RX_IRQHandler
                0x08002ad8                SPI2_IRQHandler
                0x08002ad8                OTG_HS_EP1_IN_IRQHandler
                0x08002ad8                DMA1_Stream0_IRQHandler
                0x08002ad8                CAN1_TX_IRQHandler
                0x08002ad8                EXTI4_IRQHandler
                0x08002ad8                RNG_IRQHandler
                0x08002ad8                ETH_IRQHandler
                0x08002ad8                OTG_HS_EP1_OUT_IRQHandler
                0x08002ad8                WWDG_IRQHandler
                0x08002ad8                SPI6_IRQHandler
                0x08002ad8                I2C4_EV_IRQHandler
                0x08002ad8                TIM2_IRQHandler
                0x08002ad8                OTG_FS_WKUP_IRQHandler
                0x08002ad8                TIM1_TRG_COM_TIM11_IRQHandler
                0x08002ad8                OTG_HS_IRQHandler
                0x08002ad8                DMA2D_IRQHandler
                0x08002ad8                EXTI1_IRQHandler
                0x08002ad8                UART7_IRQHandler
                0x08002ad8                USART2_IRQHandler
                0x08002ad8                I2C2_ER_IRQHandler
                0x08002ad8                DMA2_Stream1_IRQHandler
                0x08002ad8                CAN1_SCE_IRQHandler
                0x08002ad8                FLASH_IRQHandler
                0x08002ad8                DMA2_Stream4_IRQHandler
                0x08002ad8                USART1_IRQHandler
                0x08002ad8                OTG_FS_IRQHandler
                0x08002ad8                SPI3_IRQHandler
                0x08002ad8                DMA1_Stream4_IRQHandler
                0x08002ad8                I2C1_ER_IRQHandler
                0x08002ad8                FMC_IRQHandler
                0x08002ad8                LPTIM1_IRQHandler
                0x08002ad8                I2C4_ER_IRQHandler
                0x08002ad8                DMA2_Stream6_IRQHandler
                0x08002ad8                SAI1_IRQHandler
                0x08002ad8                DMA1_Stream3_IRQHandler
 .text.HAL_Init
                0x08002ada       0x1a ./Drivers/STM32F7xx_HAL_Driver/Src/stm32f7xx_hal.o
                0x08002ada                HAL_Init
 .text.HAL_InitTick
                0x08002af4       0x60 ./Drivers/STM32F7xx_HAL_Driver/Src/stm32f7xx_hal.o
                0x08002af4                HAL_InitTick
 .text.HAL_IncTick
                0x08002b54       0x28 ./Drivers/STM32F7xx_HAL_Driver/Src/stm32f7xx_hal.o
                0x08002b54                HAL_IncTick
 .text.HAL_GetTick
                0x08002b7c       0x18 ./Drivers/STM32F7xx_HAL_Driver/Src/stm32f7xx_hal.o
                0x08002b7c                HAL_GetTick
 .text.HAL_Delay
                0x08002b94       0x48 ./Drivers/STM32F7xx_HAL_Driver/Src/stm32f7xx_hal.o
                0x08002b94                HAL_Delay
 .text.HAL_ADC_Init
                0x08002bdc       0x88 ./Drivers/STM32F7xx_HAL_Driver/Src/stm32f7xx_hal_adc.o
                0x08002bdc                HAL_ADC_Init
 .text.HAL_ADC_IRQHandler
                0x08002c64      0x220 ./Drivers/STM32F7xx_HAL_Driver/Src/stm32f7xx_hal_adc.o
                0x08002c64                HAL_ADC_IRQHandler
 .text.HAL_ADC_ConvCpltCallback
                0x08002e84       0x14 ./Drivers/STM32F7xx_HAL_Driver/Src/stm32f7xx_hal_adc.o
                0x08002e84                HAL_ADC_ConvCpltCallback
 .text.HAL_ADC_LevelOutOfWindowCallback
                0x08002e98       0x14 ./Drivers/STM32F7xx_HAL_Driver/Src/stm32f7xx_hal_adc.o
                0x08002e98                HAL_ADC_LevelOutOfWindowCallback
 .text.HAL_ADC_ErrorCallback
                0x08002eac       0x14 ./Drivers/STM32F7xx_HAL_Driver/Src/stm32f7xx_hal_adc.o
                0x08002eac                HAL_ADC_ErrorCallback
 .text.HAL_ADC_ConfigChannel
                0x08002ec0      0x2ac ./Drivers/STM32F7xx_HAL_Driver/Src/stm32f7xx_hal_adc.o
                0x08002ec0                HAL_ADC_ConfigChannel
 .text.ADC_Init
                0x0800316c      0x1f4 ./Drivers/STM32F7xx_HAL_Driver/Src/stm32f7xx_hal_adc.o
 .text.HAL_ADCEx_InjectedConvCpltCallback
                0x08003360       0x14 ./Drivers/STM32F7xx_HAL_Driver/Src/stm32f7xx_hal_adc_ex.o
                0x08003360                HAL_ADCEx_InjectedConvCpltCallback
 .text.__NVIC_SetPriorityGrouping
                0x08003374       0x48 ./Drivers/STM32F7xx_HAL_Driver/Src/stm32f7xx_hal_cortex.o
 .text.__NVIC_GetPriorityGrouping
                0x080033bc       0x1c ./Drivers/STM32F7xx_HAL_Driver/Src/stm32f7xx_hal_cortex.o
 .text.__NVIC_EnableIRQ
                0x080033d8       0x3c ./Drivers/STM32F7xx_HAL_Driver/Src/stm32f7xx_hal_cortex.o
 .text.__NVIC_SetPriority
                0x08003414       0x54 ./Drivers/STM32F7xx_HAL_Driver/Src/stm32f7xx_hal_cortex.o
 .text.NVIC_EncodePriority
                0x08003468       0x66 ./Drivers/STM32F7xx_HAL_Driver/Src/stm32f7xx_hal_cortex.o
 *fill*         0x080034ce        0x2 
 .text.SysTick_Config
                0x080034d0       0x44 ./Drivers/STM32F7xx_HAL_Driver/Src/stm32f7xx_hal_cortex.o
 .text.HAL_NVIC_SetPriorityGrouping
                0x08003514       0x16 ./Drivers/STM32F7xx_HAL_Driver/Src/stm32f7xx_hal_cortex.o
                0x08003514                HAL_NVIC_SetPriorityGrouping
 .text.HAL_NVIC_SetPriority
                0x0800352a       0x38 ./Drivers/STM32F7xx_HAL_Driver/Src/stm32f7xx_hal_cortex.o
                0x0800352a                HAL_NVIC_SetPriority
 .text.HAL_NVIC_EnableIRQ
                0x08003562       0x1c ./Drivers/STM32F7xx_HAL_Driver/Src/stm32f7xx_hal_cortex.o
                0x08003562                HAL_NVIC_EnableIRQ
 .text.HAL_SYSTICK_Config
                0x0800357e       0x18 ./Drivers/STM32F7xx_HAL_Driver/Src/stm32f7xx_hal_cortex.o
                0x0800357e                HAL_SYSTICK_Config
 *fill*         0x08003596        0x2 
 .text.HAL_DMA_Init
                0x08003598      0x15c ./Drivers/STM32F7xx_HAL_Driver/Src/stm32f7xx_hal_dma.o
                0x08003598                HAL_DMA_Init
 .text.HAL_DMA_Abort
                0x080036f4       0xe0 ./Drivers/STM32F7xx_HAL_Driver/Src/stm32f7xx_hal_dma.o
                0x080036f4                HAL_DMA_Abort
 .text.HAL_DMA_Abort_IT
                0x080037d4       0x44 ./Drivers/STM32F7xx_HAL_Driver/Src/stm32f7xx_hal_dma.o
                0x080037d4                HAL_DMA_Abort_IT
 .text.HAL_DMA_IRQHandler
                0x08003818      0x314 ./Drivers/STM32F7xx_HAL_Driver/Src/stm32f7xx_hal_dma.o
                0x08003818                HAL_DMA_IRQHandler
 .text.DMA_CalcBaseAndBitshift
                0x08003b2c       0x6c ./Drivers/STM32F7xx_HAL_Driver/Src/stm32f7xx_hal_dma.o
 .text.DMA_CheckFifoParam
                0x08003b98       0xf8 ./Drivers/STM32F7xx_HAL_Driver/Src/stm32f7xx_hal_dma.o
 .text.HAL_GPIO_Init
                0x08003c90      0x358 ./Drivers/STM32F7xx_HAL_Driver/Src/stm32f7xx_hal_gpio.o
                0x08003c90                HAL_GPIO_Init
 .text.HAL_GPIO_ReadPin
                0x08003fe8       0x30 ./Drivers/STM32F7xx_HAL_Driver/Src/stm32f7xx_hal_gpio.o
                0x08003fe8                HAL_GPIO_ReadPin
 .text.HAL_GPIO_WritePin
                0x08004018       0x32 ./Drivers/STM32F7xx_HAL_Driver/Src/stm32f7xx_hal_gpio.o
                0x08004018                HAL_GPIO_WritePin
 .text.HAL_GPIO_TogglePin
                0x0800404a       0x34 ./Drivers/STM32F7xx_HAL_Driver/Src/stm32f7xx_hal_gpio.o
                0x0800404a                HAL_GPIO_TogglePin
 *fill*         0x0800407e        0x2 
 .text.HAL_I2C_Init
                0x08004080      0x138 ./Drivers/STM32F7xx_HAL_Driver/Src/stm32f7xx_hal_i2c.o
                0x08004080                HAL_I2C_Init
 .text.HAL_I2C_Master_Transmit
                0x080041b8      0x230 ./Drivers/STM32F7xx_HAL_Driver/Src/stm32f7xx_hal_i2c.o
                0x080041b8                HAL_I2C_Master_Transmit
 .text.HAL_I2C_Master_Receive
                0x080043e8      0x1ec ./Drivers/STM32F7xx_HAL_Driver/Src/stm32f7xx_hal_i2c.o
                0x080043e8                HAL_I2C_Master_Receive
 .text.I2C_Flush_TXDR
                0x080045d4       0x48 ./Drivers/STM32F7xx_HAL_Driver/Src/stm32f7xx_hal_i2c.o
 .text.I2C_WaitOnFlagUntilTimeout
                0x0800461c       0xb2 ./Drivers/STM32F7xx_HAL_Driver/Src/stm32f7xx_hal_i2c.o
 .text.I2C_WaitOnTXISFlagUntilTimeout
                0x080046ce       0x8e ./Drivers/STM32F7xx_HAL_Driver/Src/stm32f7xx_hal_i2c.o
 .text.I2C_WaitOnSTOPFlagUntilTimeout
                0x0800475c       0x86 ./Drivers/STM32F7xx_HAL_Driver/Src/stm32f7xx_hal_i2c.o
 *fill*         0x080047e2        0x2 
 .text.I2C_WaitOnRXNEFlagUntilTimeout
                0x080047e4      0x118 ./Drivers/STM32F7xx_HAL_Driver/Src/stm32f7xx_hal_i2c.o
 .text.I2C_IsErrorOccurred
                0x080048fc      0x1c0 ./Drivers/STM32F7xx_HAL_Driver/Src/stm32f7xx_hal_i2c.o
 .text.I2C_TransferConfig
                0x08004abc       0x64 ./Drivers/STM32F7xx_HAL_Driver/Src/stm32f7xx_hal_i2c.o
 .text.HAL_I2CEx_ConfigAnalogFilter
                0x08004b20       0x96 ./Drivers/STM32F7xx_HAL_Driver/Src/stm32f7xx_hal_i2c_ex.o
                0x08004b20                HAL_I2CEx_ConfigAnalogFilter
 .text.HAL_I2CEx_ConfigDigitalFilter
                0x08004bb6       0x98 ./Drivers/STM32F7xx_HAL_Driver/Src/stm32f7xx_hal_i2c_ex.o
                0x08004bb6                HAL_I2CEx_ConfigDigitalFilter
 *fill*         0x08004c4e        0x2 
 .text.HAL_PWR_EnableBkUpAccess
                0x08004c50       0x20 ./Drivers/STM32F7xx_HAL_Driver/Src/stm32f7xx_hal_pwr.o
                0x08004c50                HAL_PWR_EnableBkUpAccess
 .text.HAL_PWREx_EnableOverDrive
                0x08004c70       0xa0 ./Drivers/STM32F7xx_HAL_Driver/Src/stm32f7xx_hal_pwr_ex.o
                0x08004c70                HAL_PWREx_EnableOverDrive
 .text.HAL_RCC_OscConfig
                0x08004d10      0x548 ./Drivers/STM32F7xx_HAL_Driver/Src/stm32f7xx_hal_rcc.o
                0x08004d10                HAL_RCC_OscConfig
 .text.HAL_RCC_ClockConfig
                0x08005258      0x1d8 ./Drivers/STM32F7xx_HAL_Driver/Src/stm32f7xx_hal_rcc.o
                0x08005258                HAL_RCC_ClockConfig
 .text.HAL_RCC_GetSysClockFreq
                0x08005430      0x20c ./Drivers/STM32F7xx_HAL_Driver/Src/stm32f7xx_hal_rcc.o
                0x08005430                HAL_RCC_GetSysClockFreq
 .text.HAL_RCC_GetHCLKFreq
                0x0800563c       0x18 ./Drivers/STM32F7xx_HAL_Driver/Src/stm32f7xx_hal_rcc.o
                0x0800563c                HAL_RCC_GetHCLKFreq
 .text.HAL_RCC_GetPCLK1Freq
                0x08005654       0x28 ./Drivers/STM32F7xx_HAL_Driver/Src/stm32f7xx_hal_rcc.o
                0x08005654                HAL_RCC_GetPCLK1Freq
 .text.HAL_RCC_GetPCLK2Freq
                0x0800567c       0x28 ./Drivers/STM32F7xx_HAL_Driver/Src/stm32f7xx_hal_rcc.o
                0x0800567c                HAL_RCC_GetPCLK2Freq
 .text.HAL_RCCEx_PeriphCLKConfig
                0x080056a4      0x7e0 ./Drivers/STM32F7xx_HAL_Driver/Src/stm32f7xx_hal_rcc_ex.o
                0x080056a4                HAL_RCCEx_PeriphCLKConfig
 .text.HAL_TIM_Base_Init
                0x08005e84       0xae ./Drivers/STM32F7xx_HAL_Driver/Src/stm32f7xx_hal_tim.o
                0x08005e84                HAL_TIM_Base_Init
 *fill*         0x08005f32        0x2 
 .text.HAL_TIM_Base_Start
                0x08005f34       0xe0 ./Drivers/STM32F7xx_HAL_Driver/Src/stm32f7xx_hal_tim.o
                0x08005f34                HAL_TIM_Base_Start
 .text.HAL_TIM_Base_Stop
                0x08006014       0x4e ./Drivers/STM32F7xx_HAL_Driver/Src/stm32f7xx_hal_tim.o
                0x08006014                HAL_TIM_Base_Stop
 *fill*         0x08006062        0x2 
 .text.HAL_TIM_Base_Start_IT
                0x08006064       0xf0 ./Drivers/STM32F7xx_HAL_Driver/Src/stm32f7xx_hal_tim.o
                0x08006064                HAL_TIM_Base_Start_IT
 .text.HAL_TIM_PWM_Init
                0x08006154       0xae ./Drivers/STM32F7xx_HAL_Driver/Src/stm32f7xx_hal_tim.o
                0x08006154                HAL_TIM_PWM_Init
 .text.HAL_TIM_PWM_MspInit
                0x08006202       0x14 ./Drivers/STM32F7xx_HAL_Driver/Src/stm32f7xx_hal_tim.o
                0x08006202                HAL_TIM_PWM_MspInit
 *fill*         0x08006216        0x2 
 .text.HAL_TIM_PWM_Start
                0x08006218      0x1f4 ./Drivers/STM32F7xx_HAL_Driver/Src/stm32f7xx_hal_tim.o
                0x08006218                HAL_TIM_PWM_Start
 .text.HAL_TIM_IRQHandler
                0x0800640c      0x20e ./Drivers/STM32F7xx_HAL_Driver/Src/stm32f7xx_hal_tim.o
                0x0800640c                HAL_TIM_IRQHandler
 *fill*         0x0800661a        0x2 
 .text.HAL_TIM_PWM_ConfigChannel
                0x0800661c      0x228 ./Drivers/STM32F7xx_HAL_Driver/Src/stm32f7xx_hal_tim.o
                0x0800661c                HAL_TIM_PWM_ConfigChannel
 .text.HAL_TIM_ConfigClockSource
                0x08006844      0x194 ./Drivers/STM32F7xx_HAL_Driver/Src/stm32f7xx_hal_tim.o
                0x08006844                HAL_TIM_ConfigClockSource
 .text.HAL_TIM_OC_DelayElapsedCallback
                0x080069d8       0x14 ./Drivers/STM32F7xx_HAL_Driver/Src/stm32f7xx_hal_tim.o
                0x080069d8                HAL_TIM_OC_DelayElapsedCallback
 .text.HAL_TIM_IC_CaptureCallback
                0x080069ec       0x14 ./Drivers/STM32F7xx_HAL_Driver/Src/stm32f7xx_hal_tim.o
                0x080069ec                HAL_TIM_IC_CaptureCallback
 .text.HAL_TIM_PWM_PulseFinishedCallback
                0x08006a00       0x14 ./Drivers/STM32F7xx_HAL_Driver/Src/stm32f7xx_hal_tim.o
                0x08006a00                HAL_TIM_PWM_PulseFinishedCallback
 .text.HAL_TIM_TriggerCallback
                0x08006a14       0x14 ./Drivers/STM32F7xx_HAL_Driver/Src/stm32f7xx_hal_tim.o
                0x08006a14                HAL_TIM_TriggerCallback
 .text.TIM_Base_SetConfig
                0x08006a28      0x158 ./Drivers/STM32F7xx_HAL_Driver/Src/stm32f7xx_hal_tim.o
                0x08006a28                TIM_Base_SetConfig
 .text.TIM_OC1_SetConfig
                0x08006b80       0xe4 ./Drivers/STM32F7xx_HAL_Driver/Src/stm32f7xx_hal_tim.o
 .text.TIM_OC2_SetConfig
                0x08006c64       0xf0 ./Drivers/STM32F7xx_HAL_Driver/Src/stm32f7xx_hal_tim.o
                0x08006c64                TIM_OC2_SetConfig
 .text.TIM_OC3_SetConfig
                0x08006d54       0xec ./Drivers/STM32F7xx_HAL_Driver/Src/stm32f7xx_hal_tim.o
 .text.TIM_OC4_SetConfig
                0x08006e40       0xb0 ./Drivers/STM32F7xx_HAL_Driver/Src/stm32f7xx_hal_tim.o
 .text.TIM_OC5_SetConfig
                0x08006ef0       0xa4 ./Drivers/STM32F7xx_HAL_Driver/Src/stm32f7xx_hal_tim.o
 .text.TIM_OC6_SetConfig
                0x08006f94       0xa8 ./Drivers/STM32F7xx_HAL_Driver/Src/stm32f7xx_hal_tim.o
 .text.TIM_TI1_ConfigInputStage
                0x0800703c       0x5e ./Drivers/STM32F7xx_HAL_Driver/Src/stm32f7xx_hal_tim.o
 .text.TIM_TI2_ConfigInputStage
                0x0800709a       0x60 ./Drivers/STM32F7xx_HAL_Driver/Src/stm32f7xx_hal_tim.o
 .text.TIM_ITRx_SetConfig
                0x080070fa       0x36 ./Drivers/STM32F7xx_HAL_Driver/Src/stm32f7xx_hal_tim.o
 .text.TIM_ETR_SetConfig
                0x08007130       0x40 ./Drivers/STM32F7xx_HAL_Driver/Src/stm32f7xx_hal_tim.o
                0x08007130                TIM_ETR_SetConfig
 .text.TIM_CCxChannelCmd
                0x08007170       0x4a ./Drivers/STM32F7xx_HAL_Driver/Src/stm32f7xx_hal_tim.o
                0x08007170                TIM_CCxChannelCmd
 *fill*         0x080071ba        0x2 
 .text.HAL_TIMEx_MasterConfigSynchronization
                0x080071bc      0x11c ./Drivers/STM32F7xx_HAL_Driver/Src/stm32f7xx_hal_tim_ex.o
                0x080071bc                HAL_TIMEx_MasterConfigSynchronization
 .text.HAL_TIMEx_CommutCallback
                0x080072d8       0x14 ./Drivers/STM32F7xx_HAL_Driver/Src/stm32f7xx_hal_tim_ex.o
                0x080072d8                HAL_TIMEx_CommutCallback
 .text.HAL_TIMEx_BreakCallback
                0x080072ec       0x14 ./Drivers/STM32F7xx_HAL_Driver/Src/stm32f7xx_hal_tim_ex.o
                0x080072ec                HAL_TIMEx_BreakCallback
 .text.HAL_TIMEx_Break2Callback
                0x08007300       0x14 ./Drivers/STM32F7xx_HAL_Driver/Src/stm32f7xx_hal_tim_ex.o
                0x08007300                HAL_TIMEx_Break2Callback
 .text.HAL_UART_Init
                0x08007314       0x9c ./Drivers/STM32F7xx_HAL_Driver/Src/stm32f7xx_hal_uart.o
                0x08007314                HAL_UART_Init
 .text.HAL_UART_Transmit
                0x080073b0      0x112 ./Drivers/STM32F7xx_HAL_Driver/Src/stm32f7xx_hal_uart.o
                0x080073b0                HAL_UART_Transmit
 .text.HAL_UART_Receive_IT
                0x080074c2       0x88 ./Drivers/STM32F7xx_HAL_Driver/Src/stm32f7xx_hal_uart.o
                0x080074c2                HAL_UART_Receive_IT
 *fill*         0x0800754a        0x2 
 .text.HAL_UART_IRQHandler
                0x0800754c      0x5a4 ./Drivers/STM32F7xx_HAL_Driver/Src/stm32f7xx_hal_uart.o
                0x0800754c                HAL_UART_IRQHandler
 .text.HAL_UART_TxCpltCallback
                0x08007af0       0x14 ./Drivers/STM32F7xx_HAL_Driver/Src/stm32f7xx_hal_uart.o
                0x08007af0                HAL_UART_TxCpltCallback
 .text.HAL_UART_ErrorCallback
                0x08007b04       0x14 ./Drivers/STM32F7xx_HAL_Driver/Src/stm32f7xx_hal_uart.o
                0x08007b04                HAL_UART_ErrorCallback
 .text.HAL_UARTEx_RxEventCallback
                0x08007b18       0x18 ./Drivers/STM32F7xx_HAL_Driver/Src/stm32f7xx_hal_uart.o
                0x08007b18                HAL_UARTEx_RxEventCallback
 .text.UART_SetConfig
                0x08007b30      0x4c8 ./Drivers/STM32F7xx_HAL_Driver/Src/stm32f7xx_hal_uart.o
                0x08007b30                UART_SetConfig
 .text.UART_AdvFeatureConfig
                0x08007ff8      0x144 ./Drivers/STM32F7xx_HAL_Driver/Src/stm32f7xx_hal_uart.o
                0x08007ff8                UART_AdvFeatureConfig
 .text.UART_CheckIdleState
                0x0800813c       0xae ./Drivers/STM32F7xx_HAL_Driver/Src/stm32f7xx_hal_uart.o
                0x0800813c                UART_CheckIdleState
 .text.UART_WaitOnFlagUntilTimeout
                0x080081ea       0xda ./Drivers/STM32F7xx_HAL_Driver/Src/stm32f7xx_hal_uart.o
                0x080081ea                UART_WaitOnFlagUntilTimeout
 .text.UART_Start_Receive_IT
                0x080082c4      0x18c ./Drivers/STM32F7xx_HAL_Driver/Src/stm32f7xx_hal_uart.o
                0x080082c4                UART_Start_Receive_IT
 .text.UART_EndRxTransfer
                0x08008450       0xc8 ./Drivers/STM32F7xx_HAL_Driver/Src/stm32f7xx_hal_uart.o
 .text.UART_DMAAbortOnError
                0x08008518       0x2c ./Drivers/STM32F7xx_HAL_Driver/Src/stm32f7xx_hal_uart.o
 .text.UART_EndTransmit_IT
                0x08008544       0x54 ./Drivers/STM32F7xx_HAL_Driver/Src/stm32f7xx_hal_uart.o
 .text.UART_RxISR_8BIT
                0x08008598      0x1a8 ./Drivers/STM32F7xx_HAL_Driver/Src/stm32f7xx_hal_uart.o
 .text.UART_RxISR_16BIT
                0x08008740      0x1a8 ./Drivers/STM32F7xx_HAL_Driver/Src/stm32f7xx_hal_uart.o
 .text._strtol_l.constprop.0
                0x080088e8       0xf4 C:/ST/STM32CubeIDE_1.16.1/STM32CubeIDE/plugins/com.st.stm32cube.ide.mcu.externaltools.gnu-tools-for-stm32.12.3.rel1.win32_1.1.0.202410251130/tools/bin/../lib/gcc/arm-none-eabi/12.3.1/../../../../arm-none-eabi/lib/thumb/v7e-m+fp/hard\libc_nano.a(libc_a-strtol.o)
 .text.strtol   0x080089dc       0x14 C:/ST/STM32CubeIDE_1.16.1/STM32CubeIDE/plugins/com.st.stm32cube.ide.mcu.externaltools.gnu-tools-for-stm32.12.3.rel1.win32_1.1.0.202410251130/tools/bin/../lib/gcc/arm-none-eabi/12.3.1/../../../../arm-none-eabi/lib/thumb/v7e-m+fp/hard\libc_nano.a(libc_a-strtol.o)
                0x080089dc                strtol
 .text.sprintf  0x080089f0       0x40 C:/ST/STM32CubeIDE_1.16.1/STM32CubeIDE/plugins/com.st.stm32cube.ide.mcu.externaltools.gnu-tools-for-stm32.12.3.rel1.win32_1.1.0.202410251130/tools/bin/../lib/gcc/arm-none-eabi/12.3.1/../../../../arm-none-eabi/lib/thumb/v7e-m+fp/hard\libc_nano.a(libc_a-sprintf.o)
                0x080089f0                siprintf
                0x080089f0                sprintf
 .text._vsprintf_r
                0x08008a30       0x2c C:/ST/STM32CubeIDE_1.16.1/STM32CubeIDE/plugins/com.st.stm32cube.ide.mcu.externaltools.gnu-tools-for-stm32.12.3.rel1.win32_1.1.0.202410251130/tools/bin/../lib/gcc/arm-none-eabi/12.3.1/../../../../arm-none-eabi/lib/thumb/v7e-m+fp/hard\libc_nano.a(libc_a-vsprintf.o)
                0x08008a30                _vsprintf_r
                0x08008a30                _vsiprintf_r
 .text.vsprintf
                0x08008a5c       0x14 C:/ST/STM32CubeIDE_1.16.1/STM32CubeIDE/plugins/com.st.stm32cube.ide.mcu.externaltools.gnu-tools-for-stm32.12.3.rel1.win32_1.1.0.202410251130/tools/bin/../lib/gcc/arm-none-eabi/12.3.1/../../../../arm-none-eabi/lib/thumb/v7e-m+fp/hard\libc_nano.a(libc_a-vsprintf.o)
                0x08008a5c                vsiprintf
                0x08008a5c                vsprintf
 .text.memset   0x08008a70       0x10 C:/ST/STM32CubeIDE_1.16.1/STM32CubeIDE/plugins/com.st.stm32cube.ide.mcu.externaltools.gnu-tools-for-stm32.12.3.rel1.win32_1.1.0.202410251130/tools/bin/../lib/gcc/arm-none-eabi/12.3.1/../../../../arm-none-eabi/lib/thumb/v7e-m+fp/hard\libc_nano.a(libc_a-memset.o)
                0x08008a70                memset
 .text.__errno  0x08008a80        0xc C:/ST/STM32CubeIDE_1.16.1/STM32CubeIDE/plugins/com.st.stm32cube.ide.mcu.externaltools.gnu-tools-for-stm32.12.3.rel1.win32_1.1.0.202410251130/tools/bin/../lib/gcc/arm-none-eabi/12.3.1/../../../../arm-none-eabi/lib/thumb/v7e-m+fp/hard\libc_nano.a(libc_a-errno.o)
                0x08008a80                __errno
 .text.__libc_init_array
                0x08008a8c       0x48 C:/ST/STM32CubeIDE_1.16.1/STM32CubeIDE/plugins/com.st.stm32cube.ide.mcu.externaltools.gnu-tools-for-stm32.12.3.rel1.win32_1.1.0.202410251130/tools/bin/../lib/gcc/arm-none-eabi/12.3.1/../../../../arm-none-eabi/lib/thumb/v7e-m+fp/hard\libc_nano.a(libc_a-init.o)
                0x08008a8c                __libc_init_array
 .text.__retarget_lock_acquire_recursive
                0x08008ad4        0x2 C:/ST/STM32CubeIDE_1.16.1/STM32CubeIDE/plugins/com.st.stm32cube.ide.mcu.externaltools.gnu-tools-for-stm32.12.3.rel1.win32_1.1.0.202410251130/tools/bin/../lib/gcc/arm-none-eabi/12.3.1/../../../../arm-none-eabi/lib/thumb/v7e-m+fp/hard\libc_nano.a(libc_a-lock.o)
                0x08008ad4                __retarget_lock_acquire_recursive
 .text.__retarget_lock_release_recursive
                0x08008ad6        0x2 C:/ST/STM32CubeIDE_1.16.1/STM32CubeIDE/plugins/com.st.stm32cube.ide.mcu.externaltools.gnu-tools-for-stm32.12.3.rel1.win32_1.1.0.202410251130/tools/bin/../lib/gcc/arm-none-eabi/12.3.1/../../../../arm-none-eabi/lib/thumb/v7e-m+fp/hard\libc_nano.a(libc_a-lock.o)
                0x08008ad6                __retarget_lock_release_recursive
 .text._free_r  0x08008ad8       0x94 C:/ST/STM32CubeIDE_1.16.1/STM32CubeIDE/plugins/com.st.stm32cube.ide.mcu.externaltools.gnu-tools-for-stm32.12.3.rel1.win32_1.1.0.202410251130/tools/bin/../lib/gcc/arm-none-eabi/12.3.1/../../../../arm-none-eabi/lib/thumb/v7e-m+fp/hard\libc_nano.a(libc_a-freer.o)
                0x08008ad8                _free_r
 .text.sbrk_aligned
                0x08008b6c       0x44 C:/ST/STM32CubeIDE_1.16.1/STM32CubeIDE/plugins/com.st.stm32cube.ide.mcu.externaltools.gnu-tools-for-stm32.12.3.rel1.win32_1.1.0.202410251130/tools/bin/../lib/gcc/arm-none-eabi/12.3.1/../../../../arm-none-eabi/lib/thumb/v7e-m+fp/hard\libc_nano.a(libc_a-mallocr.o)
 .text._malloc_r
                0x08008bb0      0x100 C:/ST/STM32CubeIDE_1.16.1/STM32CubeIDE/plugins/com.st.stm32cube.ide.mcu.externaltools.gnu-tools-for-stm32.12.3.rel1.win32_1.1.0.202410251130/tools/bin/../lib/gcc/arm-none-eabi/12.3.1/../../../../arm-none-eabi/lib/thumb/v7e-m+fp/hard\libc_nano.a(libc_a-mallocr.o)
                0x08008bb0                _malloc_r
 .text.__malloc_lock
                0x08008cb0        0xc C:/ST/STM32CubeIDE_1.16.1/STM32CubeIDE/plugins/com.st.stm32cube.ide.mcu.externaltools.gnu-tools-for-stm32.12.3.rel1.win32_1.1.0.202410251130/tools/bin/../lib/gcc/arm-none-eabi/12.3.1/../../../../arm-none-eabi/lib/thumb/v7e-m+fp/hard\libc_nano.a(libc_a-mlock.o)
                0x08008cb0                __malloc_lock
 .text.__malloc_unlock
                0x08008cbc        0xc C:/ST/STM32CubeIDE_1.16.1/STM32CubeIDE/plugins/com.st.stm32cube.ide.mcu.externaltools.gnu-tools-for-stm32.12.3.rel1.win32_1.1.0.202410251130/tools/bin/../lib/gcc/arm-none-eabi/12.3.1/../../../../arm-none-eabi/lib/thumb/v7e-m+fp/hard\libc_nano.a(libc_a-mlock.o)
                0x08008cbc                __malloc_unlock
 .text.__ssputs_r
                0x08008cc8       0xb6 C:/ST/STM32CubeIDE_1.16.1/STM32CubeIDE/plugins/com.st.stm32cube.ide.mcu.externaltools.gnu-tools-for-stm32.12.3.rel1.win32_1.1.0.202410251130/tools/bin/../lib/gcc/arm-none-eabi/12.3.1/../../../../arm-none-eabi/lib/thumb/v7e-m+fp/hard\libc_nano.a(libc_a-nano-svfprintf.o)
                0x08008cc8                __ssputs_r
 *fill*         0x08008d7e        0x2 
 .text._svfprintf_r
                0x08008d80      0x1f8 C:/ST/STM32CubeIDE_1.16.1/STM32CubeIDE/plugins/com.st.stm32cube.ide.mcu.externaltools.gnu-tools-for-stm32.12.3.rel1.win32_1.1.0.202410251130/tools/bin/../lib/gcc/arm-none-eabi/12.3.1/../../../../arm-none-eabi/lib/thumb/v7e-m+fp/hard\libc_nano.a(libc_a-nano-svfprintf.o)
                0x08008d80                _svfiprintf_r
                0x08008d80                _svfprintf_r
 .text._printf_common
                0x08008f78       0xda C:/ST/STM32CubeIDE_1.16.1/STM32CubeIDE/plugins/com.st.stm32cube.ide.mcu.externaltools.gnu-tools-for-stm32.12.3.rel1.win32_1.1.0.202410251130/tools/bin/../lib/gcc/arm-none-eabi/12.3.1/../../../../arm-none-eabi/lib/thumb/v7e-m+fp/hard\libc_nano.a(libc_a-nano-vfprintf_i.o)
                0x08008f78                _printf_common
 *fill*         0x08009052        0x2 
 .text._printf_i
                0x08009054      0x240 C:/ST/STM32CubeIDE_1.16.1/STM32CubeIDE/plugins/com.st.stm32cube.ide.mcu.externaltools.gnu-tools-for-stm32.12.3.rel1.win32_1.1.0.202410251130/tools/bin/../lib/gcc/arm-none-eabi/12.3.1/../../../../arm-none-eabi/lib/thumb/v7e-m+fp/hard\libc_nano.a(libc_a-nano-vfprintf_i.o)
                0x08009054                _printf_i
 .text.memmove  0x08009294       0x34 C:/ST/STM32CubeIDE_1.16.1/STM32CubeIDE/plugins/com.st.stm32cube.ide.mcu.externaltools.gnu-tools-for-stm32.12.3.rel1.win32_1.1.0.202410251130/tools/bin/../lib/gcc/arm-none-eabi/12.3.1/../../../../arm-none-eabi/lib/thumb/v7e-m+fp/hard\libc_nano.a(libc_a-memmove.o)
                0x08009294                memmove
 .text._sbrk_r  0x080092c8       0x20 C:/ST/STM32CubeIDE_1.16.1/STM32CubeIDE/plugins/com.st.stm32cube.ide.mcu.externaltools.gnu-tools-for-stm32.12.3.rel1.win32_1.1.0.202410251130/tools/bin/../lib/gcc/arm-none-eabi/12.3.1/../../../../arm-none-eabi/lib/thumb/v7e-m+fp/hard\libc_nano.a(libc_a-sbrkr.o)
                0x080092c8                _sbrk_r
 .text.memcpy   0x080092e8       0x1c C:/ST/STM32CubeIDE_1.16.1/STM32CubeIDE/plugins/com.st.stm32cube.ide.mcu.externaltools.gnu-tools-for-stm32.12.3.rel1.win32_1.1.0.202410251130/tools/bin/../lib/gcc/arm-none-eabi/12.3.1/../../../../arm-none-eabi/lib/thumb/v7e-m+fp/hard\libc_nano.a(libc_a-memcpy-stub.o)
                0x080092e8                memcpy
 .text._realloc_r
                0x08009304       0x5c C:/ST/STM32CubeIDE_1.16.1/STM32CubeIDE/plugins/com.st.stm32cube.ide.mcu.externaltools.gnu-tools-for-stm32.12.3.rel1.win32_1.1.0.202410251130/tools/bin/../lib/gcc/arm-none-eabi/12.3.1/../../../../arm-none-eabi/lib/thumb/v7e-m+fp/hard\libc_nano.a(libc_a-reallocr.o)
                0x08009304                _realloc_r
 .text._malloc_usable_size_r
                0x08009360       0x10 C:/ST/STM32CubeIDE_1.16.1/STM32CubeIDE/plugins/com.st.stm32cube.ide.mcu.externaltools.gnu-tools-for-stm32.12.3.rel1.win32_1.1.0.202410251130/tools/bin/../lib/gcc/arm-none-eabi/12.3.1/../../../../arm-none-eabi/lib/thumb/v7e-m+fp/hard\libc_nano.a(libc_a-msizer.o)
                0x08009360                _malloc_usable_size_r
 *(.glue_7)
 .glue_7        0x08009370        0x0 linker stubs
 *(.glue_7t)
 .glue_7t       0x08009370        0x0 linker stubs
 *(.eh_frame)
 .eh_frame      0x08009370        0x0 C:/ST/STM32CubeIDE_1.16.1/STM32CubeIDE/plugins/com.st.stm32cube.ide.mcu.externaltools.gnu-tools-for-stm32.12.3.rel1.win32_1.1.0.202410251130/tools/bin/../lib/gcc/arm-none-eabi/12.3.1/thumb/v7e-m+fp/hard/crtbegin.o
 *(.init)
 .init          0x08009370        0x4 C:/ST/STM32CubeIDE_1.16.1/STM32CubeIDE/plugins/com.st.stm32cube.ide.mcu.externaltools.gnu-tools-for-stm32.12.3.rel1.win32_1.1.0.202410251130/tools/bin/../lib/gcc/arm-none-eabi/12.3.1/thumb/v7e-m+fp/hard/crti.o
                0x08009370                _init
 .init          0x08009374        0x8 C:/ST/STM32CubeIDE_1.16.1/STM32CubeIDE/plugins/com.st.stm32cube.ide.mcu.externaltools.gnu-tools-for-stm32.12.3.rel1.win32_1.1.0.202410251130/tools/bin/../lib/gcc/arm-none-eabi/12.3.1/thumb/v7e-m+fp/hard/crtn.o
 *(.fini)
 .fini          0x0800937c        0x4 C:/ST/STM32CubeIDE_1.16.1/STM32CubeIDE/plugins/com.st.stm32cube.ide.mcu.externaltools.gnu-tools-for-stm32.12.3.rel1.win32_1.1.0.202410251130/tools/bin/../lib/gcc/arm-none-eabi/12.3.1/thumb/v7e-m+fp/hard/crti.o
                0x0800937c                _fini
 .fini          0x08009380        0x8 C:/ST/STM32CubeIDE_1.16.1/STM32CubeIDE/plugins/com.st.stm32cube.ide.mcu.externaltools.gnu-tools-for-stm32.12.3.rel1.win32_1.1.0.202410251130/tools/bin/../lib/gcc/arm-none-eabi/12.3.1/thumb/v7e-m+fp/hard/crtn.o
                0x08009388                        . = ALIGN (0x4)
                0x08009388                        _etext = .

.vfp11_veneer   0x08009388        0x0
 .vfp11_veneer  0x08009388        0x0 linker stubs

.v4_bx          0x08009388        0x0
 .v4_bx         0x08009388        0x0 linker stubs

.iplt           0x08009388        0x0
 .iplt          0x08009388        0x0 C:/ST/STM32CubeIDE_1.16.1/STM32CubeIDE/plugins/com.st.stm32cube.ide.mcu.externaltools.gnu-tools-for-stm32.12.3.rel1.win32_1.1.0.202410251130/tools/bin/../lib/gcc/arm-none-eabi/12.3.1/thumb/v7e-m+fp/hard/crtbegin.o

.rodata         0x08009388      0x2e4
                0x08009388                        . = ALIGN (0x4)
 *(.rodata)
 .rodata        0x08009388        0x7 ./Components/Src/lcd.o
 *fill*         0x0800938f        0x1 
 .rodata        0x08009390        0xf ./Components/Src/menu.o
 *fill*         0x0800939f        0x1 
 .rodata        0x080093a0       0x3a ./Components/Src/menu_config.o
 *fill*         0x080093da        0x2 
 .rodata        0x080093dc      0x10c ./Core/Src/main.o
 *(.rodata*)
 .rodata.DISP_COMMON_CATHODE_MAP
                0x080094e8       0x11 ./Components/Src/disp.o
                0x080094e8                DISP_COMMON_CATHODE_MAP
 *fill*         0x080094f9        0x3 
 .rodata.LCD_ROW_16
                0x080094fc        0x4 ./Components/Src/lcd.o
                0x080094fc                LCD_ROW_16
 .rodata.__menu__padding
                0x08009500       0x15 ./Components/Src/menu.o
                0x08009500                __menu__padding
 *fill*         0x08009515        0x3 
 .rodata.AHBPrescTable
                0x08009518       0x10 ./Core/Src/system_stm32f7xx.o
                0x08009518                AHBPrescTable
 .rodata.APBPrescTable
                0x08009528        0x8 ./Core/Src/system_stm32f7xx.o
                0x08009528                APBPrescTable
 .rodata.flagBitshiftOffset.0
                0x08009530        0x8 ./Drivers/STM32F7xx_HAL_Driver/Src/stm32f7xx_hal_dma.o
 .rodata._ctype_
                0x08009538      0x101 C:/ST/STM32CubeIDE_1.16.1/STM32CubeIDE/plugins/com.st.stm32cube.ide.mcu.externaltools.gnu-tools-for-stm32.12.3.rel1.win32_1.1.0.202410251130/tools/bin/../lib/gcc/arm-none-eabi/12.3.1/../../../../arm-none-eabi/lib/thumb/v7e-m+fp/hard\libc_nano.a(libc_a-ctype_.o)
                0x08009538                _ctype_
 .rodata._svfprintf_r.str1.1
                0x08009639       0x11 C:/ST/STM32CubeIDE_1.16.1/STM32CubeIDE/plugins/com.st.stm32cube.ide.mcu.externaltools.gnu-tools-for-stm32.12.3.rel1.win32_1.1.0.202410251130/tools/bin/../lib/gcc/arm-none-eabi/12.3.1/../../../../arm-none-eabi/lib/thumb/v7e-m+fp/hard\libc_nano.a(libc_a-nano-svfprintf.o)
 .rodata._printf_i.str1.1
                0x0800964a       0x22 C:/ST/STM32CubeIDE_1.16.1/STM32CubeIDE/plugins/com.st.stm32cube.ide.mcu.externaltools.gnu-tools-for-stm32.12.3.rel1.win32_1.1.0.202410251130/tools/bin/../lib/gcc/arm-none-eabi/12.3.1/../../../../arm-none-eabi/lib/thumb/v7e-m+fp/hard\libc_nano.a(libc_a-nano-vfprintf_i.o)
                0x0800966c                        . = ALIGN (0x4)

.ARM.extab      0x0800966c        0x0
                0x0800966c                        . = ALIGN (0x4)
 *(.ARM.extab* .gnu.linkonce.armextab.*)
                0x0800966c                        . = ALIGN (0x4)

.ARM            0x0800966c        0x8
                0x0800966c                        . = ALIGN (0x4)
                0x0800966c                        __exidx_start = .
 *(.ARM.exidx*)
 .ARM.exidx     0x0800966c        0x8 C:/ST/STM32CubeIDE_1.16.1/STM32CubeIDE/plugins/com.st.stm32cube.ide.mcu.externaltools.gnu-tools-for-stm32.12.3.rel1.win32_1.1.0.202410251130/tools/bin/../lib/gcc/arm-none-eabi/12.3.1/../../../../arm-none-eabi/lib/thumb/v7e-m+fp/hard\libc_nano.a(libc_a-strlen.o)
 .ARM.exidx     0x08009674        0x0 C:/ST/STM32CubeIDE_1.16.1/STM32CubeIDE/plugins/com.st.stm32cube.ide.mcu.externaltools.gnu-tools-for-stm32.12.3.rel1.win32_1.1.0.202410251130/tools/bin/../lib/gcc/arm-none-eabi/12.3.1/../../../../arm-none-eabi/lib/thumb/v7e-m+fp/hard\libc_nano.a(libc_a-memchr.o)
                                  0x8 (size before relaxing)
 .ARM.exidx     0x08009674        0x0 C:/ST/STM32CubeIDE_1.16.1/STM32CubeIDE/plugins/com.st.stm32cube.ide.mcu.externaltools.gnu-tools-for-stm32.12.3.rel1.win32_1.1.0.202410251130/tools/bin/../lib/gcc/arm-none-eabi/12.3.1/thumb/v7e-m+fp/hard\libgcc.a(_udivmoddi4.o)
                                  0x8 (size before relaxing)
                0x08009674                        __exidx_end = .
                0x08009674                        . = ALIGN (0x4)

.rel.dyn        0x08009674        0x0
 .rel.iplt      0x08009674        0x0 C:/ST/STM32CubeIDE_1.16.1/STM32CubeIDE/plugins/com.st.stm32cube.ide.mcu.externaltools.gnu-tools-for-stm32.12.3.rel1.win32_1.1.0.202410251130/tools/bin/../lib/gcc/arm-none-eabi/12.3.1/thumb/v7e-m+fp/hard/crtbegin.o

.preinit_array  0x08009674        0x0
                0x08009674                        . = ALIGN (0x4)
                0x08009674                        PROVIDE (__preinit_array_start = .)
 *(.preinit_array*)
                0x08009674                        PROVIDE (__preinit_array_end = .)
                0x08009674                        . = ALIGN (0x4)

.init_array     0x08009674        0x4
                0x08009674                        . = ALIGN (0x4)
                0x08009674                        PROVIDE (__init_array_start = .)
 *(SORT_BY_NAME(.init_array.*))
 *(.init_array*)
 .init_array    0x08009674        0x4 C:/ST/STM32CubeIDE_1.16.1/STM32CubeIDE/plugins/com.st.stm32cube.ide.mcu.externaltools.gnu-tools-for-stm32.12.3.rel1.win32_1.1.0.202410251130/tools/bin/../lib/gcc/arm-none-eabi/12.3.1/thumb/v7e-m+fp/hard/crtbegin.o
                0x08009678                        PROVIDE (__init_array_end = .)
                0x08009678                        . = ALIGN (0x4)

.fini_array     0x08009678        0x4
                0x08009678                        . = ALIGN (0x4)
                [!provide]                        PROVIDE (__fini_array_start = .)
 *(SORT_BY_NAME(.fini_array.*))
 *(.fini_array*)
 .fini_array    0x08009678        0x4 C:/ST/STM32CubeIDE_1.16.1/STM32CubeIDE/plugins/com.st.stm32cube.ide.mcu.externaltools.gnu-tools-for-stm32.12.3.rel1.win32_1.1.0.202410251130/tools/bin/../lib/gcc/arm-none-eabi/12.3.1/thumb/v7e-m+fp/hard/crtbegin.o
                [!provide]                        PROVIDE (__fini_array_end = .)
                0x0800967c                        . = ALIGN (0x4)
                0x0800967c                        _sidata = LOADADDR (.data)

.data           0x20000000      0x280 load address 0x0800967c
                0x20000000                        . = ALIGN (0x4)
                0x20000000                        _sdata = .
 *(.data)
 *(.data*)
 .data.hbh1750  0x20000000       0x10 ./Components/Src/bh1750_config.o
                0x20000000                hbh1750
 .data.husrbtn  0x20000010        0xc ./Components/Src/btn_config.o
                0x20000010                husrbtn
 .data.hbtn1    0x2000001c        0xc ./Components/Src/btn_config.o
                0x2000001c                hbtn1
 .data.hbtn2    0x20000028        0xc ./Components/Src/btn_config.o
                0x20000028                hbtn2
 .data.hdisp2   0x20000034       0x14 ./Components/Src/disp_config.o
                0x20000034                hdisp2
 .data.__hlcd1_DATA
                0x20000048       0x20 ./Components/Src/lcd_config.o
                0x20000048                __hlcd1_DATA
 .data.hlcd1    0x20000068       0x20 ./Components/Src/lcd_config.o
                0x20000068                hlcd1
 .data.hld1     0x20000088       0x10 ./Components/Src/led_config.o
                0x20000088                hld1
 .data.hldg1    0x20000098        0xc ./Components/Src/led_config.o
                0x20000098                hldg1
 .data.hldb1    0x200000a4        0xc ./Components/Src/led_config.o
                0x200000a4                hldb1
 .data.hldr1    0x200000b0        0xc ./Components/Src/led_config.o
                0x200000b0                hldr1
 .data.hmenu    0x200000bc       0x14 ./Components/Src/menu_config.o
                0x200000bc                hmenu
 .data.menu_ref_lux
                0x200000d0       0x6c ./Components/Src/menu_config.o
                0x200000d0                menu_ref_lux
 .data.menu_illuminance
                0x2000013c       0x6c ./Components/Src/menu_config.o
                0x2000013c                menu_illuminance
 .data.menu_cntrl_sig
                0x200001a8       0x6c ./Components/Src/menu_config.o
                0x200001a8                menu_cntrl_sig
 .data.MENU_MAIN_ARRAY
                0x20000214        0xc ./Components/Src/menu_config.o
                0x20000214                MENU_MAIN_ARRAY
 .data.Ki       0x20000220        0x4 ./Core/Src/main.o
                0x20000220                Ki
 .data.SystemCoreClock
                0x20000224        0x4 ./Core/Src/system_stm32f7xx.o
                0x20000224                SystemCoreClock
 .data.uwTickPrio
                0x20000228        0x4 ./Drivers/STM32F7xx_HAL_Driver/Src/stm32f7xx_hal.o
                0x20000228                uwTickPrio
 .data.uwTickFreq
                0x2000022c        0x1 ./Drivers/STM32F7xx_HAL_Driver/Src/stm32f7xx_hal.o
                0x2000022c                uwTickFreq
 *fill*         0x2000022d        0x3 
 .data._impure_ptr
                0x20000230        0x4 C:/ST/STM32CubeIDE_1.16.1/STM32CubeIDE/plugins/com.st.stm32cube.ide.mcu.externaltools.gnu-tools-for-stm32.12.3.rel1.win32_1.1.0.202410251130/tools/bin/../lib/gcc/arm-none-eabi/12.3.1/../../../../arm-none-eabi/lib/thumb/v7e-m+fp/hard\libc_nano.a(libc_a-impure.o)
                0x20000230                _impure_ptr
 .data._impure_data
                0x20000234       0x4c C:/ST/STM32CubeIDE_1.16.1/STM32CubeIDE/plugins/com.st.stm32cube.ide.mcu.externaltools.gnu-tools-for-stm32.12.3.rel1.win32_1.1.0.202410251130/tools/bin/../lib/gcc/arm-none-eabi/12.3.1/../../../../arm-none-eabi/lib/thumb/v7e-m+fp/hard\libc_nano.a(libc_a-impure.o)
                0x20000234                _impure_data
 *(.RamFunc)
 *(.RamFunc*)
                0x20000280                        . = ALIGN (0x4)
                0x20000280                        _edata = .

.igot.plt       0x20000280        0x0 load address 0x080098fc
 .igot.plt      0x20000280        0x0 C:/ST/STM32CubeIDE_1.16.1/STM32CubeIDE/plugins/com.st.stm32cube.ide.mcu.externaltools.gnu-tools-for-stm32.12.3.rel1.win32_1.1.0.202410251130/tools/bin/../lib/gcc/arm-none-eabi/12.3.1/thumb/v7e-m+fp/hard/crtbegin.o
                0x20000280                        . = ALIGN (0x4)

.bss            0x20000280      0x468 load address 0x080098fc
                0x20000280                        _sbss = .
                0x20000280                        __bss_start__ = _sbss
 *(.bss)
 .bss           0x20000280       0x1c C:/ST/STM32CubeIDE_1.16.1/STM32CubeIDE/plugins/com.st.stm32cube.ide.mcu.externaltools.gnu-tools-for-stm32.12.3.rel1.win32_1.1.0.202410251130/tools/bin/../lib/gcc/arm-none-eabi/12.3.1/thumb/v7e-m+fp/hard/crtbegin.o
 *(.bss*)
 .bss.hadc1     0x2000029c       0x48 ./Core/Src/adc.o
                0x2000029c                hadc1
 .bss.hdma_adc1
                0x200002e4       0x60 ./Core/Src/adc.o
                0x200002e4                hdma_adc1
 .bss.hi2c1     0x20000344       0x54 ./Core/Src/i2c.o
                0x20000344                hi2c1
 .bss.tx_buffer
                0x20000398        0x8 ./Core/Src/main.o
                0x20000398                tx_buffer
 .bss.Illuminance_lux_Int
                0x200003a0        0x4 ./Core/Src/main.o
                0x200003a0                Illuminance_lux_Int
 .bss.Illuminance_lux
                0x200003a4        0x4 ./Core/Src/main.o
                0x200003a4                Illuminance_lux
 .bss.lux_out   0x200003a8        0x4 ./Core/Src/main.o
                0x200003a8                lux_out
 .bss.integral  0x200003ac        0x4 ./Core/Src/main.o
                0x200003ac                integral
 .bss.init_done
                0x200003b0        0x4 ./Core/Src/main.o
                0x200003b0                init_done
 .bss.duty_cycle
                0x200003b4        0x4 ./Core/Src/main.o
                0x200003b4                duty_cycle
 .bss.error     0x200003b8        0x4 ./Core/Src/main.o
                0x200003b8                error
 .bss.aim       0x200003bc        0x4 ./Core/Src/main.o
                0x200003bc                aim
 .bss.max_lux   0x200003c0        0x4 ./Core/Src/main.o
                0x200003c0                max_lux
 .bss.min_lux   0x200003c4        0x4 ./Core/Src/main.o
                0x200003c4                min_lux
 .bss.inputMode
                0x200003c8        0x1 ./Core/Src/main.o
                0x200003c8                inputMode
 .bss.timer_flag
                0x200003c9        0x1 ./Core/Src/main.o
                0x200003c9                timer_flag
 *fill*         0x200003ca        0x2 
 .bss.__sbrk_heap_end
                0x200003cc        0x4 ./Core/Src/sysmem.o
 .bss.htim5     0x200003d0       0x4c ./Core/Src/tim.o
                0x200003d0                htim5
 .bss.htim7     0x2000041c       0x4c ./Core/Src/tim.o
                0x2000041c                htim7
 .bss.htim9     0x20000468       0x4c ./Core/Src/tim.o
                0x20000468                htim9
 .bss.huart3    0x200004b4       0x88 ./Core/Src/usart.o
                0x200004b4                huart3
 .bss.hdma_usart3_rx
                0x2000053c       0x60 ./Core/Src/usart.o
                0x2000053c                hdma_usart3_rx
 .bss.uwTick    0x2000059c        0x4 ./Drivers/STM32F7xx_HAL_Driver/Src/stm32f7xx_hal.o
                0x2000059c                uwTick
 .bss.__sf      0x200005a0      0x138 C:/ST/STM32CubeIDE_1.16.1/STM32CubeIDE/plugins/com.st.stm32cube.ide.mcu.externaltools.gnu-tools-for-stm32.12.3.rel1.win32_1.1.0.202410251130/tools/bin/../lib/gcc/arm-none-eabi/12.3.1/../../../../arm-none-eabi/lib/thumb/v7e-m+fp/hard\libc_nano.a(libc_a-findfp.o)
                0x200005a0                __sf
 .bss.errno     0x200006d8        0x4 C:/ST/STM32CubeIDE_1.16.1/STM32CubeIDE/plugins/com.st.stm32cube.ide.mcu.externaltools.gnu-tools-for-stm32.12.3.rel1.win32_1.1.0.202410251130/tools/bin/../lib/gcc/arm-none-eabi/12.3.1/../../../../arm-none-eabi/lib/thumb/v7e-m+fp/hard\libc_nano.a(libc_a-reent.o)
                0x200006d8                errno
 .bss.__lock___malloc_recursive_mutex
                0x200006dc        0x1 C:/ST/STM32CubeIDE_1.16.1/STM32CubeIDE/plugins/com.st.stm32cube.ide.mcu.externaltools.gnu-tools-for-stm32.12.3.rel1.win32_1.1.0.202410251130/tools/bin/../lib/gcc/arm-none-eabi/12.3.1/../../../../arm-none-eabi/lib/thumb/v7e-m+fp/hard\libc_nano.a(libc_a-lock.o)
                0x200006dc                __lock___malloc_recursive_mutex
 *fill*         0x200006dd        0x3 
 .bss.__malloc_sbrk_start
                0x200006e0        0x4 C:/ST/STM32CubeIDE_1.16.1/STM32CubeIDE/plugins/com.st.stm32cube.ide.mcu.externaltools.gnu-tools-for-stm32.12.3.rel1.win32_1.1.0.202410251130/tools/bin/../lib/gcc/arm-none-eabi/12.3.1/../../../../arm-none-eabi/lib/thumb/v7e-m+fp/hard\libc_nano.a(libc_a-mallocr.o)
                0x200006e0                __malloc_sbrk_start
 .bss.__malloc_free_list
                0x200006e4        0x4 C:/ST/STM32CubeIDE_1.16.1/STM32CubeIDE/plugins/com.st.stm32cube.ide.mcu.externaltools.gnu-tools-for-stm32.12.3.rel1.win32_1.1.0.202410251130/tools/bin/../lib/gcc/arm-none-eabi/12.3.1/../../../../arm-none-eabi/lib/thumb/v7e-m+fp/hard\libc_nano.a(libc_a-mallocr.o)
                0x200006e4                __malloc_free_list
 *(COMMON)
                0x200006e8                        . = ALIGN (0x4)
                0x200006e8                        _ebss = .
                0x200006e8                        __bss_end__ = _ebss

._user_heap_stack
                0x200006e8      0x600 load address 0x080098fc
                0x200006e8                        . = ALIGN (0x8)
                [!provide]                        PROVIDE (end = .)
                0x200006e8                        PROVIDE (_end = .)
                0x200008e8                        . = (. + _Min_Heap_Size)
 *fill*         0x200006e8      0x200 
                0x20000ce8                        . = (. + _Min_Stack_Size)
 *fill*         0x200008e8      0x400 
                0x20000ce8                        . = ALIGN (0x8)

/DISCARD/
 libc.a(*)
 libm.a(*)
 libgcc.a(*)

.ARM.attributes
                0x00000000       0x30
 *(.ARM.attributes)
 .ARM.attributes
                0x00000000       0x22 C:/ST/STM32CubeIDE_1.16.1/STM32CubeIDE/plugins/com.st.stm32cube.ide.mcu.externaltools.gnu-tools-for-stm32.12.3.rel1.win32_1.1.0.202410251130/tools/bin/../lib/gcc/arm-none-eabi/12.3.1/thumb/v7e-m+fp/hard/crti.o
 .ARM.attributes
                0x00000022       0x34 C:/ST/STM32CubeIDE_1.16.1/STM32CubeIDE/plugins/com.st.stm32cube.ide.mcu.externaltools.gnu-tools-for-stm32.12.3.rel1.win32_1.1.0.202410251130/tools/bin/../lib/gcc/arm-none-eabi/12.3.1/thumb/v7e-m+fp/hard/crtbegin.o
 .ARM.attributes
                0x00000056       0x34 ./Components/Src/bh1750.o
 .ARM.attributes
                0x0000008a       0x34 ./Components/Src/bh1750_config.o
 .ARM.attributes
                0x000000be       0x34 ./Components/Src/btn.o
 .ARM.attributes
                0x000000f2       0x34 ./Components/Src/btn_config.o
 .ARM.attributes
                0x00000126       0x34 ./Components/Src/dio.o
 .ARM.attributes
                0x0000015a       0x34 ./Components/Src/disp.o
 .ARM.attributes
                0x0000018e       0x34 ./Components/Src/disp_config.o
 .ARM.attributes
                0x000001c2       0x34 ./Components/Src/lcd.o
 .ARM.attributes
                0x000001f6       0x34 ./Components/Src/lcd_config.o
 .ARM.attributes
                0x0000022a       0x34 ./Components/Src/led.o
 .ARM.attributes
                0x0000025e       0x34 ./Components/Src/led_config.o
 .ARM.attributes
                0x00000292       0x34 ./Components/Src/menu.o
 .ARM.attributes
                0x000002c6       0x34 ./Components/Src/menu_config.o
 .ARM.attributes
                0x000002fa       0x34 ./Components/Src/pwm.o
 .ARM.attributes
                0x0000032e       0x34 ./Core/Src/adc.o
 .ARM.attributes
                0x00000362       0x34 ./Core/Src/dma.o
 .ARM.attributes
                0x00000396       0x34 ./Core/Src/gpio.o
 .ARM.attributes
                0x000003ca       0x34 ./Core/Src/i2c.o
 .ARM.attributes
                0x000003fe       0x34 ./Core/Src/main.o
 .ARM.attributes
                0x00000432       0x34 ./Core/Src/stm32f7xx_hal_msp.o
 .ARM.attributes
                0x00000466       0x34 ./Core/Src/stm32f7xx_it.o
 .ARM.attributes
                0x0000049a       0x34 ./Core/Src/sysmem.o
 .ARM.attributes
                0x000004ce       0x34 ./Core/Src/system_stm32f7xx.o
 .ARM.attributes
                0x00000502       0x34 ./Core/Src/tim.o
 .ARM.attributes
                0x00000536       0x34 ./Core/Src/usart.o
 .ARM.attributes
                0x0000056a       0x21 ./Core/Startup/startup_stm32f746zgtx.o
 .ARM.attributes
                0x0000058b       0x34 ./Drivers/STM32F7xx_HAL_Driver/Src/stm32f7xx_hal.o
 .ARM.attributes
                0x000005bf       0x34 ./Drivers/STM32F7xx_HAL_Driver/Src/stm32f7xx_hal_adc.o
 .ARM.attributes
                0x000005f3       0x34 ./Drivers/STM32F7xx_HAL_Driver/Src/stm32f7xx_hal_adc_ex.o
 .ARM.attributes
                0x00000627       0x34 ./Drivers/STM32F7xx_HAL_Driver/Src/stm32f7xx_hal_cortex.o
 .ARM.attributes
                0x0000065b       0x34 ./Drivers/STM32F7xx_HAL_Driver/Src/stm32f7xx_hal_dma.o
 .ARM.attributes
                0x0000068f       0x34 ./Drivers/STM32F7xx_HAL_Driver/Src/stm32f7xx_hal_gpio.o
 .ARM.attributes
                0x000006c3       0x34 ./Drivers/STM32F7xx_HAL_Driver/Src/stm32f7xx_hal_i2c.o
 .ARM.attributes
                0x000006f7       0x34 ./Drivers/STM32F7xx_HAL_Driver/Src/stm32f7xx_hal_i2c_ex.o
 .ARM.attributes
                0x0000072b       0x34 ./Drivers/STM32F7xx_HAL_Driver/Src/stm32f7xx_hal_pwr.o
 .ARM.attributes
                0x0000075f       0x34 ./Drivers/STM32F7xx_HAL_Driver/Src/stm32f7xx_hal_pwr_ex.o
 .ARM.attributes
                0x00000793       0x34 ./Drivers/STM32F7xx_HAL_Driver/Src/stm32f7xx_hal_rcc.o
 .ARM.attributes
                0x000007c7       0x34 ./Drivers/STM32F7xx_HAL_Driver/Src/stm32f7xx_hal_rcc_ex.o
 .ARM.attributes
                0x000007fb       0x34 ./Drivers/STM32F7xx_HAL_Driver/Src/stm32f7xx_hal_tim.o
 .ARM.attributes
                0x0000082f       0x34 ./Drivers/STM32F7xx_HAL_Driver/Src/stm32f7xx_hal_tim_ex.o
 .ARM.attributes
                0x00000863       0x34 ./Drivers/STM32F7xx_HAL_Driver/Src/stm32f7xx_hal_uart.o
 .ARM.attributes
                0x00000897       0x34 C:/ST/STM32CubeIDE_1.16.1/STM32CubeIDE/plugins/com.st.stm32cube.ide.mcu.externaltools.gnu-tools-for-stm32.12.3.rel1.win32_1.1.0.202410251130/tools/bin/../lib/gcc/arm-none-eabi/12.3.1/../../../../arm-none-eabi/lib/thumb/v7e-m+fp/hard\libc_nano.a(libc_a-strtol.o)
 .ARM.attributes
                0x000008cb       0x34 C:/ST/STM32CubeIDE_1.16.1/STM32CubeIDE/plugins/com.st.stm32cube.ide.mcu.externaltools.gnu-tools-for-stm32.12.3.rel1.win32_1.1.0.202410251130/tools/bin/../lib/gcc/arm-none-eabi/12.3.1/../../../../arm-none-eabi/lib/thumb/v7e-m+fp/hard\libc_nano.a(libc_a-ctype_.o)
 .ARM.attributes
                0x000008ff       0x34 C:/ST/STM32CubeIDE_1.16.1/STM32CubeIDE/plugins/com.st.stm32cube.ide.mcu.externaltools.gnu-tools-for-stm32.12.3.rel1.win32_1.1.0.202410251130/tools/bin/../lib/gcc/arm-none-eabi/12.3.1/../../../../arm-none-eabi/lib/thumb/v7e-m+fp/hard\libc_nano.a(libc_a-findfp.o)
 .ARM.attributes
                0x00000933       0x34 C:/ST/STM32CubeIDE_1.16.1/STM32CubeIDE/plugins/com.st.stm32cube.ide.mcu.externaltools.gnu-tools-for-stm32.12.3.rel1.win32_1.1.0.202410251130/tools/bin/../lib/gcc/arm-none-eabi/12.3.1/../../../../arm-none-eabi/lib/thumb/v7e-m+fp/hard\libc_nano.a(libc_a-sprintf.o)
 .ARM.attributes
                0x00000967       0x34 C:/ST/STM32CubeIDE_1.16.1/STM32CubeIDE/plugins/com.st.stm32cube.ide.mcu.externaltools.gnu-tools-for-stm32.12.3.rel1.win32_1.1.0.202410251130/tools/bin/../lib/gcc/arm-none-eabi/12.3.1/../../../../arm-none-eabi/lib/thumb/v7e-m+fp/hard\libc_nano.a(libc_a-vsprintf.o)
 .ARM.attributes
                0x0000099b       0x34 C:/ST/STM32CubeIDE_1.16.1/STM32CubeIDE/plugins/com.st.stm32cube.ide.mcu.externaltools.gnu-tools-for-stm32.12.3.rel1.win32_1.1.0.202410251130/tools/bin/../lib/gcc/arm-none-eabi/12.3.1/../../../../arm-none-eabi/lib/thumb/v7e-m+fp/hard\libc_nano.a(libc_a-memset.o)
 .ARM.attributes
                0x000009cf       0x34 C:/ST/STM32CubeIDE_1.16.1/STM32CubeIDE/plugins/com.st.stm32cube.ide.mcu.externaltools.gnu-tools-for-stm32.12.3.rel1.win32_1.1.0.202410251130/tools/bin/../lib/gcc/arm-none-eabi/12.3.1/../../../../arm-none-eabi/lib/thumb/v7e-m+fp/hard\libc_nano.a(libc_a-reent.o)
 .ARM.attributes
                0x00000a03       0x34 C:/ST/STM32CubeIDE_1.16.1/STM32CubeIDE/plugins/com.st.stm32cube.ide.mcu.externaltools.gnu-tools-for-stm32.12.3.rel1.win32_1.1.0.202410251130/tools/bin/../lib/gcc/arm-none-eabi/12.3.1/../../../../arm-none-eabi/lib/thumb/v7e-m+fp/hard\libc_nano.a(libc_a-impure.o)
 .ARM.attributes
                0x00000a37       0x34 C:/ST/STM32CubeIDE_1.16.1/STM32CubeIDE/plugins/com.st.stm32cube.ide.mcu.externaltools.gnu-tools-for-stm32.12.3.rel1.win32_1.1.0.202410251130/tools/bin/../lib/gcc/arm-none-eabi/12.3.1/../../../../arm-none-eabi/lib/thumb/v7e-m+fp/hard\libc_nano.a(libc_a-errno.o)
 .ARM.attributes
                0x00000a6b       0x34 C:/ST/STM32CubeIDE_1.16.1/STM32CubeIDE/plugins/com.st.stm32cube.ide.mcu.externaltools.gnu-tools-for-stm32.12.3.rel1.win32_1.1.0.202410251130/tools/bin/../lib/gcc/arm-none-eabi/12.3.1/../../../../arm-none-eabi/lib/thumb/v7e-m+fp/hard\libc_nano.a(libc_a-init.o)
 .ARM.attributes
                0x00000a9f       0x34 C:/ST/STM32CubeIDE_1.16.1/STM32CubeIDE/plugins/com.st.stm32cube.ide.mcu.externaltools.gnu-tools-for-stm32.12.3.rel1.win32_1.1.0.202410251130/tools/bin/../lib/gcc/arm-none-eabi/12.3.1/../../../../arm-none-eabi/lib/thumb/v7e-m+fp/hard\libc_nano.a(libc_a-lock.o)
 .ARM.attributes
                0x00000ad3       0x17 C:/ST/STM32CubeIDE_1.16.1/STM32CubeIDE/plugins/com.st.stm32cube.ide.mcu.externaltools.gnu-tools-for-stm32.12.3.rel1.win32_1.1.0.202410251130/tools/bin/../lib/gcc/arm-none-eabi/12.3.1/../../../../arm-none-eabi/lib/thumb/v7e-m+fp/hard\libc_nano.a(libc_a-strlen.o)
 .ARM.attributes
                0x00000aea       0x34 C:/ST/STM32CubeIDE_1.16.1/STM32CubeIDE/plugins/com.st.stm32cube.ide.mcu.externaltools.gnu-tools-for-stm32.12.3.rel1.win32_1.1.0.202410251130/tools/bin/../lib/gcc/arm-none-eabi/12.3.1/../../../../arm-none-eabi/lib/thumb/v7e-m+fp/hard\libc_nano.a(libc_a-freer.o)
 .ARM.attributes
                0x00000b1e       0x34 C:/ST/STM32CubeIDE_1.16.1/STM32CubeIDE/plugins/com.st.stm32cube.ide.mcu.externaltools.gnu-tools-for-stm32.12.3.rel1.win32_1.1.0.202410251130/tools/bin/../lib/gcc/arm-none-eabi/12.3.1/../../../../arm-none-eabi/lib/thumb/v7e-m+fp/hard\libc_nano.a(libc_a-mallocr.o)
 .ARM.attributes
                0x00000b52       0x34 C:/ST/STM32CubeIDE_1.16.1/STM32CubeIDE/plugins/com.st.stm32cube.ide.mcu.externaltools.gnu-tools-for-stm32.12.3.rel1.win32_1.1.0.202410251130/tools/bin/../lib/gcc/arm-none-eabi/12.3.1/../../../../arm-none-eabi/lib/thumb/v7e-m+fp/hard\libc_nano.a(libc_a-mlock.o)
 .ARM.attributes
                0x00000b86       0x34 C:/ST/STM32CubeIDE_1.16.1/STM32CubeIDE/plugins/com.st.stm32cube.ide.mcu.externaltools.gnu-tools-for-stm32.12.3.rel1.win32_1.1.0.202410251130/tools/bin/../lib/gcc/arm-none-eabi/12.3.1/../../../../arm-none-eabi/lib/thumb/v7e-m+fp/hard\libc_nano.a(libc_a-nano-svfprintf.o)
 .ARM.attributes
                0x00000bba       0x34 C:/ST/STM32CubeIDE_1.16.1/STM32CubeIDE/plugins/com.st.stm32cube.ide.mcu.externaltools.gnu-tools-for-stm32.12.3.rel1.win32_1.1.0.202410251130/tools/bin/../lib/gcc/arm-none-eabi/12.3.1/../../../../arm-none-eabi/lib/thumb/v7e-m+fp/hard\libc_nano.a(libc_a-nano-vfprintf_i.o)
 .ARM.attributes
                0x00000bee       0x34 C:/ST/STM32CubeIDE_1.16.1/STM32CubeIDE/plugins/com.st.stm32cube.ide.mcu.externaltools.gnu-tools-for-stm32.12.3.rel1.win32_1.1.0.202410251130/tools/bin/../lib/gcc/arm-none-eabi/12.3.1/../../../../arm-none-eabi/lib/thumb/v7e-m+fp/hard\libc_nano.a(libc_a-memmove.o)
 .ARM.attributes
                0x00000c22       0x34 C:/ST/STM32CubeIDE_1.16.1/STM32CubeIDE/plugins/com.st.stm32cube.ide.mcu.externaltools.gnu-tools-for-stm32.12.3.rel1.win32_1.1.0.202410251130/tools/bin/../lib/gcc/arm-none-eabi/12.3.1/../../../../arm-none-eabi/lib/thumb/v7e-m+fp/hard\libc_nano.a(libc_a-sbrkr.o)
 .ARM.attributes
                0x00000c56       0x1c C:/ST/STM32CubeIDE_1.16.1/STM32CubeIDE/plugins/com.st.stm32cube.ide.mcu.externaltools.gnu-tools-for-stm32.12.3.rel1.win32_1.1.0.202410251130/tools/bin/../lib/gcc/arm-none-eabi/12.3.1/../../../../arm-none-eabi/lib/thumb/v7e-m+fp/hard\libc_nano.a(libc_a-memchr.o)
 .ARM.attributes
                0x00000c72       0x34 C:/ST/STM32CubeIDE_1.16.1/STM32CubeIDE/plugins/com.st.stm32cube.ide.mcu.externaltools.gnu-tools-for-stm32.12.3.rel1.win32_1.1.0.202410251130/tools/bin/../lib/gcc/arm-none-eabi/12.3.1/../../../../arm-none-eabi/lib/thumb/v7e-m+fp/hard\libc_nano.a(libc_a-memcpy-stub.o)
 .ARM.attributes
                0x00000ca6       0x34 C:/ST/STM32CubeIDE_1.16.1/STM32CubeIDE/plugins/com.st.stm32cube.ide.mcu.externaltools.gnu-tools-for-stm32.12.3.rel1.win32_1.1.0.202410251130/tools/bin/../lib/gcc/arm-none-eabi/12.3.1/../../../../arm-none-eabi/lib/thumb/v7e-m+fp/hard\libc_nano.a(libc_a-reallocr.o)
 .ARM.attributes
                0x00000cda       0x34 C:/ST/STM32CubeIDE_1.16.1/STM32CubeIDE/plugins/com.st.stm32cube.ide.mcu.externaltools.gnu-tools-for-stm32.12.3.rel1.win32_1.1.0.202410251130/tools/bin/../lib/gcc/arm-none-eabi/12.3.1/../../../../arm-none-eabi/lib/thumb/v7e-m+fp/hard\libc_nano.a(libc_a-msizer.o)
 .ARM.attributes
                0x00000d0e       0x22 C:/ST/STM32CubeIDE_1.16.1/STM32CubeIDE/plugins/com.st.stm32cube.ide.mcu.externaltools.gnu-tools-for-stm32.12.3.rel1.win32_1.1.0.202410251130/tools/bin/../lib/gcc/arm-none-eabi/12.3.1/thumb/v7e-m+fp/hard\libgcc.a(_arm_muldf3.o)
 .ARM.attributes
                0x00000d30       0x22 C:/ST/STM32CubeIDE_1.16.1/STM32CubeIDE/plugins/com.st.stm32cube.ide.mcu.externaltools.gnu-tools-for-stm32.12.3.rel1.win32_1.1.0.202410251130/tools/bin/../lib/gcc/arm-none-eabi/12.3.1/thumb/v7e-m+fp/hard\libgcc.a(_arm_addsubdf3.o)
 .ARM.attributes
                0x00000d52       0x22 C:/ST/STM32CubeIDE_1.16.1/STM32CubeIDE/plugins/com.st.stm32cube.ide.mcu.externaltools.gnu-tools-for-stm32.12.3.rel1.win32_1.1.0.202410251130/tools/bin/../lib/gcc/arm-none-eabi/12.3.1/thumb/v7e-m+fp/hard\libgcc.a(_arm_truncdfsf2.o)
 .ARM.attributes
                0x00000d74       0x22 C:/ST/STM32CubeIDE_1.16.1/STM32CubeIDE/plugins/com.st.stm32cube.ide.mcu.externaltools.gnu-tools-for-stm32.12.3.rel1.win32_1.1.0.202410251130/tools/bin/../lib/gcc/arm-none-eabi/12.3.1/thumb/v7e-m+fp/hard\libgcc.a(_aeabi_uldivmod.o)
 .ARM.attributes
                0x00000d96       0x34 C:/ST/STM32CubeIDE_1.16.1/STM32CubeIDE/plugins/com.st.stm32cube.ide.mcu.externaltools.gnu-tools-for-stm32.12.3.rel1.win32_1.1.0.202410251130/tools/bin/../lib/gcc/arm-none-eabi/12.3.1/thumb/v7e-m+fp/hard\libgcc.a(_udivmoddi4.o)
 .ARM.attributes
                0x00000dca       0x22 C:/ST/STM32CubeIDE_1.16.1/STM32CubeIDE/plugins/com.st.stm32cube.ide.mcu.externaltools.gnu-tools-for-stm32.12.3.rel1.win32_1.1.0.202410251130/tools/bin/../lib/gcc/arm-none-eabi/12.3.1/thumb/v7e-m+fp/hard\libgcc.a(_dvmd_tls.o)
 .ARM.attributes
                0x00000dec       0x22 C:/ST/STM32CubeIDE_1.16.1/STM32CubeIDE/plugins/com.st.stm32cube.ide.mcu.externaltools.gnu-tools-for-stm32.12.3.rel1.win32_1.1.0.202410251130/tools/bin/../lib/gcc/arm-none-eabi/12.3.1/thumb/v7e-m+fp/hard/crtn.o
OUTPUT(Light_Intensity.elf elf32-littlearm)
LOAD linker stubs
LOAD C:/ST/STM32CubeIDE_1.16.1/STM32CubeIDE/plugins/com.st.stm32cube.ide.mcu.externaltools.gnu-tools-for-stm32.12.3.rel1.win32_1.1.0.202410251130/tools/bin/../lib/gcc/arm-none-eabi/12.3.1/../../../../arm-none-eabi/lib/thumb/v7e-m+fp/hard\libc.a
LOAD C:/ST/STM32CubeIDE_1.16.1/STM32CubeIDE/plugins/com.st.stm32cube.ide.mcu.externaltools.gnu-tools-for-stm32.12.3.rel1.win32_1.1.0.202410251130/tools/bin/../lib/gcc/arm-none-eabi/12.3.1/../../../../arm-none-eabi/lib/thumb/v7e-m+fp/hard\libm.a
LOAD C:/ST/STM32CubeIDE_1.16.1/STM32CubeIDE/plugins/com.st.stm32cube.ide.mcu.externaltools.gnu-tools-for-stm32.12.3.rel1.win32_1.1.0.202410251130/tools/bin/../lib/gcc/arm-none-eabi/12.3.1/thumb/v7e-m+fp/hard\libgcc.a

.debug_info     0x00000000    0x1e118
 .debug_info    0x00000000      0x73b ./Components/Src/bh1750.o
 .debug_info    0x0000073b      0x68e ./Components/Src/bh1750_config.o
 .debug_info    0x00000dc9      0x33a ./Components/Src/btn.o
 .debug_info    0x00001103      0x23d ./Components/Src/btn_config.o
 .debug_info    0x00001340      0x2d6 ./Components/Src/dio.o
 .debug_info    0x00001616      0x6a0 ./Components/Src/disp.o
 .debug_info    0x00001cb6      0x2df ./Components/Src/disp_config.o
 .debug_info    0x00001f95      0xcc3 ./Components/Src/lcd.o
 .debug_info    0x00002c58      0x846 ./Components/Src/lcd_config.o
 .debug_info    0x0000349e      0xa51 ./Components/Src/led.o
 .debug_info    0x00003eef      0x890 ./Components/Src/led_config.o
 .debug_info    0x0000477f      0x20d ./Components/Src/menu.o
 .debug_info    0x0000498c     0x125d ./Components/Src/menu_config.o
 .debug_info    0x00005be9      0x7a7 ./Components/Src/pwm.o
 .debug_info    0x00006390      0xcc9 ./Core/Src/adc.o
 .debug_info    0x00007059      0x54a ./Core/Src/dma.o
 .debug_info    0x000075a3      0x4b5 ./Core/Src/gpio.o
 .debug_info    0x00007a58      0xc23 ./Core/Src/i2c.o
 .debug_info    0x0000867b     0x1bc6 ./Core/Src/main.o
 .debug_info    0x0000a241      0x28d ./Core/Src/stm32f7xx_hal_msp.o
 .debug_info    0x0000a4ce      0xd91 ./Core/Src/stm32f7xx_it.o
 .debug_info    0x0000b25f      0x168 ./Core/Src/sysmem.o
 .debug_info    0x0000b3c7      0x6ed ./Core/Src/system_stm32f7xx.o
 .debug_info    0x0000bab4     0x1019 ./Core/Src/tim.o
 .debug_info    0x0000cacd      0xf67 ./Core/Src/usart.o
 .debug_info    0x0000da34       0x30 ./Core/Startup/startup_stm32f746zgtx.o
 .debug_info    0x0000da64      0x9d8 ./Drivers/STM32F7xx_HAL_Driver/Src/stm32f7xx_hal.o
 .debug_info    0x0000e43c      0xc83 ./Drivers/STM32F7xx_HAL_Driver/Src/stm32f7xx_hal_adc.o
 .debug_info    0x0000f0bf      0xaed ./Drivers/STM32F7xx_HAL_Driver/Src/stm32f7xx_hal_adc_ex.o
 .debug_info    0x0000fbac      0xf7e ./Drivers/STM32F7xx_HAL_Driver/Src/stm32f7xx_hal_cortex.o
 .debug_info    0x00010b2a      0x8e7 ./Drivers/STM32F7xx_HAL_Driver/Src/stm32f7xx_hal_dma.o
 .debug_info    0x00011411      0x6e7 ./Drivers/STM32F7xx_HAL_Driver/Src/stm32f7xx_hal_gpio.o
 .debug_info    0x00011af8     0x2138 ./Drivers/STM32F7xx_HAL_Driver/Src/stm32f7xx_hal_i2c.o
 .debug_info    0x00013c30      0x922 ./Drivers/STM32F7xx_HAL_Driver/Src/stm32f7xx_hal_i2c_ex.o
 .debug_info    0x00014552      0x90e ./Drivers/STM32F7xx_HAL_Driver/Src/stm32f7xx_hal_pwr.o
 .debug_info    0x00014e60      0x8cd ./Drivers/STM32F7xx_HAL_Driver/Src/stm32f7xx_hal_pwr_ex.o
 .debug_info    0x0001572d      0x8dc ./Drivers/STM32F7xx_HAL_Driver/Src/stm32f7xx_hal_rcc.o
 .debug_info    0x00016009      0x6bd ./Drivers/STM32F7xx_HAL_Driver/Src/stm32f7xx_hal_rcc_ex.o
 .debug_info    0x000166c6     0x2abd ./Drivers/STM32F7xx_HAL_Driver/Src/stm32f7xx_hal_tim.o
 .debug_info    0x00019183     0x15bb ./Drivers/STM32F7xx_HAL_Driver/Src/stm32f7xx_hal_tim_ex.o
 .debug_info    0x0001a73e     0x39da ./Drivers/STM32F7xx_HAL_Driver/Src/stm32f7xx_hal_uart.o

.debug_abbrev   0x00000000     0x4ab9
 .debug_abbrev  0x00000000      0x19f ./Components/Src/bh1750.o
 .debug_abbrev  0x0000019f      0x137 ./Components/Src/bh1750_config.o
 .debug_abbrev  0x000002d6      0x176 ./Components/Src/btn.o
 .debug_abbrev  0x0000044c      0x104 ./Components/Src/btn_config.o
 .debug_abbrev  0x00000550      0x190 ./Components/Src/dio.o
 .debug_abbrev  0x000006e0      0x1dc ./Components/Src/disp.o
 .debug_abbrev  0x000008bc      0x103 ./Components/Src/disp_config.o
 .debug_abbrev  0x000009bf      0x27f ./Components/Src/lcd.o
 .debug_abbrev  0x00000c3e      0x162 ./Components/Src/lcd_config.o
 .debug_abbrev  0x00000da0      0x1f8 ./Components/Src/led.o
 .debug_abbrev  0x00000f98      0x155 ./Components/Src/led_config.o
 .debug_abbrev  0x000010ed      0x129 ./Components/Src/menu.o
 .debug_abbrev  0x00001216      0x22c ./Components/Src/menu_config.o
 .debug_abbrev  0x00001442      0x1b3 ./Components/Src/pwm.o
 .debug_abbrev  0x000015f5      0x224 ./Core/Src/adc.o
 .debug_abbrev  0x00001819      0x11b ./Core/Src/dma.o
 .debug_abbrev  0x00001934      0x152 ./Core/Src/gpio.o
 .debug_abbrev  0x00001a86      0x217 ./Core/Src/i2c.o
 .debug_abbrev  0x00001c9d      0x316 ./Core/Src/main.o
 .debug_abbrev  0x00001fb3       0xd8 ./Core/Src/stm32f7xx_hal_msp.o
 .debug_abbrev  0x0000208b      0x1c7 ./Core/Src/stm32f7xx_it.o
 .debug_abbrev  0x00002252       0xbc ./Core/Src/sysmem.o
 .debug_abbrev  0x0000230e      0x13b ./Core/Src/system_stm32f7xx.o
 .debug_abbrev  0x00002449      0x22e ./Core/Src/tim.o
 .debug_abbrev  0x00002677      0x22b ./Core/Src/usart.o
 .debug_abbrev  0x000028a2       0x24 ./Core/Startup/startup_stm32f746zgtx.o
 .debug_abbrev  0x000028c6      0x213 ./Drivers/STM32F7xx_HAL_Driver/Src/stm32f7xx_hal.o
 .debug_abbrev  0x00002ad9      0x252 ./Drivers/STM32F7xx_HAL_Driver/Src/stm32f7xx_hal_adc.o
 .debug_abbrev  0x00002d2b      0x270 ./Drivers/STM32F7xx_HAL_Driver/Src/stm32f7xx_hal_adc_ex.o
 .debug_abbrev  0x00002f9b      0x31e ./Drivers/STM32F7xx_HAL_Driver/Src/stm32f7xx_hal_cortex.o
 .debug_abbrev  0x000032b9      0x264 ./Drivers/STM32F7xx_HAL_Driver/Src/stm32f7xx_hal_dma.o
 .debug_abbrev  0x0000351d      0x1d4 ./Drivers/STM32F7xx_HAL_Driver/Src/stm32f7xx_hal_gpio.o
 .debug_abbrev  0x000036f1      0x260 ./Drivers/STM32F7xx_HAL_Driver/Src/stm32f7xx_hal_i2c.o
 .debug_abbrev  0x00003951      0x19c ./Drivers/STM32F7xx_HAL_Driver/Src/stm32f7xx_hal_i2c_ex.o
 .debug_abbrev  0x00003aed      0x1c5 ./Drivers/STM32F7xx_HAL_Driver/Src/stm32f7xx_hal_pwr.o
 .debug_abbrev  0x00003cb2      0x1d5 ./Drivers/STM32F7xx_HAL_Driver/Src/stm32f7xx_hal_pwr_ex.o
 .debug_abbrev  0x00003e87      0x288 ./Drivers/STM32F7xx_HAL_Driver/Src/stm32f7xx_hal_rcc.o
 .debug_abbrev  0x0000410f      0x1c9 ./Drivers/STM32F7xx_HAL_Driver/Src/stm32f7xx_hal_rcc_ex.o
 .debug_abbrev  0x000042d8      0x278 ./Drivers/STM32F7xx_HAL_Driver/Src/stm32f7xx_hal_tim.o
 .debug_abbrev  0x00004550      0x283 ./Drivers/STM32F7xx_HAL_Driver/Src/stm32f7xx_hal_tim_ex.o
 .debug_abbrev  0x000047d3      0x2e6 ./Drivers/STM32F7xx_HAL_Driver/Src/stm32f7xx_hal_uart.o

.debug_aranges  0x00000000     0x1688
 .debug_aranges
                0x00000000       0x28 ./Components/Src/bh1750.o
 .debug_aranges
                0x00000028       0x18 ./Components/Src/bh1750_config.o
 .debug_aranges
                0x00000040       0x38 ./Components/Src/btn.o
 .debug_aranges
                0x00000078       0x18 ./Components/Src/btn_config.o
 .debug_aranges
                0x00000090       0x40 ./Components/Src/dio.o
 .debug_aranges
                0x000000d0       0x90 ./Components/Src/disp.o
 .debug_aranges
                0x00000160       0x18 ./Components/Src/disp_config.o
 .debug_aranges
                0x00000178       0x80 ./Components/Src/lcd.o
 .debug_aranges
                0x000001f8       0x18 ./Components/Src/lcd_config.o
 .debug_aranges
                0x00000210       0x58 ./Components/Src/led.o
 .debug_aranges
                0x00000268       0x18 ./Components/Src/led_config.o
 .debug_aranges
                0x00000280       0x28 ./Components/Src/menu.o
 .debug_aranges
                0x000002a8       0x48 ./Components/Src/menu_config.o
 .debug_aranges
                0x000002f0       0x30 ./Components/Src/pwm.o
 .debug_aranges
                0x00000320       0x30 ./Core/Src/adc.o
 .debug_aranges
                0x00000350       0x20 ./Core/Src/dma.o
 .debug_aranges
                0x00000370       0x20 ./Core/Src/gpio.o
 .debug_aranges
                0x00000390       0x30 ./Core/Src/i2c.o
 .debug_aranges
                0x000003c0       0x60 ./Core/Src/main.o
 .debug_aranges
                0x00000420       0x20 ./Core/Src/stm32f7xx_hal_msp.o
 .debug_aranges
                0x00000440       0x88 ./Core/Src/stm32f7xx_it.o
 .debug_aranges
                0x000004c8       0x20 ./Core/Src/sysmem.o
 .debug_aranges
                0x000004e8       0x28 ./Core/Src/system_stm32f7xx.o
 .debug_aranges
                0x00000510       0x48 ./Core/Src/tim.o
 .debug_aranges
                0x00000558       0x30 ./Core/Src/usart.o
 .debug_aranges
                0x00000588       0x28 ./Core/Startup/startup_stm32f746zgtx.o
 .debug_aranges
                0x000005b0      0x100 ./Drivers/STM32F7xx_HAL_Driver/Src/stm32f7xx_hal.o
 .debug_aranges
                0x000006b0       0xe8 ./Drivers/STM32F7xx_HAL_Driver/Src/stm32f7xx_hal_adc.o
 .debug_aranges
                0x00000798       0x90 ./Drivers/STM32F7xx_HAL_Driver/Src/stm32f7xx_hal_adc_ex.o
 .debug_aranges
                0x00000828      0x128 ./Drivers/STM32F7xx_HAL_Driver/Src/stm32f7xx_hal_cortex.o
 .debug_aranges
                0x00000950       0x90 ./Drivers/STM32F7xx_HAL_Driver/Src/stm32f7xx_hal_dma.o
 .debug_aranges