Archive member included to satisfy reference by file (symbol)

C:/ST/STM32CubeIDE_1.16.1/STM32CubeIDE/plugins/com.st.stm32cube.ide.mcu.externaltools.gnu-tools-for-stm32.12.3.rel1.win32_1.1.0.202410251130/tools/bin/../lib/gcc/arm-none-eabi/12.3.1/../../../../arm-none-eabi/lib/thumb/v7e-m+fp/hard\libc_nano.a(libc_a-exit.o)
                              C:/ST/STM32CubeIDE_1.16.1/STM32CubeIDE/plugins/com.st.stm32cube.ide.mcu.externaltools.gnu-tools-for-stm32.12.3.rel1.win32_1.1.0.202410251130/tools/bin/../lib/gcc/arm-none-eabi/12.3.1/../../../../arm-none-eabi/lib/thumb/v7e-m+fp/hard/crt0.o (exit)
C:/ST/STM32CubeIDE_1.16.1/STM32CubeIDE/plugins/com.st.stm32cube.ide.mcu.externaltools.gnu-tools-for-stm32.12.3.rel1.win32_1.1.0.202410251130/tools/bin/../lib/gcc/arm-none-eabi/12.3.1/../../../../arm-none-eabi/lib/thumb/v7e-m+fp/hard\libc_nano.a(libc_a-strtol.o)
                              ./Core/Src/main.o (strtol)
C:/ST/STM32CubeIDE_1.16.1/STM32CubeIDE/plugins/com.st.stm32cube.ide.mcu.externaltools.gnu-tools-for-stm32.12.3.rel1.win32_1.1.0.202410251130/tools/bin/../lib/gcc/arm-none-eabi/12.3.1/../../../../arm-none-eabi/lib/thumb/v7e-m+fp/hard\libc_nano.a(libc_a-ctype_.o)
                              C:/ST/STM32CubeIDE_1.16.1/STM32CubeIDE/plugins/com.st.stm32cube.ide.mcu.externaltools.gnu-tools-for-stm32.12.3.rel1.win32_1.1.0.202410251130/tools/bin/../lib/gcc/arm-none-eabi/12.3.1/../../../../arm-none-eabi/lib/thumb/v7e-m+fp/hard\libc_nano.a(libc_a-strtol.o) (_ctype_)
C:/ST/STM32CubeIDE_1.16.1/STM32CubeIDE/plugins/com.st.stm32cube.ide.mcu.externaltools.gnu-tools-for-stm32.12.3.rel1.win32_1.1.0.202410251130/tools/bin/../lib/gcc/arm-none-eabi/12.3.1/../../../../arm-none-eabi/lib/thumb/v7e-m+fp/hard\libc_nano.a(libc_a-findfp.o)
                              C:/ST/STM32CubeIDE_1.16.1/STM32CubeIDE/plugins/com.st.stm32cube.ide.mcu.externaltools.gnu-tools-for-stm32.12.3.rel1.win32_1.1.0.202410251130/tools/bin/../lib/gcc/arm-none-eabi/12.3.1/../../../../arm-none-eabi/lib/thumb/v7e-m+fp/hard\libc_nano.a(libc_a-exit.o) (__stdio_exit_handler)
C:/ST/STM32CubeIDE_1.16.1/STM32CubeIDE/plugins/com.st.stm32cube.ide.mcu.externaltools.gnu-tools-for-stm32.12.3.rel1.win32_1.1.0.202410251130/tools/bin/../lib/gcc/arm-none-eabi/12.3.1/../../../../arm-none-eabi/lib/thumb/v7e-m+fp/hard\libc_nano.a(libc_a-fwalk.o)
                              C:/ST/STM32CubeIDE_1.16.1/STM32CubeIDE/plugins/com.st.stm32cube.ide.mcu.externaltools.gnu-tools-for-stm32.12.3.rel1.win32_1.1.0.202410251130/tools/bin/../lib/gcc/arm-none-eabi/12.3.1/../../../../arm-none-eabi/lib/thumb/v7e-m+fp/hard\libc_nano.a(libc_a-findfp.o) (_fwalk_sglue)
C:/ST/STM32CubeIDE_1.16.1/STM32CubeIDE/plugins/com.st.stm32cube.ide.mcu.externaltools.gnu-tools-for-stm32.12.3.rel1.win32_1.1.0.202410251130/tools/bin/../lib/gcc/arm-none-eabi/12.3.1/../../../../arm-none-eabi/lib/thumb/v7e-m+fp/hard\libc_nano.a(libc_a-sprintf.o)
                              ./Components/Src/lcd.o (sprintf)
C:/ST/STM32CubeIDE_1.16.1/STM32CubeIDE/plugins/com.st.stm32cube.ide.mcu.externaltools.gnu-tools-for-stm32.12.3.rel1.win32_1.1.0.202410251130/tools/bin/../lib/gcc/arm-none-eabi/12.3.1/../../../../arm-none-eabi/lib/thumb/v7e-m+fp/hard\libc_nano.a(libc_a-stdio.o)
                              C:/ST/STM32CubeIDE_1.16.1/STM32CubeIDE/plugins/com.st.stm32cube.ide.mcu.externaltools.gnu-tools-for-stm32.12.3.rel1.win32_1.1.0.202410251130/tools/bin/../lib/gcc/arm-none-eabi/12.3.1/../../../../arm-none-eabi/lib/thumb/v7e-m+fp/hard\libc_nano.a(libc_a-findfp.o) (__sread)
C:/ST/STM32CubeIDE_1.16.1/STM32CubeIDE/plugins/com.st.stm32cube.ide.mcu.externaltools.gnu-tools-for-stm32.12.3.rel1.win32_1.1.0.202410251130/tools/bin/../lib/gcc/arm-none-eabi/12.3.1/../../../../arm-none-eabi/lib/thumb/v7e-m+fp/hard\libc_nano.a(libc_a-vsprintf.o)
                              ./Components/Src/lcd.o (vsprintf)
C:/ST/STM32CubeIDE_1.16.1/STM32CubeIDE/plugins/com.st.stm32cube.ide.mcu.externaltools.gnu-tools-for-stm32.12.3.rel1.win32_1.1.0.202410251130/tools/bin/../lib/gcc/arm-none-eabi/12.3.1/../../../../arm-none-eabi/lib/thumb/v7e-m+fp/hard\libc_nano.a(libc_a-memset.o)
                              C:/ST/STM32CubeIDE_1.16.1/STM32CubeIDE/plugins/com.st.stm32cube.ide.mcu.externaltools.gnu-tools-for-stm32.12.3.rel1.win32_1.1.0.202410251130/tools/bin/../lib/gcc/arm-none-eabi/12.3.1/../../../../arm-none-eabi/lib/thumb/v7e-m+fp/hard/crt0.o (memset)
C:/ST/STM32CubeIDE_1.16.1/STM32CubeIDE/plugins/com.st.stm32cube.ide.mcu.externaltools.gnu-tools-for-stm32.12.3.rel1.win32_1.1.0.202410251130/tools/bin/../lib/gcc/arm-none-eabi/12.3.1/../../../../arm-none-eabi/lib/thumb/v7e-m+fp/hard\libc_nano.a(libc_a-closer.o)
                              C:/ST/STM32CubeIDE_1.16.1/STM32CubeIDE/plugins/com.st.stm32cube.ide.mcu.externaltools.gnu-tools-for-stm32.12.3.rel1.win32_1.1.0.202410251130/tools/bin/../lib/gcc/arm-none-eabi/12.3.1/../../../../arm-none-eabi/lib/thumb/v7e-m+fp/hard\libc_nano.a(libc_a-stdio.o) (_close_r)
[...]
Memory Configuration

Name             Origin             Length             Attributes
RAM              0x20000000         0x00050000         xrw
FLASH            0x08000000         0x00100000         xr
*default*        0x00000000         0xffffffff

Linker script and memory map

LOAD C:/ST/STM32CubeIDE_1.16.1/STM32CubeIDE/plugins/com.st.stm32cube.ide.mcu.externaltools.gnu-tools-for-stm32.12.3.rel1.win32_1.1.0.202410251130/tools/bin/../lib/gcc/arm-none-eabi/12.3.1/thumb/v7e-m+fp/hard/crti.o
LOAD C:/ST/STM32CubeIDE_1.16.1/STM32CubeIDE/plugins/com.st.stm32cube.ide.mcu.externaltools.gnu-tools-for-stm32.12.3.rel1.win32_1.1.0.202410251130/tools/bin/../lib/gcc/arm-none-eabi/12.3.1/thumb/v7e-m+fp/hard/crtbegin.o
LOAD C:/ST/STM32CubeIDE_1.16.1/STM32CubeIDE/plugins/com.st.stm32cube.ide.mcu.externaltools.gnu-tools-for-stm32.12.3.rel1.win32_1.1.0.202410251130/tools/bin/../lib/gcc/arm-none-eabi/12.3.1/../../../../arm-none-eabi/lib/thumb/v7e-m+fp/hard/crt0.o
LOAD ./Components/Src/__template.o
LOAD ./Components/Src/bh1750.o
LOAD ./Components/Src/bh1750_config.o
LOAD ./Components/Src/btn.o
LOAD ./Components/Src/btn_config.o
LOAD ./Components/Src/dio.o
LOAD ./Components/Src/disp.o
LOAD ./Components/Src/disp_config.o
LOAD ./Components/Src/lcd.o
LOAD ./Components/Src/lcd_config.o
LOAD ./Components/Src/led.o
LOAD ./Components/Src/led_config.o
LOAD ./Components/Src/menu.o
LOAD ./Components/Src/menu_config.o
LOAD ./Components/Src/pwm.o
LOAD ./Core/Src/adc.o
LOAD ./Core/Src/dma.o
LOAD ./Core/Src/gpio.o
LOAD ./Core/Src/i2c.o
LOAD ./Core/Src/main.o
LOAD ./Core/Src/stm32f7xx_hal_msp.o
LOAD ./Core/Src/stm32f7xx_it.o
LOAD ./Core/Src/syscalls.o
LOAD ./Core/Src/sysmem.o
LOAD ./Core/Src/system_stm32f7xx.o
LOAD ./Core/Src/tim.o
LOAD ./Core/Src/usart.o
LOAD ./Core/Startup/startup_stm32f746zgtx.o
LOAD ./Drivers/STM32F7xx_HAL_Driver/Src/stm32f7xx_hal.o
LOAD ./Drivers/STM32F7xx_HAL_Driver/Src/stm32f7xx_hal_adc.o
LOAD ./Drivers/STM32F7xx_HAL_Driver/Src/stm32f7xx_hal_adc_ex.o
LOAD ./Drivers/STM32F7xx_HAL_Driver/Src/stm32f7xx_hal_cortex.o
LOAD ./Drivers/STM32F7xx_HAL_Driver/Src/stm32f7xx_hal_dma.o
LOAD ./Drivers/STM32F7xx_HAL_Driver/Src/stm32f7xx_hal_dma_ex.o
LOAD ./Drivers/STM32F7xx_HAL_Driver/Src/stm32f7xx_hal_exti.o
LOAD ./Drivers/STM32F7xx_HAL_Driver/Src/stm32f7xx_hal_flash.o
LOAD ./Drivers/STM32F7xx_HAL_Driver/Src/stm32f7xx_hal_flash_ex.o
LOAD ./Drivers/STM32F7xx_HAL_Driver/Src/stm32f7xx_hal_gpio.o
LOAD ./Drivers/STM32F7xx_HAL_Driver/Src/stm32f7xx_hal_i2c.o
LOAD ./Drivers/STM32F7xx_HAL_Driver/Src/stm32f7xx_hal_i2c_ex.o
LOAD ./Drivers/STM32F7xx_HAL_Driver/Src/stm32f7xx_hal_pwr.o
LOAD ./Drivers/STM32F7xx_HAL_Driver/Src/stm32f7xx_hal_pwr_ex.o
LOAD ./Drivers/STM32F7xx_HAL_Driver/Src/stm32f7xx_hal_rcc.o
LOAD ./Drivers/STM32F7xx_HAL_Driver/Src/stm32f7xx_hal_rcc_ex.o
LOAD ./Drivers/STM32F7xx_HAL_Driver/Src/stm32f7xx_hal_tim.o
LOAD ./Drivers/STM32F7xx_HAL_Driver/Src/stm32f7xx_hal_tim_ex.o
LOAD ./Drivers/STM32F7xx_HAL_Driver/Src/stm32f7xx_hal_uart.o
LOAD ./Drivers/STM32F7xx_HAL_Driver/Src/stm32f7xx_hal_uart_ex.o
LOAD C:/Users/oladi/STM32Cube/Repository/Packs/ARM/CMSIS/5.7.0/CMSIS/DSP/Lib/GCC\libarm_cortexM7lfsp_math.a
START GROUP
LOAD C:/ST/STM32CubeIDE_1.16.1/STM32CubeIDE/plugins/com.st.stm32cube.ide.mcu.externaltools.gnu-tools-for-stm32.12.3.rel1.win32_1.1.0.202410251130/tools/bin/../lib/gcc/arm-none-eabi/12.3.1/../../../../arm-none-eabi/lib/thumb/v7e-m+fp/hard\libc_nano.a
LOAD C:/ST/STM32CubeIDE_1.16.1/STM32CubeIDE/plugins/com.st.stm32cube.ide.mcu.externaltools.gnu-tools-for-stm32.12.3.rel1.win32_1.1.0.202410251130/tools/bin/../lib/gcc/arm-none-eabi/12.3.1/../../../../arm-none-eabi/lib/thumb/v7e-m+fp/hard\libm.a
END GROUP
START GROUP
LOAD C:/ST/STM32CubeIDE_1.16.1/STM32CubeIDE/plugins/com.st.stm32cube.ide.mcu.externaltools.gnu-tools-for-stm32.12.3.rel1.win32_1.1.0.202410251130/tools/bin/../lib/gcc/arm-none-eabi/12.3.1/thumb/v7e-m+fp/hard\libgcc.a
LOAD C:/ST/STM32CubeIDE_1.16.1/STM32CubeIDE/plugins/com.st.stm32cube.ide.mcu.externaltools.gnu-tools-for-stm32.12.3.rel1.win32_1.1.0.202410251130/tools/bin/../lib/gcc/arm-none-eabi/12.3.1/../../../../arm-none-eabi/lib/thumb/v7e-m+fp/hard\libc_nano.a
END GROUP
START GROUP
LOAD C:/ST/STM32CubeIDE_1.16.1/STM32CubeIDE/plugins/com.st.stm32cube.ide.mcu.externaltools.gnu-tools-for-stm32.12.3.rel1.win32_1.1.0.202410251130/tools/bin/../lib/gcc/arm-none-eabi/12.3.1/thumb/v7e-m+fp/hard\libgcc.a
LOAD C:/ST/STM32CubeIDE_1.16.1/STM32CubeIDE/plugins/com.st.stm32cube.ide.mcu.externaltools.gnu-tools-for-stm32.12.3.rel1.win32_1.1.0.202410251130/tools/bin/../lib/gcc/arm-none-eabi/12.3.1/../../../../arm-none-eabi/lib/thumb/v7e-m+fp/hard\libc_nano.a
LOAD C:/ST/STM32CubeIDE_1.16.1/STM32CubeIDE/plugins/com.st.stm32cube.ide.mcu.externaltools.gnu-tools-for-stm32.12.3.rel1.win32_1.1.0.202410251130/tools/bin/../lib/gcc/arm-none-eabi/12.3.1/../../../../arm-none-eabi/lib/thumb/v7e-m+fp/hard\libnosys.a
END GROUP
START GROUP
LOAD C:/ST/STM32CubeIDE_1.16.1/STM32CubeIDE/plugins/com.st.stm32cube.ide.mcu.externaltools.gnu-tools-for-stm32.12.3.rel1.win32_1.1.0.202410251130/tools/bin/../lib/gcc/arm-none-eabi/12.3.1/thumb/v7e-m+fp/hard\libgcc.a
LOAD C:/ST/STM32CubeIDE_1.16.1/STM32CubeIDE/plugins/com.st.stm32cube.ide.mcu.externaltools.gnu-tools-for-stm32.12.3.rel1.win32_1.1.0.202410251130/tools/bin/../lib/gcc/arm-none-eabi/12.3.1/../../../../arm-none-eabi/lib/thumb/v7e-m+fp/hard\libc_nano.a
LOAD C:/ST/STM32CubeIDE_1.16.1/STM32CubeIDE/plugins/com.st.stm32cube.ide.mcu.externaltools.gnu-tools-for-stm32.12.3.rel1.win32_1.1.0.202410251130/tools/bin/../lib/gcc/arm-none-eabi/12.3.1/../../../../arm-none-eabi/lib/thumb/v7e-m+fp/hard\libnosys.a
END GROUP
LOAD C:/ST/STM32CubeIDE_1.16.1/STM32CubeIDE/plugins/com.st.stm32cube.ide.mcu.externaltools.gnu-tools-for-stm32.12.3.rel1.win32_1.1.0.202410251130/tools/bin/../lib/gcc/arm-none-eabi/12.3.1/thumb/v7e-m+fp/hard/crtend.o
LOAD C:/ST/STM32CubeIDE_1.16.1/STM32CubeIDE/plugins/com.st.stm32cube.ide.mcu.externaltools.gnu-tools-for-stm32.12.3.rel1.win32_1.1.0.202410251130/tools/bin/../lib/gcc/arm-none-eabi/12.3.1/thumb/v7e-m+fp/hard/crtn.o
                0x20050000                        _estack = (ORIGIN (RAM) + LENGTH (RAM))
                0x00000200                        _Min_Heap_Size = 0x200
                0x00000400                        _Min_Stack_Size = 0x400

.isr_vector     0x08000000      0x1c8
                0x08000000                        . = ALIGN (0x4)
 *(.isr_vector)
 .isr_vector    0x08000000      0x1c8 ./Core/Startup/startup_stm32f746zgtx.o
                0x08000000                g_pfnVectors
                0x080001c8                        . = ALIGN (0x4)

.text           0x080001d0     0x9520
                0x080001d0                        . = ALIGN (0x4)
 *(.text)
 .text          0x080001d0       0x40 C:/ST/STM32CubeIDE_1.16.1/STM32CubeIDE/plugins/com.st.stm32cube.ide.mcu.externaltools.gnu-tools-for-stm32.12.3.rel1.win32_1.1.0.202410251130/tools/bin/../lib/gcc/arm-none-eabi/12.3.1/thumb/v7e-m+fp/hard/crtbegin.o
 .text          0x08000210       0x10 C:/ST/STM32CubeIDE_1.16.1/STM32CubeIDE/plugins/com.st.stm32cube.ide.mcu.externaltools.gnu-tools-for-stm32.12.3.rel1.win32_1.1.0.202410251130/tools/bin/../lib/gcc/arm-none-eabi/12.3.1/../../../../arm-none-eabi/lib/thumb/v7e-m+fp/hard\libc_nano.a(libc_a-strlen.o)
                0x08000210                strlen
 .text          0x08000220       0xa0 C:/ST/STM32CubeIDE_1.16.1/STM32CubeIDE/plugins/com.st.stm32cube.ide.mcu.externaltools.gnu-tools-for-stm32.12.3.rel1.win32_1.1.0.202410251130/tools/bin/../lib/gcc/arm-none-eabi/12.3.1/../../../../arm-none-eabi/lib/thumb/v7e-m+fp/hard\libc_nano.a(libc_a-memchr.o)
                0x08000220                memchr
 .text          0x080002c0      0x254 C:/ST/STM32CubeIDE_1.16.1/STM32CubeIDE/plugins/com.st.stm32cube.ide.mcu.externaltools.gnu-tools-for-stm32.12.3.rel1.win32_1.1.0.202410251130/tools/bin/../lib/gcc/arm-none-eabi/12.3.1/thumb/v7e-m+fp/hard\libgcc.a(_arm_muldf3.o)
                0x080002c0                __muldf3
                0x080002c0                __aeabi_dmul
 .text          0x08000514      0x378 C:/ST/STM32CubeIDE_1.16.1/STM32CubeIDE/plugins/com.st.stm32cube.ide.mcu.externaltools.gnu-tools-for-stm32.12.3.rel1.win32_1.1.0.202410251130/tools/bin/../lib/gcc/arm-none-eabi/12.3.1/thumb/v7e-m+fp/hard\libgcc.a(_arm_addsubdf3.o)
                0x08000514                __aeabi_drsub
                0x0800051c                __aeabi_dsub
                0x0800051c                __subdf3
                0x08000520                __aeabi_dadd
                0x08000520                __adddf3
                0x08000798                __floatunsidf
                0x08000798                __aeabi_ui2d
                0x080007b8                __floatsidf
                0x080007b8                __aeabi_i2d
                0x080007dc                __aeabi_f2d
                0x080007dc                __extendsfdf2
                0x08000820                __floatundidf
                0x08000820                __aeabi_ul2d
                0x08000830                __floatdidf
                0x08000830                __aeabi_l2d
 .text          0x0800088c       0xa0 C:/ST/STM32CubeIDE_1.16.1/STM32CubeIDE/plugins/com.st.stm32cube.ide.mcu.externaltools.gnu-tools-for-stm32.12.3.rel1.win32_1.1.0.202410251130/tools/bin/../lib/gcc/arm-none-eabi/12.3.1/thumb/v7e-m+fp/hard\libgcc.a(_arm_truncdfsf2.o)
                0x0800088c                __truncdfsf2
                0x0800088c                __aeabi_d2f
 .text          0x0800092c       0x30 C:/ST/STM32CubeIDE_1.16.1/STM32CubeIDE/plugins/com.st.stm32cube.ide.mcu.externaltools.gnu-tools-for-stm32.12.3.rel1.win32_1.1.0.202410251130/tools/bin/../lib/gcc/arm-none-eabi/12.3.1/thumb/v7e-m+fp/hard\libgcc.a(_aeabi_uldivmod.o)
                0x0800092c                __aeabi_uldivmod
 .text          0x0800095c      0x2bc C:/ST/STM32CubeIDE_1.16.1/STM32CubeIDE/plugins/com.st.stm32cube.ide.mcu.externaltools.gnu-tools-for-stm32.12.3.rel1.win32_1.1.0.202410251130/tools/bin/../lib/gcc/arm-none-eabi/12.3.1/thumb/v7e-m+fp/hard\libgcc.a(_udivmoddi4.o)
                0x0800095c                __udivmoddi4
 .text          0x08000c18        0x4 C:/ST/STM32CubeIDE_1.16.1/STM32CubeIDE/plugins/com.st.stm32cube.ide.mcu.externaltools.gnu-tools-for-stm32.12.3.rel1.win32_1.1.0.202410251130/tools/bin/../lib/gcc/arm-none-eabi/12.3.1/thumb/v7e-m+fp/hard\libgcc.a(_dvmd_tls.o)
                0x08000c18                __aeabi_idiv0
                0x08000c18                __aeabi_ldiv0
 *(.text*)
 .text.BH1750_Init
                0x08000c1c       0x4c ./Components/Src/bh1750.o
                0x08000c1c                BH1750_Init
 .text.BH1750_ReadIlluminance_lux
                0x08000c68       0x58 ./Components/Src/bh1750.o
                0x08000c68                BH1750_ReadIlluminance_lux
 .text.BTN_DIO_Read
                0x08000cc0       0x30 ./Components/Src/btn.o
                0x08000cc0                BTN_DIO_Read
 .text.BTN_DIO_EdgeDetected
                0x08000cf0       0x4c ./Components/Src/btn.o
                0x08000cf0                BTN_DIO_EdgeDetected
 .text.DIO_WriteLow
                0x08000d3c       0x20 ./Components/Src/dio.o
                0x08000d3c                DIO_WriteLow
 .text.DIO_WriteHigh
                0x08000d5c       0x20 ./Components/Src/dio.o
                0x08000d5c                DIO_WriteHigh
 .text.DIO_Write
                0x08000d7c       0x24 ./Components/Src/dio.o
                0x08000d7c                DIO_Write
 .text.DIO_Read
                0x08000da0       0x2c ./Components/Src/dio.o
                0x08000da0                DIO_Read
 .text.__tm1637_delay_us
                0x08000dcc       0x38 ./Components/Src/disp.o
                0x08000dcc                __tm1637_delay_us
 .text.__tm1637_start
                0x08000e04       0x30 ./Components/Src/disp.o
                0x08000e04                __tm1637_start
 .text.__tm1637_stop
                0x08000e34       0x46 ./Components/Src/disp.o
                0x08000e34                __tm1637_stop
 .text.__tm1637_read_result
                0x08000e7a       0x3a ./Components/Src/disp.o
                0x08000e7a                __tm1637_read_result
 .text.__tm1637_write_byte
                0x08000eb4       0x6a ./Components/Src/disp.o
                0x08000eb4                __tm1637_write_byte
 *fill*         0x08000f1e        0x2 
 .text.DISP_TM1637_printDecUInt
                0x08000f20       0xd8 ./Components/Src/disp.o
                0x08000f20                DISP_TM1637_printDecUInt
 .text.DISP_TM1637_SetBrightness
                0x08000ff8       0x34 ./Components/Src/disp.o
                0x08000ff8                DISP_TM1637_SetBrightness
 .text.__lcd_dio_delay_us
                0x0800102c       0x40 ./Components/Src/lcd.o
                0x0800102c                __lcd_dio_delay_us
 .text.__lcd_dio_write
                0x0800106c       0x6e ./Components/Src/lcd.o
                0x0800106c                __lcd_dio_write
 .text.__lcd_dio_write_command
                0x080010da       0x60 ./Components/Src/lcd.o
                0x080010da                __lcd_dio_write_command
 .text.__lcd_dio_write_data
                0x0800113a       0x58 ./Components/Src/lcd.o
                0x0800113a                __lcd_dio_write_data
 .text.LCD_DIO_Init
                0x08001192       0xcc ./Components/Src/lcd.o
                0x08001192                LCD_DIO_Init
 *fill*         0x0800125e        0x2 
 .text.LCD_DIO_printDecInt
                0x08001260       0x30 ./Components/Src/lcd.o
                0x08001260                LCD_DIO_printDecInt
 .text.LCD_DIO_printStr
                0x08001290       0x3e ./Components/Src/lcd.o
                0x08001290                LCD_DIO_printStr
 *fill*         0x080012ce        0x2 
 .text.LCD_DIO_SetCursor
                0x080012d0       0x34 ./Components/Src/lcd.o
                0x080012d0                LCD_DIO_SetCursor
 .text.LED_DIO_Write
                0x08001304       0x40 ./Components/Src/led.o
                0x08001304                LED_DIO_Write
 .text.LED_PWM_Init
                0x08001344       0x78 ./Components/Src/led.o
                0x08001344                LED_PWM_Init
 .text.LED_PWM_WriteDuty
                0x080013bc       0x7c ./Components/Src/led.o
                0x080013bc                LED_PWM_WriteDuty
 .text.PWM_Init
                0x08001438       0x30 ./Components/Src/pwm.o
                0x08001438                PWM_Init
 .text.PWM_WriteDuty
                0x08001468       0xec ./Components/Src/pwm.o
                0x08001468                PWM_WriteDuty
 .text.MX_ADC1_Init
                0x08001554       0xa4 ./Core/Src/adc.o
                0x08001554                MX_ADC1_Init
 .text.HAL_ADC_MspInit
                0x080015f8       0xf8 ./Core/Src/adc.o
                0x080015f8                HAL_ADC_MspInit
 .text.MX_DMA_Init
                0x080016f0       0x64 ./Core/Src/dma.o
                0x080016f0                MX_DMA_Init
 .text.MX_GPIO_Init
                0x08001754      0x3f0 ./Core/Src/gpio.o
                0x08001754                MX_GPIO_Init
 .text.MX_I2C1_Init
                0x08001b44       0x80 ./Core/Src/i2c.o
                0x08001b44                MX_I2C1_Init
 .text.HAL_I2C_MspInit
                0x08001bc4       0xc0 ./Core/Src/i2c.o
                0x08001bc4                HAL_I2C_MspInit
 .text.displayDigitalOnSerialPort
                0x08001c84       0x9c ./Core/Src/main.o
                0x08001c84                displayDigitalOnSerialPort
 .text.displayAnalogueOnSerialPort
                0x08001d20       0x9c ./Core/Src/main.o
                0x08001d20                displayAnalogueOnSerialPort
 .text.displayModeSelection
                0x08001dbc       0x34 ./Core/Src/main.o
                0x08001dbc                displayModeSelection
 .text.displayOnLCD
                0x08001df0       0x7c ./Core/Src/main.o
                0x08001df0                displayOnLCD
 .text.ModeSwitch
                0x08001e6c       0x28 ./Core/Src/main.o
                0x08001e6c                ModeSwitch
 .text.ButtonControl
                0x08001e94       0x60 ./Core/Src/main.o
                0x08001e94                ButtonControl
 .text.RangeCheck
                0x08001ef4       0x78 ./Core/Src/main.o
                0x08001ef4                RangeCheck
 .text.controlRoutine
                0x08001f6c      0x13c ./Core/Src/main.o
                0x08001f6c                controlRoutine
 .text.HAL_TIM_PeriodElapsedCallback
                0x080020a8       0x30 ./Core/Src/main.o
                0x080020a8                HAL_TIM_PeriodElapsedCallback
 .text.processPotentiometer
                0x080020d8       0x9c ./Core/Src/main.o
                0x080020d8                processPotentiometer
 *fill*         0x08002174        0x4 
 .text.IntegralRoutine
                0x08002178      0x1a0 ./Core/Src/main.o
                0x08002178                IntegralRoutine
 .text.HAL_UART_RxCpltCallback
                0x08002318       0x50 ./Core/Src/main.o
                0x08002318                HAL_UART_RxCpltCallback
 .text.main     0x08002368       0xa8 ./Core/Src/main.o
                0x08002368                main
 .text.SystemClock_Config
                0x08002410       0xdc ./Core/Src/main.o
                0x08002410                SystemClock_Config
 .text.Error_Handler
                0x080024ec       0x20 ./Core/Src/main.o
                0x080024ec                Error_Handler
 .text.HAL_MspInit
                0x0800250c       0x48 ./Core/Src/stm32f7xx_hal_msp.o
                0x0800250c                HAL_MspInit
 .text.NMI_Handler
                0x08002554        0x8 ./Core/Src/stm32f7xx_it.o
                0x08002554                NMI_Handler
 .text.HardFault_Handler
                0x0800255c        0x8 ./Core/Src/stm32f7xx_it.o
                0x0800255c                HardFault_Handler
 .text.MemManage_Handler
                0x08002564        0x8 ./Core/Src/stm32f7xx_it.o
                0x08002564                MemManage_Handler
 .text.BusFault_Handler
                0x0800256c        0x8 ./Core/Src/stm32f7xx_it.o
                0x0800256c                BusFault_Handler
 .text.UsageFault_Handler
                0x08002574        0x8 ./Core/Src/stm32f7xx_it.o
                0x08002574                UsageFault_Handler
 .text.SVC_Handler
                0x0800257c        0xe ./Core/Src/stm32f7xx_it.o
                0x0800257c                SVC_Handler
 .text.DebugMon_Handler
                0x0800258a        0xe ./Core/Src/stm32f7xx_it.o
                0x0800258a                DebugMon_Handler
 .text.PendSV_Handler
                0x08002598        0xe ./Core/Src/stm32f7xx_it.o
                0x08002598                PendSV_Handler
 .text.SysTick_Handler
                0x080025a6        0xc ./Core/Src/stm32f7xx_it.o
                0x080025a6                SysTick_Handler
 *fill*         0x080025b2        0x2 
 .text.DMA1_Stream1_IRQHandler
                0x080025b4       0x14 ./Core/Src/stm32f7xx_it.o
                0x080025b4                DMA1_Stream1_IRQHandler
 .text.ADC_IRQHandler
                0x080025c8       0x14 ./Core/Src/stm32f7xx_it.o
                0x080025c8                ADC_IRQHandler
 .text.USART3_IRQHandler
                0x080025dc       0x14 ./Core/Src/stm32f7xx_it.o
                0x080025dc                USART3_IRQHandler
 .text.TIM7_IRQHandler
                0x080025f0       0x14 ./Core/Src/stm32f7xx_it.o
                0x080025f0                TIM7_IRQHandler
 .text.DMA2_Stream0_IRQHandler
                0x08002604       0x14 ./Core/Src/stm32f7xx_it.o
                0x08002604                DMA2_Stream0_IRQHandler
 .text._sbrk    0x08002618       0x6c ./Core/Src/sysmem.o
                0x08002618                _sbrk
 .text.SystemInit
                0x08002684       0x24 ./Core/Src/system_stm32f7xx.o
                0x08002684                SystemInit
 .text.MX_TIM5_Init
                0x080026a8       0x9c ./Core/Src/tim.o
                0x080026a8                MX_TIM5_Init
 .text.MX_TIM7_Init
                0x08002744       0x70 ./Core/Src/tim.o
                0x08002744                MX_TIM7_Init
 .text.MX_TIM9_Init
                0x080027b4       0xc4 ./Core/Src/tim.o
                0x080027b4                MX_TIM9_Init
 .text.HAL_TIM_Base_MspInit
                0x08002878       0xe8 ./Core/Src/tim.o
                0x08002878                HAL_TIM_Base_MspInit
 .text.HAL_TIM_MspPostInit
                0x08002960       0x70 ./Core/Src/tim.o
                0x08002960                HAL_TIM_MspPostInit
 .text.MX_USART3_UART_Init
                0x080029d0       0x60 ./Core/Src/usart.o
                0x080029d0                MX_USART3_UART_Init
 .text.HAL_UART_MspInit
                0x08002a30      0x134 ./Core/Src/usart.o
                0x08002a30                HAL_UART_MspInit
 .text.Reset_Handler
                0x08002b64       0x50 ./Core/Startup/startup_stm32f746zgtx.o
                0x08002b64                Reset_Handler
 .text.Default_Handler
                0x08002bb4        0x2 ./Core/Startup/startup_stm32f746zgtx.o
                0x08002bb4                RTC_Alarm_IRQHandler
                0x08002bb4                EXTI2_IRQHandler
                0x08002bb4                TIM8_CC_IRQHandler
                0x08002bb4                UART8_IRQHandler
                0x08002bb4                SPI4_IRQHandler
                0x08002bb4                TIM1_CC_IRQHandler
                0x08002bb4                DMA2_Stream5_IRQHandler
                0x08002bb4                DMA1_Stream5_IRQHandler
                0x08002bb4                PVD_IRQHandler
                0x08002bb4                TAMP_STAMP_IRQHandler
                0x08002bb4                CAN2_RX1_IRQHandler
                0x08002bb4                EXTI3_IRQHandler
                0x08002bb4                TIM8_TRG_COM_TIM14_IRQHandler
                0x08002bb4                TIM1_UP_TIM10_IRQHandler
                0x08002bb4                TIM8_UP_TIM13_IRQHandler
                0x08002bb4                I2C3_ER_IRQHandler
                0x08002bb4                EXTI0_IRQHandler
                0x08002bb4                I2C2_EV_IRQHandler
                0x08002bb4                DMA1_Stream2_IRQHandler
                0x08002bb4                CAN1_RX0_IRQHandler
                0x08002bb4                FPU_IRQHandler
                0x08002bb4                OTG_HS_WKUP_IRQHandler
                0x08002bb4                LTDC_ER_IRQHandler
                0x08002bb4                CAN2_SCE_IRQHandler
                0x08002bb4                DMA2_Stream2_IRQHandler
                0x08002bb4                SPI1_IRQHandler
                0x08002bb4                TIM6_DAC_IRQHandler
                0x08002bb4                TIM1_BRK_TIM9_IRQHandler
                0x08002bb4                DCMI_IRQHandler
                0x08002bb4                CAN2_RX0_IRQHandler
                0x08002bb4                DMA2_Stream3_IRQHandler
                0x08002bb4                SAI2_IRQHandler
                0x08002bb4                USART6_IRQHandler
                0x08002bb4                CAN1_RX1_IRQHandler
                0x08002bb4                UART5_IRQHandler
                0x08002bb4                TIM4_IRQHandler
                0x08002bb4                QUADSPI_IRQHandler
                0x08002bb4                I2C1_EV_IRQHandler
                0x08002bb4                DMA1_Stream6_IRQHandler
                0x08002bb4                UART4_IRQHandler
                0x08002bb4                TIM3_IRQHandler
                0x08002bb4                RCC_IRQHandler
                0x08002bb4                TIM8_BRK_TIM12_IRQHandler
                0x08002bb4                Default_Handler
                0x08002bb4                CEC_IRQHandler
                0x08002bb4                EXTI15_10_IRQHandler
                0x08002bb4                DMA1_Stream7_IRQHandler
                0x08002bb4                SPI5_IRQHandler
                0x08002bb4                SDMMC1_IRQHandler
                0x08002bb4                CAN2_TX_IRQHandler
                0x08002bb4                TIM5_IRQHandler
                0x08002bb4                DMA2_Stream7_IRQHandler
                0x08002bb4                I2C3_EV_IRQHandler
                0x08002bb4                EXTI9_5_IRQHandler
                0x08002bb4                RTC_WKUP_IRQHandler
                0x08002bb4                LTDC_IRQHandler
                0x08002bb4                ETH_WKUP_IRQHandler
                0x08002bb4                SPDIF_RX_IRQHandler
                0x08002bb4                SPI2_IRQHandler
                0x08002bb4                OTG_HS_EP1_IN_IRQHandler
                0x08002bb4                DMA1_Stream0_IRQHandler
                0x08002bb4                CAN1_TX_IRQHandler
                0x08002bb4                EXTI4_IRQHandler
                0x08002bb4                RNG_IRQHandler
                0x08002bb4                ETH_IRQHandler
                0x08002bb4                OTG_HS_EP1_OUT_IRQHandler
                0x08002bb4                WWDG_IRQHandler
                0x08002bb4                SPI6_IRQHandler
                0x08002bb4                I2C4_EV_IRQHandler
                0x08002bb4                TIM2_IRQHandler
                0x08002bb4                OTG_FS_WKUP_IRQHandler
                0x08002bb4                TIM1_TRG_COM_TIM11_IRQHandler
                0x08002bb4                OTG_HS_IRQHandler
                0x08002bb4                DMA2D_IRQHandler
                0x08002bb4                EXTI1_IRQHandler
                0x08002bb4                UART7_IRQHandler
                0x08002bb4                USART2_IRQHandler
                0x08002bb4                I2C2_ER_IRQHandler
                0x08002bb4                DMA2_Stream1_IRQHandler
                0x08002bb4                CAN1_SCE_IRQHandler
                0x08002bb4                FLASH_IRQHandler
                0x08002bb4                DMA2_Stream4_IRQHandler
                0x08002bb4                USART1_IRQHandler
                0x08002bb4                OTG_FS_IRQHandler
                0x08002bb4                SPI3_IRQHandler
                0x08002bb4                DMA1_Stream4_IRQHandler
                0x08002bb4                I2C1_ER_IRQHandler
                0x08002bb4                FMC_IRQHandler
                0x08002bb4                LPTIM1_IRQHandler
                0x08002bb4                I2C4_ER_IRQHandler
                0x08002bb4                DMA2_Stream6_IRQHandler
                0x08002bb4                SAI1_IRQHandler
                0x08002bb4                DMA1_Stream3_IRQHandler
 .text.HAL_Init
                0x08002bb6       0x1a ./Drivers/STM32F7xx_HAL_Driver/Src/stm32f7xx_hal.o
                0x08002bb6                HAL_Init
 .text.HAL_InitTick
                0x08002bd0       0x60 ./Drivers/STM32F7xx_HAL_Driver/Src/stm32f7xx_hal.o
                0x08002bd0                HAL_InitTick
 .text.HAL_IncTick
                0x08002c30       0x28 ./Drivers/STM32F7xx_HAL_Driver/Src/stm32f7xx_hal.o
                0x08002c30                HAL_IncTick
 .text.HAL_GetTick
                0x08002c58       0x18 ./Drivers/STM32F7xx_HAL_Driver/Src/stm32f7xx_hal.o
                0x08002c58                HAL_GetTick
 .text.HAL_Delay
                0x08002c70       0x48 ./Drivers/STM32F7xx_HAL_Driver/Src/stm32f7xx_hal.o
                0x08002c70                HAL_Delay
 .text.HAL_ADC_Init
                0x08002cb8       0x88 ./Drivers/STM32F7xx_HAL_Driver/Src/stm32f7xx_hal_adc.o
                0x08002cb8                HAL_ADC_Init
 .text.HAL_ADC_Start
                0x08002d40      0x19c ./Drivers/STM32F7xx_HAL_Driver/Src/stm32f7xx_hal_adc.o
                0x08002d40                HAL_ADC_Start
 .text.HAL_ADC_PollForConversion
                0x08002edc      0x116 ./Drivers/STM32F7xx_HAL_Driver/Src/stm32f7xx_hal_adc.o
                0x08002edc                HAL_ADC_PollForConversion
 .text.HAL_ADC_IRQHandler
                0x08002ff2      0x220 ./Drivers/STM32F7xx_HAL_Driver/Src/stm32f7xx_hal_adc.o
                0x08002ff2                HAL_ADC_IRQHandler
 .text.HAL_ADC_GetValue
                0x08003212       0x1a ./Drivers/STM32F7xx_HAL_Driver/Src/stm32f7xx_hal_adc.o
                0x08003212                HAL_ADC_GetValue
 .text.HAL_ADC_ConvCpltCallback
                0x0800322c       0x14 ./Drivers/STM32F7xx_HAL_Driver/Src/stm32f7xx_hal_adc.o
                0x0800322c                HAL_ADC_ConvCpltCallback
 .text.HAL_ADC_LevelOutOfWindowCallback
                0x08003240       0x14 ./Drivers/STM32F7xx_HAL_Driver/Src/stm32f7xx_hal_adc.o
                0x08003240                HAL_ADC_LevelOutOfWindowCallback
 .text.HAL_ADC_ErrorCallback
                0x08003254       0x14 ./Drivers/STM32F7xx_HAL_Driver/Src/stm32f7xx_hal_adc.o
                0x08003254                HAL_ADC_ErrorCallback
 .text.HAL_ADC_ConfigChannel
                0x08003268      0x2ac ./Drivers/STM32F7xx_HAL_Driver/Src/stm32f7xx_hal_adc.o
                0x08003268                HAL_ADC_ConfigChannel
 .text.ADC_Init
                0x08003514      0x1f4 ./Drivers/STM32F7xx_HAL_Driver/Src/stm32f7xx_hal_adc.o
 .text.HAL_ADCEx_InjectedConvCpltCallback
                0x08003708       0x14 ./Drivers/STM32F7xx_HAL_Driver/Src/stm32f7xx_hal_adc_ex.o
                0x08003708                HAL_ADCEx_InjectedConvCpltCallback
 .text.__NVIC_SetPriorityGrouping
                0x0800371c       0x48 ./Drivers/STM32F7xx_HAL_Driver/Src/stm32f7xx_hal_cortex.o
 .text.__NVIC_GetPriorityGrouping
                0x08003764       0x1c ./Drivers/STM32F7xx_HAL_Driver/Src/stm32f7xx_hal_cortex.o
 .text.__NVIC_EnableIRQ
                0x08003780       0x3c ./Drivers/STM32F7xx_HAL_Driver/Src/stm32f7xx_hal_cortex.o
 .text.__NVIC_SetPriority
                0x080037bc       0x54 ./Drivers/STM32F7xx_HAL_Driver/Src/stm32f7xx_hal_cortex.o
 .text.NVIC_EncodePriority
                0x08003810       0x66 ./Drivers/STM32F7xx_HAL_Driver/Src/stm32f7xx_hal_cortex.o
 *fill*         0x08003876        0x2 
 .text.SysTick_Config
                0x08003878       0x44 ./Drivers/STM32F7xx_HAL_Driver/Src/stm32f7xx_hal_cortex.o
 .text.HAL_NVIC_SetPriorityGrouping
                0x080038bc       0x16 ./Drivers/STM32F7xx_HAL_Driver/Src/stm32f7xx_hal_cortex.o
                0x080038bc                HAL_NVIC_SetPriorityGrouping
 .text.HAL_NVIC_SetPriority
                0x080038d2       0x38 ./Drivers/STM32F7xx_HAL_Driver/Src/stm32f7xx_hal_cortex.o
                0x080038d2                HAL_NVIC_SetPriority
 .text.HAL_NVIC_EnableIRQ
                0x0800390a       0x1c ./Drivers/STM32F7xx_HAL_Driver/Src/stm32f7xx_hal_cortex.o
                0x0800390a                HAL_NVIC_EnableIRQ
 .text.HAL_SYSTICK_Config
                0x08003926       0x18 ./Drivers/STM32F7xx_HAL_Driver/Src/stm32f7xx_hal_cortex.o
                0x08003926                HAL_SYSTICK_Config
 *fill*         0x0800393e        0x2 
 .text.HAL_DMA_Init
                0x08003940      0x15c ./Drivers/STM32F7xx_HAL_Driver/Src/stm32f7xx_hal_dma.o
                0x08003940                HAL_DMA_Init
 .text.HAL_DMA_Abort
                0x08003a9c       0xe0 ./Drivers/STM32F7xx_HAL_Driver/Src/stm32f7xx_hal_dma.o
                0x08003a9c                HAL_DMA_Abort
 .text.HAL_DMA_Abort_IT
                0x08003b7c       0x44 ./Drivers/STM32F7xx_HAL_Driver/Src/stm32f7xx_hal_dma.o
                0x08003b7c                HAL_DMA_Abort_IT
 .text.HAL_DMA_IRQHandler
                0x08003bc0      0x314 ./Drivers/STM32F7xx_HAL_Driver/Src/stm32f7xx_hal_dma.o
                0x08003bc0                HAL_DMA_IRQHandler
 .text.DMA_CalcBaseAndBitshift
                0x08003ed4       0x6c ./Drivers/STM32F7xx_HAL_Driver/Src/stm32f7xx_hal_dma.o
 .text.DMA_CheckFifoParam
                0x08003f40       0xf8 ./Drivers/STM32F7xx_HAL_Driver/Src/stm32f7xx_hal_dma.o
 .text.HAL_GPIO_Init
                0x08004038      0x358 ./Drivers/STM32F7xx_HAL_Driver/Src/stm32f7xx_hal_gpio.o
                0x08004038                HAL_GPIO_Init
 .text.HAL_GPIO_ReadPin
                0x08004390       0x30 ./Drivers/STM32F7xx_HAL_Driver/Src/stm32f7xx_hal_gpio.o
                0x08004390                HAL_GPIO_ReadPin
 .text.HAL_GPIO_WritePin
                0x080043c0       0x32 ./Drivers/STM32F7xx_HAL_Driver/Src/stm32f7xx_hal_gpio.o
                0x080043c0                HAL_GPIO_WritePin
 .text.HAL_GPIO_TogglePin
                0x080043f2       0x34 ./Drivers/STM32F7xx_HAL_Driver/Src/stm32f7xx_hal_gpio.o
                0x080043f2                HAL_GPIO_TogglePin
 *fill*         0x08004426        0x2 
 .text.HAL_I2C_Init
                0x08004428      0x138 ./Drivers/STM32F7xx_HAL_Driver/Src/stm32f7xx_hal_i2c.o
                0x08004428                HAL_I2C_Init
 .text.HAL_I2C_Master_Transmit
                0x08004560      0x230 ./Drivers/STM32F7xx_HAL_Driver/Src/stm32f7xx_hal_i2c.o
                0x08004560                HAL_I2C_Master_Transmit
 .text.HAL_I2C_Master_Receive
                0x08004790      0x1ec ./Drivers/STM32F7xx_HAL_Driver/Src/stm32f7xx_hal_i2c.o
                0x08004790                HAL_I2C_Master_Receive
 .text.I2C_Flush_TXDR
                0x0800497c       0x48 ./Drivers/STM32F7xx_HAL_Driver/Src/stm32f7xx_hal_i2c.o
 .text.I2C_WaitOnFlagUntilTimeout
                0x080049c4       0xb2 ./Drivers/STM32F7xx_HAL_Driver/Src/stm32f7xx_hal_i2c.o
 .text.I2C_WaitOnTXISFlagUntilTimeout
                0x08004a76       0x8e ./Drivers/STM32F7xx_HAL_Driver/Src/stm32f7xx_hal_i2c.o
 .text.I2C_WaitOnSTOPFlagUntilTimeout
                0x08004b04       0x86 ./Drivers/STM32F7xx_HAL_Driver/Src/stm32f7xx_hal_i2c.o
 *fill*         0x08004b8a        0x2 
 .text.I2C_WaitOnRXNEFlagUntilTimeout
                0x08004b8c      0x118 ./Drivers/STM32F7xx_HAL_Driver/Src/stm32f7xx_hal_i2c.o
 .text.I2C_IsErrorOccurred
                0x08004ca4      0x1c0 ./Drivers/STM32F7xx_HAL_Driver/Src/stm32f7xx_hal_i2c.o
 .text.I2C_TransferConfig
                0x08004e64       0x64 ./Drivers/STM32F7xx_HAL_Driver/Src/stm32f7xx_hal_i2c.o
 .text.HAL_I2CEx_ConfigAnalogFilter
                0x08004ec8       0x96 ./Drivers/STM32F7xx_HAL_Driver/Src/stm32f7xx_hal_i2c_ex.o
                0x08004ec8                HAL_I2CEx_ConfigAnalogFilter
 .text.HAL_I2CEx_ConfigDigitalFilter
                0x08004f5e       0x98 ./Drivers/STM32F7xx_HAL_Driver/Src/stm32f7xx_hal_i2c_ex.o
                0x08004f5e                HAL_I2CEx_ConfigDigitalFilter
 *fill*         0x08004ff6        0x2 
 .text.HAL_PWR_EnableBkUpAccess
                0x08004ff8       0x20 ./Drivers/STM32F7xx_HAL_Driver/Src/stm32f7xx_hal_pwr.o
                0x08004ff8                HAL_PWR_EnableBkUpAccess
 .text.HAL_PWREx_EnableOverDrive
                0x08005018       0xa0 ./Drivers/STM32F7xx_HAL_Driver/Src/stm32f7xx_hal_pwr_ex.o
                0x08005018                HAL_PWREx_EnableOverDrive
 .text.HAL_RCC_OscConfig
                0x080050b8      0x548 ./Drivers/STM32F7xx_HAL_Driver/Src/stm32f7xx_hal_rcc.o
                0x080050b8                HAL_RCC_OscConfig
 .text.HAL_RCC_ClockConfig
                0x08005600      0x1d8 ./Drivers/STM32F7xx_HAL_Driver/Src/stm32f7xx_hal_rcc.o
                0x08005600                HAL_RCC_ClockConfig
 .text.HAL_RCC_GetSysClockFreq
                0x080057d8      0x20c ./Drivers/STM32F7xx_HAL_Driver/Src/stm32f7xx_hal_rcc.o
                0x080057d8                HAL_RCC_GetSysClockFreq
 .text.HAL_RCC_GetHCLKFreq
                0x080059e4       0x18 ./Drivers/STM32F7xx_HAL_Driver/Src/stm32f7xx_hal_rcc.o
                0x080059e4                HAL_RCC_GetHCLKFreq
 .text.HAL_RCC_GetPCLK1Freq
                0x080059fc       0x28 ./Drivers/STM32F7xx_HAL_Driver/Src/stm32f7xx_hal_rcc.o
                0x080059fc                HAL_RCC_GetPCLK1Freq
 .text.HAL_RCC_GetPCLK2Freq
                0x08005a24       0x28 ./Drivers/STM32F7xx_HAL_Driver/Src/stm32f7xx_hal_rcc.o
                0x08005a24                HAL_RCC_GetPCLK2Freq
 .text.HAL_RCCEx_PeriphCLKConfig
                0x08005a4c      0x7e0 ./Drivers/STM32F7xx_HAL_Driver/Src/stm32f7xx_hal_rcc_ex.o
                0x08005a4c                HAL_RCCEx_PeriphCLKConfig
 .text.HAL_TIM_Base_Init
                0x0800622c       0xae ./Drivers/STM32F7xx_HAL_Driver/Src/stm32f7xx_hal_tim.o
                0x0800622c                HAL_TIM_Base_Init
 *fill*         0x080062da        0x2 
 .text.HAL_TIM_Base_Start
                0x080062dc       0xe0 ./Drivers/STM32F7xx_HAL_Driver/Src/stm32f7xx_hal_tim.o
                0x080062dc                HAL_TIM_Base_Start
 .text.HAL_TIM_Base_Stop
                0x080063bc       0x4e ./Drivers/STM32F7xx_HAL_Driver/Src/stm32f7xx_hal_tim.o
                0x080063bc                HAL_TIM_Base_Stop
 *fill*         0x0800640a        0x2 
 .text.HAL_TIM_Base_Start_IT
                0x0800640c       0xf0 ./Drivers/STM32F7xx_HAL_Driver/Src/stm32f7xx_hal_tim.o
                0x0800640c                HAL_TIM_Base_Start_IT
 .text.HAL_TIM_PWM_Init
                0x080064fc       0xae ./Drivers/STM32F7xx_HAL_Driver/Src/stm32f7xx_hal_tim.o
                0x080064fc                HAL_TIM_PWM_Init
 .text.HAL_TIM_PWM_MspInit
                0x080065aa       0x14 ./Drivers/STM32F7xx_HAL_Driver/Src/stm32f7xx_hal_tim.o
                0x080065aa                HAL_TIM_PWM_MspInit
 *fill*         0x080065be        0x2 
 .text.HAL_TIM_PWM_Start
                0x080065c0      0x1f4 ./Drivers/STM32F7xx_HAL_Driver/Src/stm32f7xx_hal_tim.o
                0x080065c0                HAL_TIM_PWM_Start
 .text.HAL_TIM_IRQHandler
                0x080067b4      0x20e ./Drivers/STM32F7xx_HAL_Driver/Src/stm32f7xx_hal_tim.o
                0x080067b4                HAL_TIM_IRQHandler
 *fill*         0x080069c2        0x2 
 .text.HAL_TIM_PWM_ConfigChannel
                0x080069c4      0x228 ./Drivers/STM32F7xx_HAL_Driver/Src/stm32f7xx_hal_tim.o
                0x080069c4                HAL_TIM_PWM_ConfigChannel
 .text.HAL_TIM_ConfigClockSource
                0x08006bec      0x194 ./Drivers/STM32F7xx_HAL_Driver/Src/stm32f7xx_hal_tim.o
                0x08006bec                HAL_TIM_ConfigClockSource
 .text.HAL_TIM_OC_DelayElapsedCallback
                0x08006d80       0x14 ./Drivers/STM32F7xx_HAL_Driver/Src/stm32f7xx_hal_tim.o
                0x08006d80                HAL_TIM_OC_DelayElapsedCallback
 .text.HAL_TIM_IC_CaptureCallback
                0x08006d94       0x14 ./Drivers/STM32F7xx_HAL_Driver/Src/stm32f7xx_hal_tim.o
                0x08006d94                HAL_TIM_IC_CaptureCallback
 .text.HAL_TIM_PWM_PulseFinishedCallback
                0x08006da8       0x14 ./Drivers/STM32F7xx_HAL_Driver/Src/stm32f7xx_hal_tim.o
                0x08006da8                HAL_TIM_PWM_PulseFinishedCallback
 .text.HAL_TIM_TriggerCallback
                0x08006dbc       0x14 ./Drivers/STM32F7xx_HAL_Driver/Src/stm32f7xx_hal_tim.o
                0x08006dbc                HAL_TIM_TriggerCallback
 .text.TIM_Base_SetConfig
                0x08006dd0      0x158 ./Drivers/STM32F7xx_HAL_Driver/Src/stm32f7xx_hal_tim.o
                0x08006dd0                TIM_Base_SetConfig
 .text.TIM_OC1_SetConfig
                0x08006f28       0xe4 ./Drivers/STM32F7xx_HAL_Driver/Src/stm32f7xx_hal_tim.o
 .text.TIM_OC2_SetConfig
                0x0800700c       0xf0 ./Drivers/STM32F7xx_HAL_Driver/Src/stm32f7xx_hal_tim.o
                0x0800700c                TIM_OC2_SetConfig
 .text.TIM_OC3_SetConfig
                0x080070fc       0xec ./Drivers/STM32F7xx_HAL_Driver/Src/stm32f7xx_hal_tim.o
 .text.TIM_OC4_SetConfig
                0x080071e8       0xb0 ./Drivers/STM32F7xx_HAL_Driver/Src/stm32f7xx_hal_tim.o
 .text.TIM_OC5_SetConfig
                0x08007298       0xa4 ./Drivers/STM32F7xx_HAL_Driver/Src/stm32f7xx_hal_tim.o
 .text.TIM_OC6_SetConfig
                0x0800733c       0xa8 ./Drivers/STM32F7xx_HAL_Driver/Src/stm32f7xx_hal_tim.o
 .text.TIM_TI1_ConfigInputStage
                0x080073e4       0x5e ./Drivers/STM32F7xx_HAL_Driver/Src/stm32f7xx_hal_tim.o
 .text.TIM_TI2_ConfigInputStage
                0x08007442       0x60 ./Drivers/STM32F7xx_HAL_Driver/Src/stm32f7xx_hal_tim.o
 .text.TIM_ITRx_SetConfig
                0x080074a2       0x36 ./Drivers/STM32F7xx_HAL_Driver/Src/stm32f7xx_hal_tim.o
 .text.TIM_ETR_SetConfig
                0x080074d8       0x40 ./Drivers/STM32F7xx_HAL_Driver/Src/stm32f7xx_hal_tim.o
                0x080074d8                TIM_ETR_SetConfig
 .text.TIM_CCxChannelCmd
                0x08007518       0x4a ./Drivers/STM32F7xx_HAL_Driver/Src/stm32f7xx_hal_tim.o
                0x08007518                TIM_CCxChannelCmd
 *fill*         0x08007562        0x2 
 .text.HAL_TIMEx_MasterConfigSynchronization
                0x08007564      0x11c ./Drivers/STM32F7xx_HAL_Driver/Src/stm32f7xx_hal_tim_ex.o
                0x08007564                HAL_TIMEx_MasterConfigSynchronization
 .text.HAL_TIMEx_CommutCallback
                0x08007680       0x14 ./Drivers/STM32F7xx_HAL_Driver/Src/stm32f7xx_hal_tim_ex.o
                0x08007680                HAL_TIMEx_CommutCallback
 .text.HAL_TIMEx_BreakCallback
                0x08007694       0x14 ./Drivers/STM32F7xx_HAL_Driver/Src/stm32f7xx_hal_tim_ex.o
                0x08007694                HAL_TIMEx_BreakCallback
 .text.HAL_TIMEx_Break2Callback
                0x080076a8       0x14 ./Drivers/STM32F7xx_HAL_Driver/Src/stm32f7xx_hal_tim_ex.o
                0x080076a8                HAL_TIMEx_Break2Callback
 .text.HAL_UART_Init
                0x080076bc       0x9c ./Drivers/STM32F7xx_HAL_Driver/Src/stm32f7xx_hal_uart.o
                0x080076bc                HAL_UART_Init
 .text.HAL_UART_Transmit
                0x08007758      0x112 ./Drivers/STM32F7xx_HAL_Driver/Src/stm32f7xx_hal_uart.o
                0x08007758                HAL_UART_Transmit
 .text.HAL_UART_Receive_IT
                0x0800786a       0x88 ./Drivers/STM32F7xx_HAL_Driver/Src/stm32f7xx_hal_uart.o
                0x0800786a                HAL_UART_Receive_IT
 *fill*         0x080078f2        0x2 
 .text.HAL_UART_IRQHandler
                0x080078f4      0x5a4 ./Drivers/STM32F7xx_HAL_Driver/Src/stm32f7xx_hal_uart.o
                0x080078f4                HAL_UART_IRQHandler
 .text.HAL_UART_TxCpltCallback
                0x08007e98       0x14 ./Drivers/STM32F7xx_HAL_Driver/Src/stm32f7xx_hal_uart.o
                0x08007e98                HAL_UART_TxCpltCallback
 .text.HAL_UART_ErrorCallback
                0x08007eac       0x14 ./Drivers/STM32F7xx_HAL_Driver/Src/stm32f7xx_hal_uart.o
                0x08007eac                HAL_UART_ErrorCallback
 .text.HAL_UARTEx_RxEventCallback
                0x08007ec0       0x18 ./Drivers/STM32F7xx_HAL_Driver/Src/stm32f7xx_hal_uart.o
                0x08007ec0                HAL_UARTEx_RxEventCallback
 .text.UART_SetConfig
                0x08007ed8      0x4c8 ./Drivers/STM32F7xx_HAL_Driver/Src/stm32f7xx_hal_uart.o
                0x08007ed8                UART_SetConfig
 .text.UART_AdvFeatureConfig
                0x080083a0      0x144 ./Drivers/STM32F7xx_HAL_Driver/Src/stm32f7xx_hal_uart.o
                0x080083a0                UART_AdvFeatureConfig
 .text.UART_CheckIdleState
                0x080084e4       0xae ./Drivers/STM32F7xx_HAL_Driver/Src/stm32f7xx_hal_uart.o
                0x080084e4                UART_CheckIdleState
 .text.UART_WaitOnFlagUntilTimeout
                0x08008592       0xda ./Drivers/STM32F7xx_HAL_Driver/Src/stm32f7xx_hal_uart.o
                0x08008592                UART_WaitOnFlagUntilTimeout
 .text.UART_Start_Receive_IT
                0x0800866c      0x18c ./Drivers/STM32F7xx_HAL_Driver/Src/stm32f7xx_hal_uart.o
                0x0800866c                UART_Start_Receive_IT
 .text.UART_EndRxTransfer
                0x080087f8       0xc8 ./Drivers/STM32F7xx_HAL_Driver/Src/stm32f7xx_hal_uart.o
 .text.UART_DMAAbortOnError
                0x080088c0       0x2c ./Drivers/STM32F7xx_HAL_Driver/Src/stm32f7xx_hal_uart.o
 .text.UART_EndTransmit_IT
                0x080088ec       0x54 ./Drivers/STM32F7xx_HAL_Driver/Src/stm32f7xx_hal_uart.o
 .text.UART_RxISR_8BIT
                0x08008940      0x1a8 ./Drivers/STM32F7xx_HAL_Driver/Src/stm32f7xx_hal_uart.o
 .text.UART_RxISR_16BIT
                0x08008ae8      0x1a8 ./Drivers/STM32F7xx_HAL_Driver/Src/stm32f7xx_hal_uart.o
 .text._strtol_l.constprop.0
                0x08008c90       0xf4 C:/ST/STM32CubeIDE_1.16.1/STM32CubeIDE/plugins/com.st.stm32cube.ide.mcu.externaltools.gnu-tools-for-stm32.12.3.rel1.win32_1.1.0.202410251130/tools/bin/../lib/gcc/arm-none-eabi/12.3.1/../../../../arm-none-eabi/lib/thumb/v7e-m+fp/hard\libc_nano.a(libc_a-strtol.o)
 .text.strtol   0x08008d84       0x14 C:/ST/STM32CubeIDE_1.16.1/STM32CubeIDE/plugins/com.st.stm32cube.ide.mcu.externaltools.gnu-tools-for-stm32.12.3.rel1.win32_1.1.0.202410251130/tools/bin/../lib/gcc/arm-none-eabi/12.3.1/../../../../arm-none-eabi/lib/thumb/v7e-m+fp/hard\libc_nano.a(libc_a-strtol.o)
                0x08008d84                strtol
 .text.sprintf  0x08008d98       0x40 C:/ST/STM32CubeIDE_1.16.1/STM32CubeIDE/plugins/com.st.stm32cube.ide.mcu.externaltools.gnu-tools-for-stm32.12.3.rel1.win32_1.1.0.202410251130/tools/bin/../lib/gcc/arm-none-eabi/12.3.1/../../../../arm-none-eabi/lib/thumb/v7e-m+fp/hard\libc_nano.a(libc_a-sprintf.o)
                0x08008d98                siprintf
                0x08008d98                sprintf
 .text.memset   0x08008dd8       0x10 C:/ST/STM32CubeIDE_1.16.1/STM32CubeIDE/plugins/com.st.stm32cube.ide.mcu.externaltools.gnu-tools-for-stm32.12.3.rel1.win32_1.1.0.202410251130/tools/bin/../lib/gcc/arm-none-eabi/12.3.1/../../../../arm-none-eabi/lib/thumb/v7e-m+fp/hard\libc_nano.a(libc_a-memset.o)
                0x08008dd8                memset
 .text.__errno  0x08008de8        0xc C:/ST/STM32CubeIDE_1.16.1/STM32CubeIDE/plugins/com.st.stm32cube.ide.mcu.externaltools.gnu-tools-for-stm32.12.3.rel1.win32_1.1.0.202410251130/tools/bin/../lib/gcc/arm-none-eabi/12.3.1/../../../../arm-none-eabi/lib/thumb/v7e-m+fp/hard\libc_nano.a(libc_a-errno.o)
                0x08008de8                __errno
 .text.__libc_init_array
                0x08008df4       0x48 C:/ST/STM32CubeIDE_1.16.1/STM32CubeIDE/plugins/com.st.stm32cube.ide.mcu.externaltools.gnu-tools-for-stm32.12.3.rel1.win32_1.1.0.202410251130/tools/bin/../lib/gcc/arm-none-eabi/12.3.1/../../../../arm-none-eabi/lib/thumb/v7e-m+fp/hard\libc_nano.a(libc_a-init.o)
                0x08008df4                __libc_init_array
 .text.__retarget_lock_acquire_recursive
                0x08008e3c        0x2 C:/ST/STM32CubeIDE_1.16.1/STM32CubeIDE/plugins/com.st.stm32cube.ide.mcu.externaltools.gnu-tools-for-stm32.12.3.rel1.win32_1.1.0.202410251130/tools/bin/../lib/gcc/arm-none-eabi/12.3.1/../../../../arm-none-eabi/lib/thumb/v7e-m+fp/hard\libc_nano.a(libc_a-lock.o)
                0x08008e3c                __retarget_lock_acquire_recursive
 .text.__retarget_lock_release_recursive
                0x08008e3e        0x2 C:/ST/STM32CubeIDE_1.16.1/STM32CubeIDE/plugins/com.st.stm32cube.ide.mcu.externaltools.gnu-tools-for-stm32.12.3.rel1.win32_1.1.0.202410251130/tools/bin/../lib/gcc/arm-none-eabi/12.3.1/../../../../arm-none-eabi/lib/thumb/v7e-m+fp/hard\libc_nano.a(libc_a-lock.o)
                0x08008e3e                __retarget_lock_release_recursive
 .text._free_r  0x08008e40       0x94 C:/ST/STM32CubeIDE_1.16.1/STM32CubeIDE/plugins/com.st.stm32cube.ide.mcu.externaltools.gnu-tools-for-stm32.12.3.rel1.win32_1.1.0.202410251130/tools/bin/../lib/gcc/arm-none-eabi/12.3.1/../../../../arm-none-eabi/lib/thumb/v7e-m+fp/hard\libc_nano.a(libc_a-freer.o)
                0x08008e40                _free_r
 .text.sbrk_aligned
                0x08008ed4       0x44 C:/ST/STM32CubeIDE_1.16.1/STM32CubeIDE/plugins/com.st.stm32cube.ide.mcu.externaltools.gnu-tools-for-stm32.12.3.rel1.win32_1.1.0.202410251130/tools/bin/../lib/gcc/arm-none-eabi/12.3.1/../../../../arm-none-eabi/lib/thumb/v7e-m+fp/hard\libc_nano.a(libc_a-mallocr.o)
 .text._malloc_r
                0x08008f18      0x100 C:/ST/STM32CubeIDE_1.16.1/STM32CubeIDE/plugins/com.st.stm32cube.ide.mcu.externaltools.gnu-tools-for-stm32.12.3.rel1.win32_1.1.0.202410251130/tools/bin/../lib/gcc/arm-none-eabi/12.3.1/../../../../arm-none-eabi/lib/thumb/v7e-m+fp/hard\libc_nano.a(libc_a-mallocr.o)
                0x08008f18                _malloc_r
 .text.__malloc_lock
                0x08009018        0xc C:/ST/STM32CubeIDE_1.16.1/STM32CubeIDE/plugins/com.st.stm32cube.ide.mcu.externaltools.gnu-tools-for-stm32.12.3.rel1.win32_1.1.0.202410251130/tools/bin/../lib/gcc/arm-none-eabi/12.3.1/../../../../arm-none-eabi/lib/thumb/v7e-m+fp/hard\libc_nano.a(libc_a-mlock.o)
                0x08009018                __malloc_lock
 .text.__malloc_unlock
                0x08009024        0xc C:/ST/STM32CubeIDE_1.16.1/STM32CubeIDE/plugins/com.st.stm32cube.ide.mcu.externaltools.gnu-tools-for-stm32.12.3.rel1.win32_1.1.0.202410251130/tools/bin/../lib/gcc/arm-none-eabi/12.3.1/../../../../arm-none-eabi/lib/thumb/v7e-m+fp/hard\libc_nano.a(libc_a-mlock.o)
                0x08009024                __malloc_unlock
 .text.__ssputs_r
                0x08009030       0xb6 C:/ST/STM32CubeIDE_1.16.1/STM32CubeIDE/plugins/com.st.stm32cube.ide.mcu.externaltools.gnu-tools-for-stm32.12.3.rel1.win32_1.1.0.202410251130/tools/bin/../lib/gcc/arm-none-eabi/12.3.1/../../../../arm-none-eabi/lib/thumb/v7e-m+fp/hard\libc_nano.a(libc_a-nano-svfprintf.o)
                0x08009030                __ssputs_r
 *fill*         0x080090e6        0x2 
 .text._svfprintf_r
                0x080090e8      0x1f8 C:/ST/STM32CubeIDE_1.16.1/STM32CubeIDE/plugins/com.st.stm32cube.ide.mcu.externaltools.gnu-tools-for-stm32.12.3.rel1.win32_1.1.0.202410251130/tools/bin/../lib/gcc/arm-none-eabi/12.3.1/../../../../arm-none-eabi/lib/thumb/v7e-m+fp/hard\libc_nano.a(libc_a-nano-svfprintf.o)
                0x080090e8                _svfiprintf_r
                0x080090e8                _svfprintf_r
 .text._printf_common
                0x080092e0       0xda C:/ST/STM32CubeIDE_1.16.1/STM32CubeIDE/plugins/com.st.stm32cube.ide.mcu.externaltools.gnu-tools-for-stm32.12.3.rel1.win32_1.1.0.202410251130/tools/bin/../lib/gcc/arm-none-eabi/12.3.1/../../../../arm-none-eabi/lib/thumb/v7e-m+fp/hard\libc_nano.a(libc_a-nano-vfprintf_i.o)
                0x080092e0                _printf_common
 *fill*         0x080093ba        0x2 
 .text._printf_i
                0x080093bc      0x240 C:/ST/STM32CubeIDE_1.16.1/STM32CubeIDE/plugins/com.st.stm32cube.ide.mcu.externaltools.gnu-tools-for-stm32.12.3.rel1.win32_1.1.0.202410251130/tools/bin/../lib/gcc/arm-none-eabi/12.3.1/../../../../arm-none-eabi/lib/thumb/v7e-m+fp/hard\libc_nano.a(libc_a-nano-vfprintf_i.o)
                0x080093bc                _printf_i
 .text.memmove  0x080095fc       0x34 C:/ST/STM32CubeIDE_1.16.1/STM32CubeIDE/plugins/com.st.stm32cube.ide.mcu.externaltools.gnu-tools-for-stm32.12.3.rel1.win32_1.1.0.202410251130/tools/bin/../lib/gcc/arm-none-eabi/12.3.1/../../../../arm-none-eabi/lib/thumb/v7e-m+fp/hard\libc_nano.a(libc_a-memmove.o)
                0x080095fc                memmove
 .text._sbrk_r  0x08009630       0x20 C:/ST/STM32CubeIDE_1.16.1/STM32CubeIDE/plugins/com.st.stm32cube.ide.mcu.externaltools.gnu-tools-for-stm32.12.3.rel1.win32_1.1.0.202410251130/tools/bin/../lib/gcc/arm-none-eabi/12.3.1/../../../../arm-none-eabi/lib/thumb/v7e-m+fp/hard\libc_nano.a(libc_a-sbrkr.o)
                0x08009630                _sbrk_r
 .text.memcpy   0x08009650       0x1c C:/ST/STM32CubeIDE_1.16.1/STM32CubeIDE/plugins/com.st.stm32cube.ide.mcu.externaltools.gnu-tools-for-stm32.12.3.rel1.win32_1.1.0.202410251130/tools/bin/../lib/gcc/arm-none-eabi/12.3.1/../../../../arm-none-eabi/lib/thumb/v7e-m+fp/hard\libc_nano.a(libc_a-memcpy-stub.o)
                0x08009650                memcpy
 .text._realloc_r
                0x0800966c       0x5c C:/ST/STM32CubeIDE_1.16.1/STM32CubeIDE/plugins/com.st.stm32cube.ide.mcu.externaltools.gnu-tools-for-stm32.12.3.rel1.win32_1.1.0.202410251130/tools/bin/../lib/gcc/arm-none-eabi/12.3.1/../../../../arm-none-eabi/lib/thumb/v7e-m+fp/hard\libc_nano.a(libc_a-reallocr.o)
                0x0800966c                _realloc_r
 .text._malloc_usable_size_r
                0x080096c8       0x10 C:/ST/STM32CubeIDE_1.16.1/STM32CubeIDE/plugins/com.st.stm32cube.ide.mcu.externaltools.gnu-tools-for-stm32.12.3.rel1.win32_1.1.0.202410251130/tools/bin/../lib/gcc/arm-none-eabi/12.3.1/../../../../arm-none-eabi/lib/thumb/v7e-m+fp/hard\libc_nano.a(libc_a-msizer.o)
                0x080096c8                _malloc_usable_size_r
 *(.glue_7)
 .glue_7        0x080096d8        0x0 linker stubs
 *(.glue_7t)
 .glue_7t       0x080096d8        0x0 linker stubs
 *(.eh_frame)
 .eh_frame      0x080096d8        0x0 C:/ST/STM32CubeIDE_1.16.1/STM32CubeIDE/plugins/com.st.stm32cube.ide.mcu.externaltools.gnu-tools-for-stm32.12.3.rel1.win32_1.1.0.202410251130/tools/bin/../lib/gcc/arm-none-eabi/12.3.1/thumb/v7e-m+fp/hard/crtbegin.o
 *(.init)
 .init          0x080096d8        0x4 C:/ST/STM32CubeIDE_1.16.1/STM32CubeIDE/plugins/com.st.stm32cube.ide.mcu.externaltools.gnu-tools-for-stm32.12.3.rel1.win32_1.1.0.202410251130/tools/bin/../lib/gcc/arm-none-eabi/12.3.1/thumb/v7e-m+fp/hard/crti.o
                0x080096d8                _init
 .init          0x080096dc        0x8 C:/ST/STM32CubeIDE_1.16.1/STM32CubeIDE/plugins/com.st.stm32cube.ide.mcu.externaltools.gnu-tools-for-stm32.12.3.rel1.win32_1.1.0.202410251130/tools/bin/../lib/gcc/arm-none-eabi/12.3.1/thumb/v7e-m+fp/hard/crtn.o
 *(.fini)
 .fini          0x080096e4        0x4 C:/ST/STM32CubeIDE_1.16.1/STM32CubeIDE/plugins/com.st.stm32cube.ide.mcu.externaltools.gnu-tools-for-stm32.12.3.rel1.win32_1.1.0.202410251130/tools/bin/../lib/gcc/arm-none-eabi/12.3.1/thumb/v7e-m+fp/hard/crti.o
                0x080096e4                _fini
 .fini          0x080096e8        0x8 C:/ST/STM32CubeIDE_1.16.1/STM32CubeIDE/plugins/com.st.stm32cube.ide.mcu.externaltools.gnu-tools-for-stm32.12.3.rel1.win32_1.1.0.202410251130/tools/bin/../lib/gcc/arm-none-eabi/12.3.1/thumb/v7e-m+fp/hard/crtn.o
                0x080096f0                        . = ALIGN (0x4)
                0x080096f0                        _etext = .

.vfp11_veneer   0x080096f0        0x0
 .vfp11_veneer  0x080096f0        0x0 linker stubs

.v4_bx          0x080096f0        0x0
 .v4_bx         0x080096f0        0x0 linker stubs

.iplt           0x080096f0        0x0
 .iplt          0x080096f0        0x0 C:/ST/STM32CubeIDE_1.16.1/STM32CubeIDE/plugins/com.st.stm32cube.ide.mcu.externaltools.gnu-tools-for-stm32.12.3.rel1.win32_1.1.0.202410251130/tools/bin/../lib/gcc/arm-none-eabi/12.3.1/thumb/v7e-m+fp/hard/crtbegin.o

.rodata         0x080096f0      0x25c
                0x080096f0                        . = ALIGN (0x4)
 *(.rodata)
 .rodata        0x080096f0        0x7 ./Components/Src/lcd.o
 *fill*         0x080096f7        0x1 
 .rodata        0x080096f8       0xe8 ./Core/Src/main.o
 *(.rodata*)
 .rodata.DISP_COMMON_CATHODE_MAP
                0x080097e0       0x11 ./Components/Src/disp.o
                0x080097e0                DISP_COMMON_CATHODE_MAP
 *fill*         0x080097f1        0x3 
 .rodata.LCD_ROW_16
                0x080097f4        0x4 ./Components/Src/lcd.o
                0x080097f4                LCD_ROW_16
 .rodata.AHBPrescTable
                0x080097f8       0x10 ./Core/Src/system_stm32f7xx.o
                0x080097f8                AHBPrescTable
 .rodata.APBPrescTable
                0x08009808        0x8 ./Core/Src/system_stm32f7xx.o
                0x08009808                APBPrescTable
 .rodata.flagBitshiftOffset.0
                0x08009810        0x8 ./Drivers/STM32F7xx_HAL_Driver/Src/stm32f7xx_hal_dma.o
 .rodata._ctype_
                0x08009818      0x101 C:/ST/STM32CubeIDE_1.16.1/STM32CubeIDE/plugins/com.st.stm32cube.ide.mcu.externaltools.gnu-tools-for-stm32.12.3.rel1.win32_1.1.0.202410251130/tools/bin/../lib/gcc/arm-none-eabi/12.3.1/../../../../arm-none-eabi/lib/thumb/v7e-m+fp/hard\libc_nano.a(libc_a-ctype_.o)
                0x08009818                _ctype_
 .rodata._svfprintf_r.str1.1
                0x08009919       0x11 C:/ST/STM32CubeIDE_1.16.1/STM32CubeIDE/plugins/com.st.stm32cube.ide.mcu.externaltools.gnu-tools-for-stm32.12.3.rel1.win32_1.1.0.202410251130/tools/bin/../lib/gcc/arm-none-eabi/12.3.1/../../../../arm-none-eabi/lib/thumb/v7e-m+fp/hard\libc_nano.a(libc_a-nano-svfprintf.o)
 .rodata._printf_i.str1.1
                0x0800992a       0x22 C:/ST/STM32CubeIDE_1.16.1/STM32CubeIDE/plugins/com.st.stm32cube.ide.mcu.externaltools.gnu-tools-for-stm32.12.3.rel1.win32_1.1.0.202410251130/tools/bin/../lib/gcc/arm-none-eabi/12.3.1/../../../../arm-none-eabi/lib/thumb/v7e-m+fp/hard\libc_nano.a(libc_a-nano-vfprintf_i.o)
                0x0800994c                        . = ALIGN (0x4)

.ARM.extab      0x0800994c        0x0
                0x0800994c                        . = ALIGN (0x4)
 *(.ARM.extab* .gnu.linkonce.armextab.*)
                0x0800994c                        . = ALIGN (0x4)

.ARM            0x0800994c        0x8
                0x0800994c                        . = ALIGN (0x4)
                0x0800994c                        __exidx_start = .
 *(.ARM.exidx*)
 .ARM.exidx     0x0800994c        0x8 C:/ST/STM32CubeIDE_1.16.1/STM32CubeIDE/plugins/com.st.stm32cube.ide.mcu.externaltools.gnu-tools-for-stm32.12.3.rel1.win32_1.1.0.202410251130/tools/bin/../lib/gcc/arm-none-eabi/12.3.1/../../../../arm-none-eabi/lib/thumb/v7e-m+fp/hard\libc_nano.a(libc_a-strlen.o)
 .ARM.exidx     0x08009954        0x0 C:/ST/STM32CubeIDE_1.16.1/STM32CubeIDE/plugins/com.st.stm32cube.ide.mcu.externaltools.gnu-tools-for-stm32.12.3.rel1.win32_1.1.0.202410251130/tools/bin/../lib/gcc/arm-none-eabi/12.3.1/../../../../arm-none-eabi/lib/thumb/v7e-m+fp/hard\libc_nano.a(libc_a-memchr.o)
                                  0x8 (size before relaxing)
 .ARM.exidx     0x08009954        0x0 C:/ST/STM32CubeIDE_1.16.1/STM32CubeIDE/plugins/com.st.stm32cube.ide.mcu.externaltools.gnu-tools-for-stm32.12.3.rel1.win32_1.1.0.202410251130/tools/bin/../lib/gcc/arm-none-eabi/12.3.1/thumb/v7e-m+fp/hard\libgcc.a(_udivmoddi4.o)
                                  0x8 (size before relaxing)
                0x08009954                        __exidx_end = .
                0x08009954                        . = ALIGN (0x4)

.rel.dyn        0x08009954        0x0
 .rel.iplt      0x08009954        0x0 C:/ST/STM32CubeIDE_1.16.1/STM32CubeIDE/plugins/com.st.stm32cube.ide.mcu.externaltools.gnu-tools-for-stm32.12.3.rel1.win32_1.1.0.202410251130/tools/bin/../lib/gcc/arm-none-eabi/12.3.1/thumb/v7e-m+fp/hard/crtbegin.o

.preinit_array  0x08009954        0x0
                0x08009954                        . = ALIGN (0x4)
                0x08009954                        PROVIDE (__preinit_array_start = .)
 *(.preinit_array*)
                0x08009954                        PROVIDE (__preinit_array_end = .)
                0x08009954                        . = ALIGN (0x4)

.init_array     0x08009954        0x4
                0x08009954                        . = ALIGN (0x4)
                0x08009954                        PROVIDE (__init_array_start = .)
 *(SORT_BY_NAME(.init_array.*))
 *(.init_array*)
 .init_array    0x08009954        0x4 C:/ST/STM32CubeIDE_1.16.1/STM32CubeIDE/plugins/com.st.stm32cube.ide.mcu.externaltools.gnu-tools-for-stm32.12.3.rel1.win32_1.1.0.202410251130/tools/bin/../lib/gcc/arm-none-eabi/12.3.1/thumb/v7e-m+fp/hard/crtbegin.o
                0x08009958                        PROVIDE (__init_array_end = .)
                0x08009958                        . = ALIGN (0x4)

.fini_array     0x08009958        0x4
                0x08009958                        . = ALIGN (0x4)
                [!provide]                        PROVIDE (__fini_array_start = .)
 *(SORT_BY_NAME(.fini_array.*))
 *(.fini_array*)
 .fini_array    0x08009958        0x4 C:/ST/STM32CubeIDE_1.16.1/STM32CubeIDE/plugins/com.st.stm32cube.ide.mcu.externaltools.gnu-tools-for-stm32.12.3.rel1.win32_1.1.0.202410251130/tools/bin/../lib/gcc/arm-none-eabi/12.3.1/thumb/v7e-m+fp/hard/crtbegin.o
                [!provide]                        PROVIDE (__fini_array_end = .)
                0x0800995c                        . = ALIGN (0x4)
                0x0800995c                        _sidata = LOADADDR (.data)

.data           0x20000000      0x104 load address 0x0800995c
                0x20000000                        . = ALIGN (0x4)
                0x20000000                        _sdata = .
 *(.data)
 *(.data*)
 .data.hbh1750  0x20000000       0x10 ./Components/Src/bh1750_config.o
                0x20000000                hbh1750
 .data.husrbtn  0x20000010        0xc ./Components/Src/btn_config.o
                0x20000010                husrbtn
 .data.hdisp2   0x2000001c       0x14 ./Components/Src/disp_config.o
                0x2000001c                hdisp2
 .data.__hlcd1_DATA
                0x20000030       0x20 ./Components/Src/lcd_config.o
                0x20000030                __hlcd1_DATA
 .data.hlcd1    0x20000050       0x20 ./Components/Src/lcd_config.o
                0x20000050                hlcd1
 .data.hld1     0x20000070       0x10 ./Components/Src/led_config.o
                0x20000070                hld1
 .data.hldg1    0x20000080        0xc ./Components/Src/led_config.o
                0x20000080                hldg1
 .data.hldb1    0x2000008c        0xc ./Components/Src/led_config.o
                0x2000008c                hldb1
 .data.hldr1    0x20000098        0xc ./Components/Src/led_config.o
                0x20000098                hldr1
 .data.Ki       0x200000a4        0x4 ./Core/Src/main.o
                0x200000a4                Ki
 .data.SystemCoreClock
                0x200000a8        0x4 ./Core/Src/system_stm32f7xx.o
                0x200000a8                SystemCoreClock
 .data.uwTickPrio
                0x200000ac        0x4 ./Drivers/STM32F7xx_HAL_Driver/Src/stm32f7xx_hal.o
                0x200000ac                uwTickPrio
 .data.uwTickFreq
                0x200000b0        0x1 ./Drivers/STM32F7xx_HAL_Driver/Src/stm32f7xx_hal.o
                0x200000b0                uwTickFreq
 *fill*         0x200000b1        0x3 
 .data._impure_ptr
                0x200000b4        0x4 C:/ST/STM32CubeIDE_1.16.1/STM32CubeIDE/plugins/com.st.stm32cube.ide.mcu.externaltools.gnu-tools-for-stm32.12.3.rel1.win32_1.1.0.202410251130/tools/bin/../lib/gcc/arm-none-eabi/12.3.1/../../../../arm-none-eabi/lib/thumb/v7e-m+fp/hard\libc_nano.a(libc_a-impure.o)
                0x200000b4                _impure_ptr
 .data._impure_data
                0x200000b8       0x4c C:/ST/STM32CubeIDE_1.16.1/STM32CubeIDE/plugins/com.st.stm32cube.ide.mcu.externaltools.gnu-tools-for-stm32.12.3.rel1.win32_1.1.0.202410251130/tools/bin/../lib/gcc/arm-none-eabi/12.3.1/../../../../arm-none-eabi/lib/thumb/v7e-m+fp/hard\libc_nano.a(libc_a-impure.o)
                0x200000b8                _impure_data
 *(.RamFunc)
 *(.RamFunc*)
                0x20000104                        . = ALIGN (0x4)
                0x20000104                        _edata = .

.igot.plt       0x20000104        0x0 load address 0x08009a60
 .igot.plt      0x20000104        0x0 C:/ST/STM32CubeIDE_1.16.1/STM32CubeIDE/plugins/com.st.stm32cube.ide.mcu.externaltools.gnu-tools-for-stm32.12.3.rel1.win32_1.1.0.202410251130/tools/bin/../lib/gcc/arm-none-eabi/12.3.1/thumb/v7e-m+fp/hard/crtbegin.o
                0x20000104                        . = ALIGN (0x4)

.bss            0x20000104      0x478 load address 0x08009a60
                0x20000104                        _sbss = .
                0x20000104                        __bss_start__ = _sbss
 *(.bss)
 .bss           0x20000104       0x1c C:/ST/STM32CubeIDE_1.16.1/STM32CubeIDE/plugins/com.st.stm32cube.ide.mcu.externaltools.gnu-tools-for-stm32.12.3.rel1.win32_1.1.0.202410251130/tools/bin/../lib/gcc/arm-none-eabi/12.3.1/thumb/v7e-m+fp/hard/crtbegin.o
 *(.bss*)
 .bss.hadc1     0x20000120       0x48 ./Core/Src/adc.o
                0x20000120                hadc1
 .bss.hdma_adc1
                0x20000168       0x60 ./Core/Src/adc.o
                0x20000168                hdma_adc1
 .bss.hi2c1     0x200001c8       0x54 ./Core/Src/i2c.o
                0x200001c8                hi2c1
 .bss.tx_buffer
                0x2000021c        0x8 ./Core/Src/main.o
                0x2000021c                tx_buffer
 .bss.Illuminance_lux_Int
                0x20000224        0x4 ./Core/Src/main.o
                0x20000224                Illuminance_lux_Int
 .bss.avg_lux   0x20000228        0x4 ./Core/Src/main.o
                0x20000228                avg_lux
 .bss.Illuminance_lux
                0x2000022c        0x4 ./Core/Src/main.o
                0x2000022c                Illuminance_lux
 .bss.lux_out   0x20000230        0x4 ./Core/Src/main.o
                0x20000230                lux_out
 .bss.pot1_vol  0x20000234        0x4 ./Core/Src/main.o
                0x20000234                pot1_vol
 .bss.pot_out   0x20000238        0x4 ./Core/Src/main.o
                0x20000238                pot_out
 .bss.aim       0x2000023c        0x4 ./Core/Src/main.o
                0x2000023c                aim
 .bss.duty_cycle
                0x20000240        0x4 ./Core/Src/main.o
                0x20000240                duty_cycle
 .bss.error     0x20000244        0x4 ./Core/Src/main.o
                0x20000244                error
 .bss.integral  0x20000248        0x4 ./Core/Src/main.o
                0x20000248                integral
 .bss.max_lux   0x2000024c        0x4 ./Core/Src/main.o
                0x2000024c                max_lux
 .bss.min_lux   0x20000250        0x4 ./Core/Src/main.o
                0x20000250                min_lux
 .bss.init_done
                0x20000254        0x4 ./Core/Src/main.o
                0x20000254                init_done
 .bss.currentMode
                0x20000258        0x1 ./Core/Src/main.o
                0x20000258                currentMode
 *fill*         0x20000259        0x3 
 .bss.cnt.0     0x2000025c        0x4 ./Core/Src/main.o
 .bss.__sbrk_heap_end
                0x20000260        0x4 ./Core/Src/sysmem.o
 .bss.htim5     0x20000264       0x4c ./Core/Src/tim.o
                0x20000264                htim5
 .bss.htim7     0x200002b0       0x4c ./Core/Src/tim.o
                0x200002b0                htim7
 .bss.htim9     0x200002fc       0x4c ./Core/Src/tim.o
                0x200002fc                htim9
 .bss.huart3    0x20000348       0x88 ./Core/Src/usart.o
                0x20000348                huart3
 .bss.hdma_usart3_rx
                0x200003d0       0x60 ./Core/Src/usart.o
                0x200003d0                hdma_usart3_rx
 .bss.uwTick    0x20000430        0x4 ./Drivers/STM32F7xx_HAL_Driver/Src/stm32f7xx_hal.o
                0x20000430                uwTick
 .bss.__sf      0x20000434      0x138 C:/ST/STM32CubeIDE_1.16.1/STM32CubeIDE/plugins/com.st.stm32cube.ide.mcu.externaltools.gnu-tools-for-stm32.12.3.rel1.win32_1.1.0.202410251130/tools/bin/../lib/gcc/arm-none-eabi/12.3.1/../../../../arm-none-eabi/lib/thumb/v7e-m+fp/hard\libc_nano.a(libc_a-findfp.o)
                0x20000434                __sf
 .bss.errno     0x2000056c        0x4 C:/ST/STM32CubeIDE_1.16.1/STM32CubeIDE/plugins/com.st.stm32cube.ide.mcu.externaltools.gnu-tools-for-stm32.12.3.rel1.win32_1.1.0.202410251130/tools/bin/../lib/gcc/arm-none-eabi/12.3.1/../../../../arm-none-eabi/lib/thumb/v7e-m+fp/hard\libc_nano.a(libc_a-reent.o)
                0x2000056c                errno
 .bss.__lock___malloc_recursive_mutex
                0x20000570        0x1 C:/ST/STM32CubeIDE_1.16.1/STM32CubeIDE/plugins/com.st.stm32cube.ide.mcu.externaltools.gnu-tools-for-stm32.12.3.rel1.win32_1.1.0.202410251130/tools/bin/../lib/gcc/arm-none-eabi/12.3.1/../../../../arm-none-eabi/lib/thumb/v7e-m+fp/hard\libc_nano.a(libc_a-lock.o)
                0x20000570                __lock___malloc_recursive_mutex
 *fill*         0x20000571        0x3 
 .bss.__malloc_sbrk_start
                0x20000574        0x4 C:/ST/STM32CubeIDE_1.16.1/STM32CubeIDE/plugins/com.st.stm32cube.ide.mcu.externaltools.gnu-tools-for-stm32.12.3.rel1.win32_1.1.0.202410251130/tools/bin/../lib/gcc/arm-none-eabi/12.3.1/../../../../arm-none-eabi/lib/thumb/v7e-m+fp/hard\libc_nano.a(libc_a-mallocr.o)
                0x20000574                __malloc_sbrk_start
 .bss.__malloc_free_list
                0x20000578        0x4 C:/ST/STM32CubeIDE_1.16.1/STM32CubeIDE/plugins/com.st.stm32cube.ide.mcu.externaltools.gnu-tools-for-stm32.12.3.rel1.win32_1.1.0.202410251130/tools/bin/../lib/gcc/arm-none-eabi/12.3.1/../../../../arm-none-eabi/lib/thumb/v7e-m+fp/hard\libc_nano.a(libc_a-mallocr.o)
                0x20000578                __malloc_free_list
 *(COMMON)
                0x2000057c                        . = ALIGN (0x4)
                0x2000057c                        _ebss = .
                0x2000057c                        __bss_end__ = _ebss

._user_heap_stack
                0x2000057c      0x604 load address 0x08009a60
                0x20000580                        . = ALIGN (0x8)
 *fill*         0x2000057c        0x4 
                [!provide]                        PROVIDE (end = .)
                0x20000580                        PROVIDE (_end = .)
                0x20000780                        . = (. + _Min_Heap_Size)
 *fill*         0x20000580      0x200 
                0x20000b80                        . = (. + _Min_Stack_Size)
 *fill*         0x20000780      0x400 
                0x20000b80                        . = ALIGN (0x8)

/DISCARD/
 libc.a(*)
 libm.a(*)
 libgcc.a(*)

.ARM.attributes
                0x00000000       0x30
 *(.ARM.attributes)
 .ARM.attributes
                0x00000000       0x22 C:/ST/STM32CubeIDE_1.16.1/STM32CubeIDE/plugins/com.st.stm32cube.ide.mcu.externaltools.gnu-tools-for-stm32.12.3.rel1.win32_1.1.0.202410251130/tools/bin/../lib/gcc/arm-none-eabi/12.3.1/thumb/v7e-m+fp/hard/crti.o
 .ARM.attributes
                0x00000022       0x34 C:/ST/STM32CubeIDE_1.16.1/STM32CubeIDE/plugins/com.st.stm32cube.ide.mcu.externaltools.gnu-tools-for-stm32.12.3.rel1.win32_1.1.0.202410251130/tools/bin/../lib/gcc/arm-none-eabi/12.3.1/thumb/v7e-m+fp/hard/crtbegin.o
 .ARM.attributes
                0x00000056       0x34 ./Components/Src/bh1750.o
 .ARM.attributes
                0x0000008a       0x34 ./Components/Src/bh1750_config.o
 .ARM.attributes
                0x000000be       0x34 ./Components/Src/btn.o
 .ARM.attributes
                0x000000f2       0x34 ./Components/Src/btn_config.o
 .ARM.attributes
                0x00000126       0x34 ./Components/Src/dio.o
 .ARM.attributes
                0x0000015a       0x34 ./Components/Src/disp.o
 .ARM.attributes
                0x0000018e       0x34 ./Components/Src/disp_config.o
 .ARM.attributes
                0x000001c2       0x34 ./Components/Src/lcd.o
 .ARM.attributes
                0x000001f6       0x34 ./Components/Src/lcd_config.o
 .ARM.attributes
                0x0000022a       0x34 ./Components/Src/led.o
 .ARM.attributes
                0x0000025e       0x34 ./Components/Src/led_config.o
 .ARM.attributes
                0x00000292       0x34 ./Components/Src/pwm.o
 .ARM.attributes
                0x000002c6       0x34 ./Core/Src/adc.o
 .ARM.attributes
                0x000002fa       0x34 ./Core/Src/dma.o
 .ARM.attributes
                0x0000032e       0x34 ./Core/Src/gpio.o
 .ARM.attributes
                0x00000362       0x34 ./Core/Src/i2c.o
 .ARM.attributes
                0x00000396       0x34 ./Core/Src/main.o
 .ARM.attributes
                0x000003ca       0x34 ./Core/Src/stm32f7xx_hal_msp.o
 .ARM.attributes
                0x000003fe       0x34 ./Core/Src/stm32f7xx_it.o
 .ARM.attributes
                0x00000432       0x34 ./Core/Src/sysmem.o
 .ARM.attributes
                0x00000466       0x34 ./Core/Src/system_stm32f7xx.o
 .ARM.attributes
                0x0000049a       0x34 ./Core/Src/tim.o
 .ARM.attributes
                0x000004ce       0x34 ./Core/Src/usart.o
 .ARM.attributes
                0x00000502       0x21 ./Core/Startup/startup_stm32f746zgtx.o
 .ARM.attributes
                0x00000523       0x34 ./Drivers/STM32F7xx_HAL_Driver/Src/stm32f7xx_hal.o
 .ARM.attributes
                0x00000557       0x34 ./Drivers/STM32F7xx_HAL_Driver/Src/stm32f7xx_hal_adc.o
 .ARM.attributes
                0x0000058b       0x34 ./Drivers/STM32F7xx_HAL_Driver/Src/stm32f7xx_hal_adc_ex.o
 .ARM.attributes
                0x000005bf       0x34 ./Drivers/STM32F7xx_HAL_Driver/Src/stm32f7xx_hal_cortex.o
 .ARM.attributes
                0x000005f3       0x34 ./Drivers/STM32F7xx_HAL_Driver/Src/stm32f7xx_hal_dma.o
 .ARM.attributes
                0x00000627       0x34 ./Drivers/STM32F7xx_HAL_Driver/Src/stm32f7xx_hal_gpio.o
 .ARM.attributes
                0x0000065b       0x34 ./Drivers/STM32F7xx_HAL_Driver/Src/stm32f7xx_hal_i2c.o
 .ARM.attributes
                0x0000068f       0x34 ./Drivers/STM32F7xx_HAL_Driver/Src/stm32f7xx_hal_i2c_ex.o
 .ARM.attributes
                0x000006c3       0x34 ./Drivers/STM32F7xx_HAL_Driver/Src/stm32f7xx_hal_pwr.o
 .ARM.attributes
                0x000006f7       0x34 ./Drivers/STM32F7xx_HAL_Driver/Src/stm32f7xx_hal_pwr_ex.o
 .ARM.attributes
                0x0000072b       0x34 ./Drivers/STM32F7xx_HAL_Driver/Src/stm32f7xx_hal_rcc.o
 .ARM.attributes
                0x0000075f       0x34 ./Drivers/STM32F7xx_HAL_Driver/Src/stm32f7xx_hal_rcc_ex.o
 .ARM.attributes
                0x00000793       0x34 ./Drivers/STM32F7xx_HAL_Driver/Src/stm32f7xx_hal_tim.o
 .ARM.attributes
                0x000007c7       0x34 ./Drivers/STM32F7xx_HAL_Driver/Src/stm32f7xx_hal_tim_ex.o
 .ARM.attributes
                0x000007fb       0x34 ./Drivers/STM32F7xx_HAL_Driver/Src/stm32f7xx_hal_uart.o
 .ARM.attributes
                0x0000082f       0x34 C:/ST/STM32CubeIDE_1.16.1/STM32CubeIDE/plugins/com.st.stm32cube.ide.mcu.externaltools.gnu-tools-for-stm32.12.3.rel1.win32_1.1.0.202410251130/tools/bin/../lib/gcc/arm-none-eabi/12.3.1/../../../../arm-none-eabi/lib/thumb/v7e-m+fp/hard\libc_nano.a(libc_a-strtol.o)
 .ARM.attributes
                0x00000863       0x34 C:/ST/STM32CubeIDE_1.16.1/STM32CubeIDE/plugins/com.st.stm32cube.ide.mcu.externaltools.gnu-tools-for-stm32.12.3.rel1.win32_1.1.0.202410251130/tools/bin/../lib/gcc/arm-none-eabi/12.3.1/../../../../arm-none-eabi/lib/thumb/v7e-m+fp/hard\libc_nano.a(libc_a-ctype_.o)
 .ARM.attributes
                0x00000897       0x34 C:/ST/STM32CubeIDE_1.16.1/STM32CubeIDE/plugins/com.st.stm32cube.ide.mcu.externaltools.gnu-tools-for-stm32.12.3.rel1.win32_1.1.0.202410251130/tools/bin/../lib/gcc/arm-none-eabi/12.3.1/../../../../arm-none-eabi/lib/thumb/v7e-m+fp/hard\libc_nano.a(libc_a-findfp.o)
 .ARM.attributes
                0x000008cb       0x34 C:/ST/STM32CubeIDE_1.16.1/STM32CubeIDE/plugins/com.st.stm32cube.ide.mcu.externaltools.gnu-tools-for-stm32.12.3.rel1.win32_1.1.0.202410251130/tools/bin/../lib/gcc/arm-none-eabi/12.3.1/../../../../arm-none-eabi/lib/thumb/v7e-m+fp/hard\libc_nano.a(libc_a-sprintf.o)
 .ARM.attributes
                0x000008ff       0x34 C:/ST/STM32CubeIDE_1.16.1/STM32CubeIDE/plugins/com.st.stm32cube.ide.mcu.externaltools.gnu-tools-for-stm32.12.3.rel1.win32_1.1.0.202410251130/tools/bin/../lib/gcc/arm-none-eabi/12.3.1/../../../../arm-none-eabi/lib/thumb/v7e-m+fp/hard\libc_nano.a(libc_a-memset.o)
 .ARM.attributes
                0x00000933       0x34 C:/ST/STM32CubeIDE_1.16.1/STM32CubeIDE/plugins/com.st.stm32cube.ide.mcu.externaltools.gnu-tools-for-stm32.12.3.rel1.win32_1.1.0.202410251130/tools/bin/../lib/gcc/arm-none-eabi/12.3.1/../../../../arm-none-eabi/lib/thumb/v7e-m+fp/hard\libc_nano.a(libc_a-reent.o)
 .ARM.attributes
                0x00000967       0x34 C:/ST/STM32CubeIDE_1.16.1/STM32CubeIDE/plugins/com.st.stm32cube.ide.mcu.externaltools.gnu-tools-for-stm32.12.3.rel1.win32_1.1.0.202410251130/tools/bin/../lib/gcc/arm-none-eabi/12.3.1/../../../../arm-none-eabi/lib/thumb/v7e-m+fp/hard\libc_nano.a(libc_a-impure.o)
 .ARM.attributes
                0x0000099b       0x34 C:/ST/STM32CubeIDE_1.16.1/STM32CubeIDE/plugins/com.st.stm32cube.ide.mcu.externaltools.gnu-tools-for-stm32.12.3.rel1.win32_1.1.0.202410251130/tools/bin/../lib/gcc/arm-none-eabi/12.3.1/../../../../arm-none-eabi/lib/thumb/v7e-m+fp/hard\libc_nano.a(libc_a-errno.o)
 .ARM.attributes
                0x000009cf       0x34 C:/ST/STM32CubeIDE_1.16.1/STM32CubeIDE/plugins/com.st.stm32cube.ide.mcu.externaltools.gnu-tools-for-stm32.12.3.rel1.win32_1.1.0.202410251130/tools/bin/../lib/gcc/arm-none-eabi/12.3.1/../../../../arm-none-eabi/lib/thumb/v7e-m+fp/hard\libc_nano.a(libc_a-init.o)
 .ARM.attributes
                0x00000a03       0x34 C:/ST/STM32CubeIDE_1.16.1/STM32CubeIDE/plugins/com.st.stm32cube.ide.mcu.externaltools.gnu-tools-for-stm32.12.3.rel1.win32_1.1.0.202410251130/tools/bin/../lib/gcc/arm-none-eabi/12.3.1/../../../../arm-none-eabi/lib/thumb/v7e-m+fp/hard\libc_nano.a(libc_a-lock.o)
 .ARM.attributes
                0x00000a37       0x17 C:/ST/STM32CubeIDE_1.16.1/STM32CubeIDE/plugins/com.st.stm32cube.ide.mcu.externaltools.gnu-tools-for-stm32.12.3.rel1.win32_1.1.0.202410251130/tools/bin/../lib/gcc/arm-none-eabi/12.3.1/../../../../arm-none-eabi/lib/thumb/v7e-m+fp/hard\libc_nano.a(libc_a-strlen.o)
 .ARM.attributes
                0x00000a4e       0x34 C:/ST/STM32CubeIDE_1.16.1/STM32CubeIDE/plugins/com.st.stm32cube.ide.mcu.externaltools.gnu-tools-for-stm32.12.3.rel1.win32_1.1.0.202410251130/tools/bin/../lib/gcc/arm-none-eabi/12.3.1/../../../../arm-none-eabi/lib/thumb/v7e-m+fp/hard\libc_nano.a(libc_a-freer.o)
 .ARM.attributes
                0x00000a82       0x34 C:/ST/STM32CubeIDE_1.16.1/STM32CubeIDE/plugins/com.st.stm32cube.ide.mcu.externaltools.gnu-tools-for-stm32.12.3.rel1.win32_1.1.0.202410251130/tools/bin/../lib/gcc/arm-none-eabi/12.3.1/../../../../arm-none-eabi/lib/thumb/v7e-m+fp/hard\libc_nano.a(libc_a-mallocr.o)
 .ARM.attributes
                0x00000ab6       0x34 C:/ST/STM32CubeIDE_1.16.1/STM32CubeIDE/plugins/com.st.stm32cube.ide.mcu.externaltools.gnu-tools-for-stm32.12.3.rel1.win32_1.1.0.202410251130/tools/bin/../lib/gcc/arm-none-eabi/12.3.1/../../../../arm-none-eabi/lib/thumb/v7e-m+fp/hard\libc_nano.a(libc_a-mlock.o)
 .ARM.attributes
                0x00000aea       0x34 C:/ST/STM32CubeIDE_1.16.1/STM32CubeIDE/plugins/com.st.stm32cube.ide.mcu.externaltools.gnu-tools-for-stm32.12.3.rel1.win32_1.1.0.202410251130/tools/bin/../lib/gcc/arm-none-eabi/12.3.1/../../../../arm-none-eabi/lib/thumb/v7e-m+fp/hard\libc_nano.a(libc_a-nano-svfprintf.o)
 .ARM.attributes
                0x00000b1e       0x34 C:/ST/STM32CubeIDE_1.16.1/STM32CubeIDE/plugins/com.st.stm32cube.ide.mcu.externaltools.gnu-tools-for-stm32.12.3.rel1.win32_1.1.0.202410251130/tools/bin/../lib/gcc/arm-none-eabi/12.3.1/../../../../arm-none-eabi/lib/thumb/v7e-m+fp/hard\libc_nano.a(libc_a-nano-vfprintf_i.o)
 .ARM.attributes
                0x00000b52       0x34 C:/ST/STM32CubeIDE_1.16.1/STM32CubeIDE/plugins/com.st.stm32cube.ide.mcu.externaltools.gnu-tools-for-stm32.12.3.rel1.win32_1.1.0.202410251130/tools/bin/../lib/gcc/arm-none-eabi/12.3.1/../../../../arm-none-eabi/lib/thumb/v7e-m+fp/hard\libc_nano.a(libc_a-memmove.o)
 .ARM.attributes
                0x00000b86       0x34 C:/ST/STM32CubeIDE_1.16.1/STM32CubeIDE/plugins/com.st.stm32cube.ide.mcu.externaltools.gnu-tools-for-stm32.12.3.rel1.win32_1.1.0.202410251130/tools/bin/../lib/gcc/arm-none-eabi/12.3.1/../../../../arm-none-eabi/lib/thumb/v7e-m+fp/hard\libc_nano.a(libc_a-sbrkr.o)
 .ARM.attributes
                0x00000bba       0x1c C:/ST/STM32CubeIDE_1.16.1/STM32CubeIDE/plugins/com.st.stm32cube.ide.mcu.externaltools.gnu-tools-for-stm32.12.3.rel1.win32_1.1.0.202410251130/tools/bin/../lib/gcc/arm-none-eabi/12.3.1/../../../../arm-none-eabi/lib/thumb/v7e-m+fp/hard\libc_nano.a(libc_a-memchr.o)
 .ARM.attributes
                0x00000bd6       0x34 C:/ST/STM32CubeIDE_1.16.1/STM32CubeIDE/plugins/com.st.stm32cube.ide.mcu.externaltools.gnu-tools-for-stm32.12.3.rel1.win32_1.1.0.202410251130/tools/bin/../lib/gcc/arm-none-eabi/12.3.1/../../../../arm-none-eabi/lib/thumb/v7e-m+fp/hard\libc_nano.a(libc_a-memcpy-stub.o)
 .ARM.attributes
                0x00000c0a       0x34 C:/ST/STM32CubeIDE_1.16.1/STM32CubeIDE/plugins/com.st.stm32cube.ide.mcu.externaltools.gnu-tools-for-stm32.12.3.rel1.win32_1.1.0.202410251130/tools/bin/../lib/gcc/arm-none-eabi/12.3.1/../../../../arm-none-eabi/lib/thumb/v7e-m+fp/hard\libc_nano.a(libc_a-reallocr.o)
 .ARM.attributes
                0x00000c3e       0x34 C:/ST/STM32CubeIDE_1.16.1/STM32CubeIDE/plugins/com.st.stm32cube.ide.mcu.externaltools.gnu-tools-for-stm32.12.3.rel1.win32_1.1.0.202410251130/tools/bin/../lib/gcc/arm-none-eabi/12.3.1/../../../../arm-none-eabi/lib/thumb/v7e-m+fp/hard\libc_nano.a(libc_a-msizer.o)
 .ARM.attributes
                0x00000c72       0x22 C:/ST/STM32CubeIDE_1.16.1/STM32CubeIDE/plugins/com.st.stm32cube.ide.mcu.externaltools.gnu-tools-for-stm32.12.3.rel1.win32_1.1.0.202410251130/tools/bin/../lib/gcc/arm-none-eabi/12.3.1/thumb/v7e-m+fp/hard\libgcc.a(_arm_muldf3.o)
 .ARM.attributes
                0x00000c94       0x22 C:/ST/STM32CubeIDE_1.16.1/STM32CubeIDE/plugins/com.st.stm32cube.ide.mcu.externaltools.gnu-tools-for-stm32.12.3.rel1.win32_1.1.0.202410251130/tools/bin/../lib/gcc/arm-none-eabi/12.3.1/thumb/v7e-m+fp/hard\libgcc.a(_arm_addsubdf3.o)
 .ARM.attributes
                0x00000cb6       0x22 C:/ST/STM32CubeIDE_1.16.1/STM32CubeIDE/plugins/com.st.stm32cube.ide.mcu.externaltools.gnu-tools-for-stm32.12.3.rel1.win32_1.1.0.202410251130/tools/bin/../lib/gcc/arm-none-eabi/12.3.1/thumb/v7e-m+fp/hard\libgcc.a(_arm_truncdfsf2.o)
 .ARM.attributes
                0x00000cd8       0x22 C:/ST/STM32CubeIDE_1.16.1/STM32CubeIDE/plugins/com.st.stm32cube.ide.mcu.externaltools.gnu-tools-for-stm32.12.3.rel1.win32_1.1.0.202410251130/tools/bin/../lib/gcc/arm-none-eabi/12.3.1/thumb/v7e-m+fp/hard\libgcc.a(_aeabi_uldivmod.o)
 .ARM.attributes
                0x00000cfa       0x34 C:/ST/STM32CubeIDE_1.16.1/STM32CubeIDE/plugins/com.st.stm32cube.ide.mcu.externaltools.gnu-tools-for-stm32.12.3.rel1.win32_1.1.0.202410251130/tools/bin/../lib/gcc/arm-none-eabi/12.3.1/thumb/v7e-m+fp/hard\libgcc.a(_udivmoddi4.o)
 .ARM.attributes
                0x00000d2e       0x22 C:/ST/STM32CubeIDE_1.16.1/STM32CubeIDE/plugins/com.st.stm32cube.ide.mcu.externaltools.gnu-tools-for-stm32.12.3.rel1.win32_1.1.0.202410251130/tools/bin/../lib/gcc/arm-none-eabi/12.3.1/thumb/v7e-m+fp/hard\libgcc.a(_dvmd_tls.o)
 .ARM.attributes
                0x00000d50       0x22 C:/ST/STM32CubeIDE_1.16.1/STM32CubeIDE/plugins/com.st.stm32cube.ide.mcu.externaltools.gnu-tools-for-stm32.12.3.rel1.win32_1.1.0.202410251130/tools/bin/../lib/gcc/arm-none-eabi/12.3.1/thumb/v7e-m+fp/hard/crtn.o
OUTPUT(Light_Intensity.elf elf32-littlearm)
LOAD linker stubs
LOAD C:/ST/STM32CubeIDE_1.16.1/STM32CubeIDE/plugins/com.st.stm32cube.ide.mcu.externaltools.gnu-tools-for-stm32.12.3.rel1.win32_1.1.0.202410251130/tools/bin/../lib/gcc/arm-none-eabi/12.3.1/../../../../arm-none-eabi/lib/thumb/v7e-m+fp/hard\libc.a
LOAD C:/ST/STM32CubeIDE_1.16.1/STM32CubeIDE/plugins/com.st.stm32cube.ide.mcu.externaltools.gnu-tools-for-stm32.12.3.rel1.win32_1.1.0.202410251130/tools/bin/../lib/gcc/arm-none-eabi/12.3.1/../../../../arm-none-eabi/lib/thumb/v7e-m+fp/hard\libm.a
LOAD C:/ST/STM32CubeIDE_1.16.1/STM32CubeIDE/plugins/com.st.stm32cube.ide.mcu.externaltools.gnu-tools-for-stm32.12.3.rel1.win32_1.1.0.202410251130/tools/bin/../lib/gcc/arm-none-eabi/12.3.1/thumb/v7e-m+fp/hard\libgcc.a

.debug_info     0x00000000    0x1ce66
 .debug_info    0x00000000      0x73b ./Components/Src/bh1750.o
 .debug_info    0x0000073b      0x68e ./Components/Src/bh1750_config.o
 .debug_info    0x00000dc9      0x33a ./Components/Src/btn.o
 .debug_info    0x00001103      0x23d ./Components/Src/btn_config.o
 .debug_info    0x00001340      0x2d6 ./Components/Src/dio.o
 .debug_info    0x00001616      0x6a0 ./Components/Src/disp.o
 .debug_info    0x00001cb6      0x2df ./Components/Src/disp_config.o
 .debug_info    0x00001f95      0xcc3 ./Components/Src/lcd.o
 .debug_info    0x00002c58      0x846 ./Components/Src/lcd_config.o
 .debug_info    0x0000349e      0xa51 ./Components/Src/led.o
 .debug_info    0x00003eef      0x890 ./Components/Src/led_config.o
 .debug_info    0x0000477f      0x7a7 ./Components/Src/pwm.o
 .debug_info    0x00004f26      0xcc9 ./Core/Src/adc.o
 .debug_info    0x00005bef      0x54a ./Core/Src/dma.o
 .debug_info    0x00006139      0x4b5 ./Core/Src/gpio.o
 .debug_info    0x000065ee      0xc23 ./Core/Src/i2c.o
 .debug_info    0x00007211     0x1d7e ./Core/Src/main.o
 .debug_info    0x00008f8f      0x28d ./Core/Src/stm32f7xx_hal_msp.o
 .debug_info    0x0000921c      0xd91 ./Core/Src/stm32f7xx_it.o
 .debug_info    0x00009fad      0x168 ./Core/Src/sysmem.o
 .debug_info    0x0000a115      0x6ed ./Core/Src/system_stm32f7xx.o
 .debug_info    0x0000a802     0x1019 ./Core/Src/tim.o
 .debug_info    0x0000b81b      0xf67 ./Core/Src/usart.o
 .debug_info    0x0000c782       0x30 ./Core/Startup/startup_stm32f746zgtx.o
 .debug_info    0x0000c7b2      0x9d8 ./Drivers/STM32F7xx_HAL_Driver/Src/stm32f7xx_hal.o
 .debug_info    0x0000d18a      0xc83 ./Drivers/STM32F7xx_HAL_Driver/Src/stm32f7xx_hal_adc.o
 .debug_info    0x0000de0d      0xaed ./Drivers/STM32F7xx_HAL_Driver/Src/stm32f7xx_hal_adc_ex.o
 .debug_info    0x0000e8fa      0xf7e ./Drivers/STM32F7xx_HAL_Driver/Src/stm32f7xx_hal_cortex.o
 .debug_info    0x0000f878      0x8e7 ./Drivers/STM32F7xx_HAL_Driver/Src/stm32f7xx_hal_dma.o
 .debug_info    0x0001015f      0x6e7 ./Drivers/STM32F7xx_HAL_Driver/Src/stm32f7xx_hal_gpio.o
 .debug_info    0x00010846     0x2138 ./Drivers/STM32F7xx_HAL_Driver/Src/stm32f7xx_hal_i2c.o
 .debug_info    0x0001297e      0x922 ./Drivers/STM32F7xx_HAL_Driver/Src/stm32f7xx_hal_i2c_ex.o
 .debug_info    0x000132a0      0x90e ./Drivers/STM32F7xx_HAL_Driver/Src/stm32f7xx_hal_pwr.o
 .debug_info    0x00013bae      0x8cd ./Drivers/STM32F7xx_HAL_Driver/Src/stm32f7xx_hal_pwr_ex.o
 .debug_info    0x0001447b      0x8dc ./Drivers/STM32F7xx_HAL_Driver/Src/stm32f7xx_hal_rcc.o
 .debug_info    0x00014d57      0x6bd ./Drivers/STM32F7xx_HAL_Driver/Src/stm32f7xx_hal_rcc_ex.o
 .debug_info    0x00015414     0x2abd ./Drivers/STM32F7xx_HAL_Driver/Src/stm32f7xx_hal_tim.o
 .debug_info    0x00017ed1     0x15bb ./Drivers/STM32F7xx_HAL_Driver/Src/stm32f7xx_hal_tim_ex.o
 .debug_info    0x0001948c     0x39da ./Drivers/STM32F7xx_HAL_Driver/Src/stm32f7xx_hal_uart.o

.debug_abbrev   0x00000000     0x4749
 .debug_abbrev  0x00000000      0x19f ./Components/Src/bh1750.o
 .debug_abbrev  0x0000019f      0x137 ./Components/Src/bh1750_config.o
 .debug_abbrev  0x000002d6      0x176 ./Components/Src/btn.o
 .debug_abbrev  0x0000044c      0x104 ./Components/Src/btn_config.o
 .debug_abbrev  0x00000550      0x190 ./Components/Src/dio.o
 .debug_abbrev  0x000006e0      0x1dc ./Components/Src/disp.o
 .debug_abbrev  0x000008bc      0x103 ./Components/Src/disp_config.o
 .debug_abbrev  0x000009bf      0x27f ./Components/Src/lcd.o
 .debug_abbrev  0x00000c3e      0x162 ./Components/Src/lcd_config.o
 .debug_abbrev  0x00000da0      0x1f8 ./Components/Src/led.o
 .debug_abbrev  0x00000f98      0x155 ./Components/Src/led_config.o
 .debug_abbrev  0x000010ed      0x1b3 ./Components/Src/pwm.o
 .debug_abbrev  0x000012a0      0x224 ./Core/Src/adc.o
 .debug_abbrev  0x000014c4      0x11b ./Core/Src/dma.o
 .debug_abbrev  0x000015df      0x152 ./Core/Src/gpio.o
 .debug_abbrev  0x00001731      0x217 ./Core/Src/i2c.o
 .debug_abbrev  0x00001948      0x2fb ./Core/Src/main.o
 .debug_abbrev  0x00001c43       0xd8 ./Core/Src/stm32f7xx_hal_msp.o
 .debug_abbrev  0x00001d1b      0x1c7 ./Core/Src/stm32f7xx_it.o
 .debug_abbrev  0x00001ee2       0xbc ./Core/Src/sysmem.o
 .debug_abbrev  0x00001f9e      0x13b ./Core/Src/system_stm32f7xx.o
 .debug_abbrev  0x000020d9      0x22e ./Core/Src/tim.o
 .debug_abbrev  0x00002307      0x22b ./Core/Src/usart.o
 .debug_abbrev  0x00002532       0x24 ./Core/Startup/startup_stm32f746zgtx.o
 .debug_abbrev  0x00002556      0x213 ./Drivers/STM32F7xx_HAL_Driver/Src/stm32f7xx_hal.o
 .debug_abbrev  0x00002769      0x252 ./Drivers/STM32F7xx_HAL_Driver/Src/stm32f7xx_hal_adc.o
 .debug_abbrev  0x000029bb      0x270 ./Drivers/STM32F7xx_HAL_Driver/Src/stm32f7xx_hal_adc_ex.o
 .debug_abbrev  0x00002c2b      0x31e ./Drivers/STM32F7xx_HAL_Driver/Src/stm32f7xx_hal_cortex.o
 .debug_abbrev  0x00002f49      0x264 ./Drivers/STM32F7xx_HAL_Driver/Src/stm32f7xx_hal_dma.o
 .debug_abbrev  0x000031ad      0x1d4 ./Drivers/STM32F7xx_HAL_Driver/Src/stm32f7xx_hal_gpio.o
 .debug_abbrev  0x00003381      0x260 ./Drivers/STM32F7xx_HAL_Driver/Src/stm32f7xx_hal_i2c.o
 .debug_abbrev  0x000035e1      0x19c ./Drivers/STM32F7xx_HAL_Driver/Src/stm32f7xx_hal_i2c_ex.o
 .debug_abbrev  0x0000377d      0x1c5 ./Drivers/STM32F7xx_HAL_Driver/Src/stm32f7xx_hal_pwr.o
 .debug_abbrev  0x00003942      0x1d5 ./Drivers/STM32F7xx_HAL_Driver/Src/stm32f7xx_hal_pwr_ex.o
 .debug_abbrev  0x00003b17      0x288 ./Drivers/STM32F7xx_HAL_Driver/Src/stm32f7xx_hal_rcc.o
 .debug_abbrev  0x00003d9f      0x1c9 ./Drivers/STM32F7xx_HAL_Driver/Src/stm32f7xx_hal_rcc_ex.o
 .debug_abbrev  0x00003f68      0x278 ./Drivers/STM32F7xx_HAL_Driver/Src/stm32f7xx_hal_tim.o
 .debug_abbrev  0x000041e0      0x283 ./Drivers/STM32F7xx_HAL_Driver/Src/stm32f7xx_hal_tim_ex.o
 .debug_abbrev  0x00004463      0x2e6 ./Drivers/STM32F7xx_HAL_Driver/Src/stm32f7xx_hal_uart.o

.debug_aranges  0x00000000     0x1648
 .debug_aranges
                0x00000000       0x28 ./Components/Src/bh1750.o
 .debug_aranges
                0x00000028       0x18 ./Components/Src/bh1750_config.o
 .debug_aranges
                0x00000040       0x38 ./Components/Src/btn.o
 .debug_aranges
                0x00000078       0x18 ./Components/Src/btn_config.o
 .debug_aranges
                0x00000090       0x40 ./Components/Src/dio.o
 .debug_aranges
                0x000000d0       0x90 ./Components/Src/disp.o
 .debug_aranges
                0x00000160       0x18 ./Components/Src/disp_config.o
 .debug_aranges
                0x00000178       0x80 ./Components/Src/lcd.o
 .debug_aranges
                0x000001f8       0x18 ./Components/Src/lcd_config.o
 .debug_aranges
                0x00000210       0x58 ./Components/Src/led.o
 .debug_aranges
                0x00000268       0x18 ./Components/Src/led_config.o
 .debug_aranges
                0x00000280       0x30 ./Components/Src/pwm.o
 .debug_aranges
                0x000002b0       0x30 ./Core/Src/adc.o
 .debug_aranges
                0x000002e0       0x20 ./Core/Src/dma.o
 .debug_aranges
                0x00000300       0x20 ./Core/Src/gpio.o
 .debug_aranges
                0x00000320       0x30 ./Core/Src/i2c.o
 .debug_aranges
                0x00000350       0x90 ./Core/Src/main.o
 .debug_aranges
                0x000003e0       0x20 ./Core/Src/stm32f7xx_hal_msp.o
 .debug_aranges
                0x00000400       0x88 ./Core/Src/stm32f7xx_it.o
 .debug_aranges
                0x00000488       0x20 ./Core/Src/sysmem.o
 .debug_aranges
                0x000004a8       0x28 ./Core/Src/system_stm32f7xx.o
 .debug_aranges
                0x000004d0       0x48 ./Core/Src/tim.o
 .debug_aranges
                0x00000518       0x30 ./Core/Src/usart.o
 .debug_aranges
                0x00000548       0x28 ./Core/Startup/startup_stm32f746zgtx.o
 .debug_aranges
                0x00000570      0x100 ./Drivers/STM32F7xx_HAL_Driver/Src/stm32f7xx_hal.o
 .debug_aranges
                0x00000670       0xe8 ./Drivers/STM32F7xx_HAL_Driver/Src/stm32f7xx_hal_adc.o
 .debug_aranges
                0x00000758       0x90 ./Drivers/STM32F7xx_HAL_Driver/Src/stm32f7xx_hal_adc_ex.o
 .debug_aranges
                0x000007e8      0x128 ./Drivers/STM32F7xx_HAL_Driver/Src/stm32f7xx_hal_cortex.o
 .debug_aranges
                0x00000910       0x90 ./Drivers/STM32F7xx_HAL_Driver/Src/stm32f7xx_hal_dma.o
 .debug_aranges
                0x000009a0       0x58 ./Drivers/STM32F7xx_HAL_Driver/Src/stm32f7xx_hal_gpio.o
 .debug_aranges
                0x000009f8      0x2a0 ./Drivers/STM32F7xx_HAL_Driver/Src/stm32f7xx_hal_i2c.o
 .debug_aranges
                0x00000c98       0x38 ./Drivers/STM32F7xx_HAL_Driver/Src/stm32f7xx_hal_i2c_ex.o
 .debug_aranges
                0x00000cd0       0xa0 ./Drivers/STM32F7xx_HAL_Driver/Src/stm32f7xx_hal_pwr.o
 .debug_aranges
                0x00000d70       0x80 ./Drivers/STM32F7xx_HAL_Driver/Src/stm32f7xx_hal_pwr_ex.o
 .debug_aranges
                0x00000df0       0x88 ./Drivers/STM32F7xx_HAL_Driver/Src/stm32f7xx_hal_rcc.o
 .debug_aranges
                0x00000e78       0x50 ./Drivers/STM32F7xx_HAL_Driver/Src/stm32f7xx_hal_rcc_ex.o
 .debug_aranges
                0x00000ec8      0x3e0 ./Drivers/STM32F7xx_HAL_Driver/Src/stm32f7xx_hal_tim.o
 .debug_aranges
                0x000012a8      0x178 ./Drivers/STM32F7xx_HAL_Driver/Src/stm32f7xx_hal_tim_ex.o
 .debug_aranges
                0x00001420      0x228 ./Drivers/STM32F7xx_HAL_Driver/Src/stm32f7xx_hal_uart.o

.debug_rnglists
                0x00000000     0x10d2
 .debug_rnglists
                0x00000000       0x19 ./Components/Src/bh1750.o
 .debug_rnglists
                0x00000019       0x25 ./Components/Src/btn.o
 .debug_rnglists
                0x0000003e       0x2b ./Components/Src/dio.o
 .debug_rnglists
                0x00000069       0x69 ./Components/Src/disp.o
 .debug_rnglists
                0x000000d2       0x5c ./Components/Src/lcd.o
 .debug_rnglists
                0x0000012e       0x3d ./Components/Src/led.o
 .debug_rnglists
                0x0000016b       0x20 ./Components/Src/pwm.o
 .debug_rnglists
                0x0000018b       0x21 ./Core/Src/adc.o
 .debug_rnglists
                0x000001ac       0x13 ./Core/Src/dma.o
 .debug_rnglists
                0x000001bf       0x14 ./Core/Src/gpio.o
 .debug_rnglists
                0x000001d3       0x21 ./Core/Src/i2c.o
 .debug_rnglists
                0x000001f4       0x6e ./Core/Src/main.o
 .debug_rnglists
                0x00000262       0x13 ./Core/Src/stm32f7xx_hal_msp.o
 .debug_rnglists
                0x00000275       0x61 ./Core/Src/stm32f7xx_it.o
 .debug_rnglists
                0x000002d6       0x13 ./Core/Src/sysmem.o
 .debug_rnglists
                0x000002e9       0x1a ./Core/Src/system_stm32f7xx.o
 .debug_rnglists