../Core/Src/main.c:84:6:displayDigitalOnSerialPort	168	static
../Core/Src/main.c:91:6:displayAnalogueOnSerialPort	168	static
../Core/Src/main.c:98:6:displayModeSelection	144	static
../Core/Src/main.c:103:6:displayOnLCD	8	static
../Core/Src/main.c:112:6:ModeSwitch	8	static
../Core/Src/main.c:120:6:ButtonControl	8	static
../Core/Src/main.c:131:6:RangeCheck	8	static
../Core/Src/main.c:150:6:controlRoutine	8	static
../Core/Src/main.c:161:6:HAL_TIM_PeriodElapsedCallback	16	static
../Core/Src/main.c:170:6:processPotentiometer	8	static
../Core/Src/main.c:180:6:IntegralRoutine	24	static
../Core/Src/main.c:195:6:HAL_UART_RxCpltCallback	16	static
../Core/Src/main.c:212:5:main	8	static
../Core/Src/main.c:278:6:SystemClock_Config	88	static
../Core/Src/main.c:338:6:Error_Handler	8	static,ignoring_inline_asm
