../Core/Src/main.c:84:6:displayDigitalOnSerialPort	168	static
../Core/Src/main.c:91:6:displayAnalogueOnSerialPort	168	static
../Core/Src/main.c:98:6:displayModeSelection	144	static
../Core/Src/main.c:103:6:displayOnLCD	8	static
../Core/Src/main.c:112:6:ModeSwitch	8	static
../Core/Src/main.c:120:6:ButtonControl	8	static
../Core/Src/main.c:131:6:RangeCheck	8	static
../Core/Src/main.c:147:6:controlRoutine	8	static
../Core/Src/main.c:159:6:HAL_TIM_PeriodElapsedCallback	16	static
../Core/Src/main.c:168:6:processPotentiometer	8	static
../Core/Src/main.c:178:6:IntegralRoutine	24	static
../Core/Src/main.c:208:6:HAL_UART_RxCpltCallback	16	static
../Core/Src/main.c:225:5:main	8	static
../Core/Src/main.c:291:6:SystemClock_Config	88	static
../Core/Src/main.c:351:6:Error_Handler	8	static,ignoring_inline_asm
